03-31 17:34:55.081  3525  4129 I CAE     : showListenerList(ContextAwareService.java:375) - Listener : com.samsung.android.contextaware.manager.ContextAwareService$Listener@dc9c523, Service : ACTIVITY_TRACKER(1)
03-31 17:34:55.081  3525  4129 I CAE     : showListenerList(ContextAwareService.java:375) - Listener : com.samsung.android.contextaware.manager.ContextAwareService$Listener@896ae3b, Service : AUTO_ROTATION(1)
03-31 17:34:55.081  3525  4129 I CAE     : showListenerList(ContextAwareService.java:375) - Listener : com.samsung.android.contextaware.manager.ContextAwareService$Listener@daeea85, Service : AUTO_BRIGHTNESS(1)
03-31 17:34:55.081  3525  4129 W CAE     : registerCallback(ContextAwareService.java:180) - [regi 02] Mutex is unlocked for AUTO_BRIGHTNESS
03-31 17:34:55.081  3525  4129 D SContextService: 	.registerCallback : 3, client=
03-31 17:34:55.081  3525  4129 D SContextService: ===== SContext Service List =====
03-31 17:34:55.081  3525  4129 D SContextService: Listener : android.hardware.scontext.SContextService$Listener@c37a035, Service : Activity Tracker
03-31 17:34:55.081  3525  4129 D PowerManagerUtil: Excessive delay in SensorHubAutoBrightnessEnabled::registerListener done: 38ms
03-31 17:34:55.081  3525  4129 D SContextService: Listener : android.hardware.scontext.SContextService$Listener@de05958, Service : Auto Rotation
03-31 17:34:55.081  3525  4129 D SContextService: Listener : android.hardware.scontext.SContextService$Listener@6cc90da, Service : Auto Brightness
03-31 17:34:55.081  3525  4129 D SContextManager:   .registerListener : listener = com.android.server.display.AutomaticBrightnessController$6@a09577d, service=Auto Brightness
03-31 17:34:55.081 22294 22328 W TimeWarp: VSync 13935131: eye=1,late=0.0ms,over=0.0ms,CPU=7.7ms,GPU>=0.8
03-31 17:34:55.081  3525  4130 D lights  : lcd : 140 +
03-31 17:34:55.081  3525  4130 D lights  : lcd : 140 -
03-31 17:34:55.081  3525  3636 D DisplayPowerController: animateScreenStateChange[0]: target=2
03-31 17:34:55.081  3525  3636 D DisplayPowerController: [Dual Screen Compatible] state[0] :2
03-31 17:34:55.081  3525  3636 D DisplayPowerController: getFinalBrightness : Summary is 255 -> 255
03-31 17:34:55.081  3525  3636 D DisplayPowerController: Animating brightness: target=255, rate=2000 (PSM:false, AB limit:(-1 ~ -1) MB Limit:(-1 ~ -1), mUsingVariableMaxManualBrightness)
03-31 17:34:55.081  3048  3048 D libEGL  : eglInitialize EGLDisplay = 0x7ff547d808
03-31 17:34:55.081  3048  3048 D libEGL  : eglInitialize EGLDisplay = 0x7ff547d808
03-31 17:34:55.091 22331 22331 W ResourcesManager: getTopLevelResources: /data/app/com.samsung.android.app.vr.input.service-1/base.apk / 1.0 running in com.samsung.android.app.vr.input.service rsrc of package com.samsung.android.app.vr.input.service
03-31 17:34:55.091  3525  3978 V WindowStateAnimator: Finishing drawing window Window{84d0721 u0 d0 com.lrz.NOMADGearvrT/oculus.MainActivity}: mDrawState=HAS_DRAWN
03-31 17:34:55.091 22294 22294 I Vsync   : Choreographer doFrame callback delayed by 13.7 milliseconds
03-31 17:34:55.091 22294 22294 I Timeline: Timeline: Activity_idle id: android.os.BinderProxy@52f7c7a time:236188669
03-31 17:34:55.091 22331 22331 I VRInputService[03/15/2017-08:42:20AM][2519860][/1.0.38/38]: at (BLEConnectionReceiverInit) [BLEConnectionReceiverRegister]
03-31 17:34:55.101 21339 21339 D FileManagerActivity: onSaveInstanceState
03-31 17:34:55.101 21339 21339 D FileManagerActivity: Interner Speicher
03-31 17:34:55.101 21339 21339 D i       : saveParameters
03-31 17:34:55.101  3525  4130 D lights  : lcd : 174 +
03-31 17:34:55.101  3525  4130 D lights  : lcd : 174 -
03-31 17:34:55.101  3525  3636 D DisplayPowerController: animateScreenStateChange[0]: target=2
03-31 17:34:55.101  3525  3636 D DisplayPowerController: [Dual Screen Compatible] state[0] :2
03-31 17:34:55.101  3525  3636 D DisplayPowerController: getFinalBrightness : Summary is 255 -> 255
03-31 17:34:55.101  3525  3636 D DisplayPowerController: Animating brightness: target=255, rate=2000 (PSM:false, AB limit:(-1 ~ -1) MB Limit:(-1 ~ -1), mUsingVariableMaxManualBrightness)
03-31 17:34:55.101 21339 21339 V ActivityThread: updateVisibility : ActivityRecord{5306ce0 token=android.os.BinderProxy@dcb23bc {com.asus.filemanager/com.asus.filemanager.activity.FileManagerActivity}} show : false
03-31 17:34:55.111 22294 22321 I App     : VrAppInterface::OneTimeInit()
03-31 17:34:55.111 22294 22321 I App     : IntentFromPackage: 
03-31 17:34:55.111 22294 22321 I App     : IntentJSON: 
03-31 17:34:55.111 22294 22321 I App     : IntentURI: file:///sdcard/Download/39409.ncfg
03-31 17:34:55.111 22294 22321 I OvrApp  : OneTimeInit, launchintentURI
03-31 17:34:55.111 22294 22321 I OvrApp  : file:///sdcard/Download/39409.ncfg
03-31 17:34:55.111 22294 22321 I OvrApp  : launchIntentURI==null
03-31 17:34:55.111 22294 22321 I OvrApp  : 0
03-31 17:34:55.111 22294 22321 I OvrApp  : OneTimeInit, launchintentURI
03-31 17:34:55.111 22294 22321 I OvrApp  : file:///sdcard/Download/39409.ncfg
03-31 17:34:55.111 22294 22321 I OvrApp  : OneTimeInit, 8
03-31 17:34:55.111 22294 22321 I OvrApp  : Error in NOMADGearvrT
03-31 17:34:55.111 22294 22321 I OvrApp  : <load config file start>
03-31 17:34:55.111 22294 22321 I OvrApp  : Error in NOMADGearvrT
03-31 17:34:55.111 22294 22321 I OvrApp  : <load config file start, before readAtomsJsonURL>
03-31 17:34:55.111 22294 22321 I OvrApp  : Error in NOMADGearvrT
03-31 17:34:55.111 22294 22321 I OvrApp  : <readAtomsJsonURL start>
03-31 17:34:55.111  3059  3697 D EnterpriseController: netId is 0
03-31 17:34:55.111  3059  3697 D Netd    : getNetworkForDns: using netid 503 for uid 10264
03-31 17:34:55.111  3525  4034 D NetworkPolicy: isUidForegroundLocked: 10226, mScreenOn: true, uidstate: 13, mProxSensorScreenOff: false
03-31 17:34:55.131  3525  4130 D lights  : lcd : 208 +
03-31 17:34:55.131  3525  4130 D lights  : lcd : 208 -
03-31 17:34:55.131  3525  3636 D DisplayPowerController: animateScreenStateChange[0]: target=2
03-31 17:34:55.131 22331 22331 I VRInputService[03/15/2017-08:42:20AM][2519860][/1.0.38/38]: at (SamsungVRInputService) [onBind() intent=Intent { cmp=com.samsung.android.app.vr.input.service/.SamsungVRInputService }]
03-31 17:34:55.131  3525  3636 D DisplayPowerController: [Dual Screen Compatible] state[0] :2
03-31 17:34:55.131  3525  3636 D DisplayPowerController: getFinalBrightness : Summary is 255 -> 255
03-31 17:34:55.131  3525  3636 D DisplayPowerController: Animating brightness: target=255, rate=2000 (PSM:false, AB limit:(-1 ~ -1) MB Limit:(-1 ~ -1), mUsingVariableMaxManualBrightness)
03-31 17:34:55.131 22331 22331 I VRInputService[03/15/2017-08:42:20AM][2519860][/1.0.38/38]: at (SamsungVRInputService) [onStartCommand() flags=0 startId=1]
03-31 17:34:55.131 22331 22342 E VRInputService[03/15/2017-08:42:20AM][2519860][/1.0.38/38]: at (SamsungVRInputService) [RegisterCallback : Pid:[22294],Uid:[10264], PackageName:[com.lrz.NOMADGearvrT]]
03-31 17:34:55.131 22331 22342 D VRInputService[03/15/2017-08:42:20AM][2519860][/1.0.38/38]: at (MSMManager) [setStateMSM: STATE_MSM_DISABLE]
03-31 17:34:55.131 22331 22342 D VRInputService[03/15/2017-08:42:20AM][2519860][/1.0.38/38]: at (MSMSplitUpdater) [createMemoryFile()]
03-31 17:34:55.131 22331 22331 E VRInputService[03/15/2017-08:42:20AM][2519860][/1.0.38/38]: at (BLECommonState) [setStateBLE: BLE CONNECTING... result:BLE CONNECTING...]
03-31 17:34:55.131 22331 22342 I VRInputService[03/15/2017-08:42:20AM][2519860][/1.0.38/38]: at (KeyDataManager) [putAppKeyData currentPos: 1, Total Size: 1]
03-31 17:34:55.131 22294 22294 I MLBUBleRemote: Connection State : 0
03-31 17:34:55.131 22294 22294 D MLBUBleRemote: Device disconnected
03-31 17:34:55.131 22294 22294 I VrApi   : Error setting remote button state for hardware id 1
03-31 17:34:55.131  3525  4130 D lights  : lcd : 242 +
03-31 17:34:55.131  3525  3636 D DisplayPowerController: animateScreenStateChange[0]: target=2
03-31 17:34:55.131  3525  4130 D lights  : lcd : 242 -
03-31 17:34:55.131  3525  3636 D DisplayPowerController: [Dual Screen Compatible] state[0] :2
03-31 17:34:55.131  3525  3636 D DisplayPowerController: getFinalBrightness : Summary is 255 -> 255
03-31 17:34:55.131  3525  3636 D DisplayPowerController: Animating brightness: target=255, rate=2000 (PSM:false, AB limit:(-1 ~ -1) MB Limit:(-1 ~ -1), mUsingVariableMaxManualBrightness)
03-31 17:34:55.141 22331 22331 I VRInputService[03/15/2017-08:42:20AM][2519860][/1.0.38/38]: at (BLECommonConnectionInit) [Bluetooth Off State.]
03-31 17:34:55.141 22331 22331 E VRInputService[03/15/2017-08:42:20AM][2519860][/1.0.38/38]: at (BLECommonState) [setStateBLE: BLE DISCONNECTED result:Bluetooth Off or Device not found]
03-31 17:34:55.141 22331 22331 I VRInputService[03/15/2017-08:42:20AM][2519860][/1.0.38/38]: at (BLECommonConnectionInit) [Device is exist. It can not use.]
03-31 17:34:55.141  3059  3697 D EnterpriseController: netId is 0
03-31 17:34:55.141  3059  3697 D Netd    : getNetworkForDns: using netid 503 for uid 10216
03-31 17:34:55.151  3525  4130 D lights  : lcd : 255 +
03-31 17:34:55.151  3525  3636 D DisplayPowerController: animateScreenStateChange[0]: target=2
03-31 17:34:55.151  3525  4130 D lights  : lcd : 255 -
03-31 17:34:55.151  3525  3636 D DisplayPowerController: [Dual Screen Compatible] state[0] :2
03-31 17:34:55.151  3525  3636 D DisplayPowerController: getFinalBrightness : Summary is 255 -> 255
03-31 17:34:55.151  3525  3636 D DisplayPowerController: Animating brightness: target=255, rate=2000 (PSM:false, AB limit:(-1 ~ -1) MB Limit:(-1 ~ -1), mUsingVariableMaxManualBrightness)
03-31 17:34:55.151  3525  3636 D DisplayPowerController: animateScreenStateChange[0]: target=2
03-31 17:34:55.151  3525  3636 D DisplayPowerController: [Dual Screen Compatible] state[0] :2
03-31 17:34:55.151  3525  3636 D DisplayPowerController: getFinalBrightness : Summary is 255 -> 255
03-31 17:34:55.151  3525  3636 D DisplayPowerController: Animating brightness: target=255, rate=2000 (PSM:false, AB limit:(-1 ~ -1) MB Limit:(-1 ~ -1), mUsingVariableMaxManualBrightness)
03-31 17:34:55.151 22294 22294 D MLBUBleRemote: getGyroBiasFromProvider(0): 0.0 0.0 0.0
03-31 17:34:55.171 22294 22294 D MLBUBleRemote: getMagBiasFromProvider(0): 0.0 0.0 0.0 0.0
03-31 17:34:55.171 22331 22342 D VRInputService[03/15/2017-08:42:20AM][2519860][/1.0.38/38]: at (MSMManager) [setStateMSM: STATE_MSM_ENABLE]
03-31 17:34:55.171 22294 22294 D MLBUBleRemote: onServiceConnected connected
03-31 17:34:55.171 22294 22294 I Vsync   : Vsync 13935136: Choreographer:  3 x 16.93 ms (59.11 Hz, at 236188.742)
03-31 17:34:55.191  3078  3143 D Sensorhubs: readContextData: 1, 1, 48, 0, 0, 0, 97, 0, 0, 0, -94
03-31 17:34:55.191  3525  3928 D SensorHubManager: onGetSensorHubDataLocked: library(11) = 1, 1, 48, 0, 0, 0, 97, 0, 0, 0, -94
03-31 17:34:55.191  3525  3927 D CAE     : onGetSensorHubData(SensorHubParserProvider.java:92) - onGetSensorHubData Event [event buffer len :11], AP_WAKEUP
03-31 17:34:55.191  3525  3927 I CAE     : parse(SensorHubParserProvider.java:188) - buffer size = 11
03-31 17:34:55.191  3525  3927 I CAE     : parse(SensorHubParserProvider.java:199) - 1, 1, 48, 0, 0, 0, 97, 0, 0, 0, -94,
03-31 17:34:55.191  3525  3927 D CAE     : display(ContextProvider.java:375) - ================= AUTO_BRIGHTNESS =================
03-31 17:34:55.191  3525  3927 I CAE     : display(ContextProvider.java:391) - Candela=[97], AmbientLux=[162]
03-31 17:34:55.191  3525  3930 D SContextService: updateSContext() : event = Auto Brightness
03-31 17:34:55.191  3525  4129 D AutomaticBrightnessController: [DAB] onSensorHubChanged : 1st lux = 162.0, 1st candela = 97.0
03-31 17:34:55.191  3525  4129 D AutomaticBrightnessController: [DAB] updateAutoBrightnessSEC : 97(97.0)    16.0 < 162.0 < 481.0 (0.0)
03-31 17:34:55.191  3525  4129 D AutomaticBrightnessController: mCallbacks.updateBrightness()
03-31 17:34:55.191  3525  4129 D PowerManagerUtil: fileWriteInt to /sys/class/tcon/tcon/auto_br, 1
03-31 17:34:55.191  3525  3636 D DisplayPowerController: animateScreenStateChange[0]: target=2
03-31 17:34:55.191  3525  3636 D DisplayPowerController: [Dual Screen Compatible] state[0] :2
03-31 17:34:55.191  3525  3636 D PowerManagerUtil: fileWriteInt to /sys/class/lcd/panel/lux, 162
03-31 17:34:55.191  3525  4129 D PowerManagerUtil: fileWriteInt to /sys/class/backlight/panel/auto_brightness, 3
03-31 17:34:55.191  3525  3636 D DisplayPowerController: getFinalBrightness : Summary is 255 -> 255
03-31 17:34:55.191  3525  3636 D DisplayPowerController: Animating brightness: target=255, rate=2000 (PSM:false, AB limit:(-1 ~ -1) MB Limit:(-1 ~ -1), mUsingVariableMaxManualBrightness)
03-31 17:34:55.191  3525  4129 D PowerManagerUtil: fileWriteInt to /sys/class/mdnie/mdnie/auto_brightness, 3
03-31 17:34:55.231  3048  3233 I SurfaceFlinger: id=5329 Removed OOMADGearvr (7/9)
03-31 17:34:55.231  3048  3231 I SurfaceFlinger: id=5329 Removed OOMADGearvr (-2/9)
03-31 17:34:55.251  3048  3048 D libEGL  : eglTerminate EGLDisplay = 0x7ff547d938
03-31 17:34:55.261 17370 17370 D Recents : onTaskStackChanged
03-31 17:34:55.261  3059  3697 D EnterpriseController: netId is 0
03-31 17:34:55.261  3059  3697 D Netd    : getNetworkForDns: using netid 503 for uid 10264
03-31 17:34:55.291  3525  6616 W ResourcesManager: getTopLevelResources: /data/app/com.asus.filemanager-2/base.apk / 1.0 running in null rsrc of package com.asus.filemanager
03-31 17:34:55.291  3525  6616 D ResourcesManager: For user 0 new overlays fetched Null
03-31 17:34:55.341  3525  3525 D CustomFrequencyManagerService: releaseDVFSLockLocked : Getting Lock type frm List : DVFS_MIN_LIMIT  frequency : 1800000  uid : 1000  pid : 3525  tag : ACTIVITY_RESUME_BOOSTER@9
03-31 17:34:55.981 22294 22329 I OVR     : SFUSION IMU DELAYED: prediction dt: 236189.522635. Time requested: 236189.522635. Last time processed: 0.000000
03-31 17:34:55.981 22294 22329 I VrApi   : FPS=0,Prd=0ms,Tear=0,Early=0,Stale=0,VSnc=1,Lat=0,CPU4/GPU=-1/-1,2100/266MHz,OC=FF,TA=F0/F0/0/0,SP=F/F/N/N,Mem=1552MHz,Free=463MB,PSM=0,PLS=0,Temp=32.8C/30.0C
03-31 17:34:56.031 22294 22321 I OvrApp  : Error in NOMADGearvrT
03-31 17:34:56.031 22294 22321 I OvrApp  : <readAtomsJsonURL before return>
03-31 17:34:56.031 22294 22321 I OvrApp  : Error in NOMADGearvrT
03-31 17:34:56.031 22294 22321 I OvrApp  : <readAtomsJson start>
03-31 17:34:56.031 22294 22321 I OvrApp  : Error in NOMADGearvrT
03-31 17:34:56.031 22294 22321 I OvrApp  : <readAtomsJson, end>
03-31 17:34:56.031 22294 22321 I OvrApp  : Error in NOMADGearvrT
03-31 17:34:56.031 22294 22321 I OvrApp  : <load config file start, after readAtomsJsonURL>
03-31 17:34:56.031 22294 22321 F libc    : Fatal signal 11 (SIGSEGV), code 1, fault addr 0x0 in tid 22321 (OVR::VrThread)
03-31 17:34:56.081 15922 15922 F DEBUG   : *** *** *** *** *** *** *** *** *** *** *** *** *** *** *** ***
03-31 17:34:56.081 15922 15922 F DEBUG   : Build fingerprint: 'samsung/zerofltexx/zeroflte:6.0.1/MMB29K/G920FXXU5DQA7:user/release-keys'
03-31 17:34:56.091 15922 15922 F DEBUG   : Revision: '11'
03-31 17:34:56.091 15922 15922 F DEBUG   : ABI: 'arm'
03-31 17:34:56.091 15922 15922 F DEBUG   : pid: 22294, tid: 22321, name: OVR::VrThread  >>> com.lrz.NOMADGearvrT <<<
03-31 17:34:56.091 15922 15922 F DEBUG   : signal 11 (SIGSEGV), code 1 (SEGV_MAPERR), fault addr 0x0
03-31 17:34:56.111 15922 15922 F DEBUG   :     r0 00000001  r1 00000000  r2 00004001  r3 00000000
03-31 17:34:56.111 15922 15922 F DEBUG   :     r4 f3648b30  r5 f3608d10  r6 de259ca8  r7 de259ca0
03-31 17:34:56.111 15922 15922 F DEBUG   :     r8 f6e2d050  r9 de259cd0  sl ffffef94  fp ffffef90
03-31 17:34:56.111 15922 15922 F DEBUG   :     ip f3648b3c  sp de259c40  lr f6de4df7  pc f354e968  cpsr 20070010
03-31 17:34:56.111 15922 15922 F DEBUG   : 
03-31 17:34:56.111 15922 15922 F DEBUG   : backtrace:
03-31 17:34:56.111 15922 15922 F DEBUG   :     #00 pc 00027968  /data/app/com.lrz.NOMADGearvrT-1/lib/arm/libovrapp.so (_Z14loadConfigFilePKc+1368)
03-31 17:34:56.111 15922 15922 F DEBUG   :     #01 pc 00022fbc  /data/app/com.lrz.NOMADGearvrT-1/lib/arm/libovrapp.so (_ZN14OvrTemplateApp6OvrApp11OneTimeInitEPKcS2_S2_+324)
03-31 17:34:56.111 15922 15922 F DEBUG   :     #02 pc 0006a9cc  /data/app/com.lrz.NOMADGearvrT-1/lib/arm/libovrapp.so (_ZN3OVR8AppLocal11EnterVrModeEv+340)
03-31 17:34:56.111 15922 15922 F DEBUG   :     #03 pc 0006ed24  /data/app/com.lrz.NOMADGearvrT-1/lib/arm/libovrapp.so (_ZN3OVR8AppLocal19HandleVrModeChangesEv+72)
03-31 17:34:56.111 15922 15922 F DEBUG   :     #04 pc 0006b7d0  /data/app/com.lrz.NOMADGearvrT-1/lib/arm/libovrapp.so (_ZN3OVR8AppLocal7CommandEPKc+384)
03-31 17:34:56.111 15922 15922 F DEBUG   :     #05 pc 0006c3cc  /data/app/com.lrz.NOMADGearvrT-1/lib/arm/libovrapp.so (_ZN3OVR8AppLocal16VrThreadFunctionEv+1188)
03-31 17:34:56.111 15922 15922 F DEBUG   :     #06 pc 0006d568  /data/app/com.lrz.NOMADGearvrT-1/lib/arm/libovrapp.so (_ZN3OVR8AppLocal13ThreadStarterEPNS_6ThreadEPv+8)
03-31 17:34:56.111 15922 15922 F DEBUG   :     #07 pc 000a3aa4  /data/app/com.lrz.NOMADGearvrT-1/lib/arm/libovrapp.so
03-31 17:34:56.111 15922 15922 F DEBUG   :     #08 pc 000a3eac  /data/app/com.lrz.NOMADGearvrT-1/lib/arm/libovrapp.so
03-31 17:34:56.111 15922 15922 F DEBUG   :     #09 pc 0003fc63  /system/lib/libc.so (_ZL15__pthread_startPv+30)
03-31 17:34:56.111 15922 15922 F DEBUG   :     #10 pc 0001a39b  /system/lib/libc.so (__start_thread+6)
03-31 17:34:56.301 15922 15922 F DEBUG   : 
03-31 17:34:56.301 15922 15922 F DEBUG   : Tombstone written to: /data/tombstones/tombstone_02
03-31 17:34:56.301  3525 22358 W ActivityManager:   Force finishing activity com.lrz.NOMADGearvrT/oculus.MainActivity
03-31 17:34:56.301 15922 15922 E DEBUG   : AM write failed: Broken pipe
03-31 17:34:56.301 15922 15922 E         : ro.product_ship = true
03-31 17:34:56.301 15922 15922 E         : ro.debug_level = 0x4f4c
03-31 17:34:56.301 15922 15922 E         : sys.mobilecare.preload = false
03-31 17:34:56.301 22294 22294 I Vsync   : Choreographer doFrame callback delayed by 3.3 milliseconds
03-31 17:34:56.301 22294 22294 I Vsync   : Vsync 13935203: Choreographer: 13 x 16.94 ms (59.19 Hz, at 236189.875)
03-31 17:34:56.301  3525  3624 I BootReceiver: Copying /data/tombstones/tombstone_02 to DropBox (SYSTEM_TOMBSTONE)
03-31 17:34:56.301  5328  5328 E audit   : type=1701 msg=audit(1490974496.301:1620): auid=4294967295 uid=10264 gid=10264 ses=4294967295 subj=u:r:untrusted_app:s0:c512,c768 pid=22321 comm="OVR::VrThread" reason="memory violation" sig=11
03-31 17:34:56.301  3525 22358 D InputDispatcher: Focused application set to: xxxx
03-31 17:34:56.311  3525  3610 W ResourcesManager: getTopLevelResources: /data/app/com.lrz.NOMADGearvrT-1/base.apk / 1.0 running in null rsrc of package com.lrz.NOMADGearvrT
03-31 17:34:56.311  3525  3610 D ViewRootImpl: #1 mView = com.android.internal.policy.PhoneWindow$DecorView{b7ae2 V.E...... R.....I. 0,0-0,0}
03-31 17:34:56.311  3525  3610 D ISSUE_DEBUG: InputChannelName : 7817130 Application Error: com.lrz.NOMADGearvrT
03-31 17:34:56.311  3525  3610 V MARsPolicyManager: handelAlertToastWindowStarted pkgName = android
03-31 17:34:56.321  3525  3610 D InputDispatcher: Focus left window: 22294
03-31 17:34:56.321  3525  3610 D InputDispatcher: Focus entered window: 3525
03-31 17:34:56.321  3525  3631 D PointerIcon: setMouseIconStyle1 pointerType: 1001 iconType:101 flag:0 pid:3525 uid:1000
03-31 17:34:56.321  3525  3631 D PointerIcon: setMouseCustomIcon IconType is same.101
03-31 17:34:56.321  3525  3606 V BroadcastQueue: [background] Process cur broadcast BroadcastRecord{dba01a9 u0 android.intent.action.DROPBOX_ENTRY_ADDED qIdx=4}, state= (APP_RECEIVE) DELIVERED for app ProcessRecord{14d5795 21898:com.samsung.android.sm/1000}
03-31 17:34:56.321 21898 21898 W ContextImpl: Calling a method in the system process without a qualified user: android.app.ContextImpl.startService:1305 android.content.ContextWrapper.startService:606 android.content.ContextWrapper.startService:606 com.samsung.android.sm.common.SmartManagerReceiver.b:259 com.samsung.android.sm.common.SmartManagerReceiver.onReceive:107 
03-31 17:34:56.331  3525  4017 V BroadcastQueue: [background] Process cur broadcast BroadcastRecord{dba01a9 u0 android.intent.action.DROPBOX_ENTRY_ADDED qIdx=4}, state= (APP_RECEIVE) DELIVERED for app ProcessRecord{f3a1a66 17562:com.google.android.gms.persistent/u0a11}
03-31 17:34:56.331  3048  3048 I SurfaceFlinger: id=5332 createSurf (193x193),1 flag=4, OOMADGearvr
03-31 17:34:56.341  3525  4017 V BroadcastQueue: [background] Process cur broadcast BroadcastRecord{dba01a9 u0 android.intent.action.DROPBOX_ENTRY_ADDED qIdx=4}, state= (APP_RECEIVE) DELIVERED for app ProcessRecord{72d4128 17735:com.google.android.gms/u0a11}
03-31 17:34:56.351  3525  4133 D libEGL  : eglInitialize EGLDisplay = 0x7f66ad8178
03-31 17:34:56.351  3525  4133 I OpenGLRenderer: Initialized EGL, version 1.4
03-31 17:34:56.351  3525  4133 D         : ro.exynos.dss isEnabled: 0
03-31 17:34:56.351  3525  4133 D mali_winsys: new_window_surface returns 0x3000,  [1888x807]-format:1
03-31 17:34:56.361  3525  4017 V BroadcastQueue: [background] Process cur broadcast BroadcastRecord{444705c u0 android.intent.action.DROPBOX_ENTRY_ADDED qIdx=4}, state= (APP_RECEIVE) DELIVERED for app ProcessRecord{14d5795 21898:com.samsung.android.sm/1000}
03-31 17:34:56.361  3525  3610 D StatusBarManagerService: manageDisableList userId=0 what=0x0 pkg=Window{7817130 u0 d0 Application Error: com.lrz.NOMADGearvrT}
03-31 17:34:56.361  3525  3610 D RestrictionPolicy: isStatusBarExpansionAllowedAsUser : true, userId = 0
03-31 17:34:56.371  3525  4017 V BroadcastQueue: [background] Process cur broadcast BroadcastRecord{444705c u0 android.intent.action.DROPBOX_ENTRY_ADDED qIdx=4}, state= (APP_RECEIVE) DELIVERED for app ProcessRecord{f3a1a66 17562:com.google.android.gms.persistent/u0a11}
03-31 17:34:56.371  3525  3610 D RestrictionPolicy: isStatusBarExpansionAllowedAsUser : true, userId = 0
03-31 17:34:56.371  3525  4017 V BroadcastQueue: [background] Process cur broadcast BroadcastRecord{444705c u0 android.intent.action.DROPBOX_ENTRY_ADDED qIdx=4}, state= (APP_RECEIVE) DELIVERED for app ProcessRecord{72d4128 17735:com.google.android.gms/u0a11}
03-31 17:34:56.381  3525  3610 W ContextImpl: Calling a method in the system process without a qualified user: android.app.ContextImpl.sendBroadcast:830 com.android.server.policy.PhoneWindowManager.notifyToSSRM:8657 com.android.server.policy.PhoneWindowManager.access$1500:309 com.android.server.policy.PhoneWindowManager$PolicyHandler.handleMessage:1208 android.os.Handler.dispatchMessage:102 
03-31 17:34:56.401  3525  3937 W InputDispatcher: channel ~ Consumer closed input channel or an error occurred.  events=0x9
03-31 17:34:56.401  3525  3937 E InputDispatcher: channel ~ Channel is unrecoverably broken and will be disposed!
03-31 17:34:56.401  3102  3102 I Zygote  : Process 22294 exited due to signal (11)
03-31 17:34:56.401  3525  3610 V WindowStateAnimator: Finishing drawing window Window{7817130 u0 d0 Application Error: com.lrz.NOMADGearvrT}: mDrawState=DRAW_PENDING
03-31 17:34:56.411  3525  3631 E JavaBinder: !!! FAILED BINDER TRANSACTION !!!  (parcel size = 64)
03-31 17:34:56.411  3525  3610 D ViewRootImpl: MSG_RESIZED_REPORT: ci=Rect(0, 0 - 0, 0) vi=Rect(0, 0 - 0, 0) or=2
03-31 17:34:56.411  3048  3048 D libEGL  : eglInitialize EGLDisplay = 0x7ff547d808
03-31 17:34:56.421  3525  3610 V WindowStateAnimator: Finishing drawing window Window{7817130 u0 d0 Application Error: com.lrz.NOMADGearvrT}: mDrawState=HAS_DRAWN
03-31 17:34:56.431  3048  3048 D libEGL  : eglInitialize EGLDisplay = 0x7ff547d808
03-31 17:34:56.441  3525  4019 I WindowState: WIN DEATH: Window{548cc64 u0 d0 SurfaceView}
03-31 17:34:56.441  3048  4399 D libEGL  : eglTerminate EGLDisplay = 0x7f9d526f88
03-31 17:34:56.441  3525  4039 D GraphicsStats: Buffer count: 7
03-31 17:34:56.441 22331 22341 E VRInputService[03/15/2017-08:42:20AM][2519860][/1.0.38/38]: at (SamsungVRInputService) [Client died. Removing callback mDeath Uid:10264, PackageName:com.lrz.NOMADGearvrT, HashTableSize:1]
03-31 17:34:56.441 22331 22341 I VRInputService[03/15/2017-08:42:20AM][2519860][/1.0.38/38]: at (MSMManager) [closeMemoryFile mf:android.os.MemoryFile@e6b8888]
03-31 17:34:56.441  3048  4399 D libEGL  : eglTerminate EGLDisplay = 0x7f9d526f88
03-31 17:34:56.441 22331 22341 I VRInputService[03/15/2017-08:42:20AM][2519860][/1.0.38/38]: at (KeyDataManager) [removeAppKeyData Uid:10264]
03-31 17:34:56.451  3525  3544 I ActivityManager: Process com.lrz.NOMADGearvrT (pid 22294)(adj 0) has died(61,416)
03-31 17:34:56.451  3525  3544 D ActivityManager: cleanUpApplicationRecord -- 22294
03-31 17:34:56.451  3525  3543 I WindowState: WIN DEATH: Window{84d0721 u0 d0 com.lrz.NOMADGearvrT/oculus.MainActivity}
03-31 17:34:56.451  3525  3543 W InputDispatcher: Attempted to unregister already unregistered input channel
03-31 17:34:56.451  3525  3544 D ActivityManager: isAutoRunBlockedApp:: com.lrz.NOMADGearvrT, Auto Run ON
03-31 17:34:56.451 22331 22331 I VRInputService[03/15/2017-08:42:20AM][2519860][/1.0.38/38]: at (SamsungVRInputService) [onUnbind() intent=Intent { cmp=com.samsung.android.app.vr.input.service/.SamsungVRInputService } uid:10265, pName:com.samsung.android.app.vr.input.service]
03-31 17:34:56.451  3525  3543 D PowerManagerService: [api] [s] userActivity : event: 0 flags: 0 (uid: 1000 pid: 3525) eventTime = 236190024
03-31 17:34:56.451  3525  3543 D PowerManagerService: [api] release WakeLock flags=0x2000000a tag=WindowManager uid=1000 pid=3525 (0x0)
03-31 17:34:56.451  3525  3543 D PowerManagerService: [api] applyWakeLockFlagsOnReleaseLocked : userActivityNoUpdateLocked is called : SCREEN_BRIGHT_WAKE_LOCK        'WindowManager' ON_AFTER_RELEASE (uid=1000, pid=3525, ws=WorkSource{10264}) (elapsedTime=1410)
03-31 17:34:56.451  3525  3543 D PowerManagerService: [api] setScreenBrightnessOverrideFromWindowManagerInternal: brightness: -1
03-31 17:34:56.451  3525  3543 D PowerManagerService: updateDisplayPowerStateLocked: Hide QuickPanel Brightness Bar: false
03-31 17:34:56.451  3525  3543 D SettingsProvider: isChangeAllowed() : name = pms_notification_panel_brightness_adjustment
03-31 17:34:56.451  3525  3543 D PowerManagerService: mDisplayReady: false
03-31 17:34:56.451  3525  3636 D DisplayPowerController: animateScreenStateChange[0]: target=2
03-31 17:34:56.451  3525  3636 D DisplayPowerController: [Dual Screen Compatible] state[0] :2
03-31 17:34:56.451  3525  3636 D DisplayPowerController: updatePowerState : mUsingVariableMaxManualBrightness : false
03-31 17:34:56.451  3525  3636 D PowerManagerUtil: fileWriteInt to /sys/class/tcon/tcon/auto_br, 0
03-31 17:34:56.451  3525  3636 D PowerManagerUtil: fileWriteInt to /sys/class/backlight/panel/auto_brightness, 0
03-31 17:34:56.451  3525  4129 D AutomaticBrightnessController: [DAB] setLightSensorEnabled : unregisterListenerRunnable
03-31 17:34:56.451  3525  4129 D SContextService: unregisterCallback() : Listener = android.hardware.scontext.SContextService$Listener@6cc90da, Service = Auto Brightness, used = 0
03-31 17:34:56.451  3525  4129 W CAE     : unregisterCallback(ContextAwareService.java:206) - [unregi 01] Mutex is locked for AUTO_BRIGHTNESS
03-31 17:34:56.451  3525  3636 D PowerManagerUtil: fileWriteInt to /sys/class/mdnie/mdnie/auto_brightness, 0
03-31 17:34:56.451  3525  4129 V CAE     : stop(ContextProvider.java:155)
03-31 17:34:56.451  3525  3636 D AutomaticBrightnessController: [DAB] no lux value from sensor manager
03-31 17:34:56.451  3525  3636 D DisplayPowerController: getFinalBrightness : Summary is 64 -> 64
03-31 17:34:56.451  3525  3636 D DisplayPowerController: Animating brightness: target=64, rate=2000 (PSM:false, AB limit:(-1 ~ -1) MB Limit:(-1 ~ -1))
03-31 17:34:56.451  3525  4129 V CAE     : clear(AutoBrightnessRunner.java:297)
03-31 17:34:56.451  3525  4129 V CAE     : disable(AutoBrightnessRunner.java:286)
03-31 17:34:56.451  3525  3636 D PowerManagerService: [s] DisplayPowerCallbacks : onStateChanged()
03-31 17:34:56.451  3525  3636 D PowerManagerService: mDisplayReady: true
03-31 17:34:56.451  3525  4129 I CAE     : sendCmdToSensorHub(SensorHubCommManager.java:162) - -78, 48, 0, 0,
03-31 17:34:56.451  3525  4129 D SensorHubManager: SendSensorHubData: send data = -78, 48, 0, 0
03-31 17:34:56.451  3525  3544 D CustomFrequencyManagerService: acquireDVFSLockLocked : type : DVFS_MIN_LIMIT  frequency : 1800000  uid : 1000  pid : 3525  pkgName : ACTIVITY_RESUME_BOOSTER@3
03-31 17:34:56.461  3078  3078 D Sensorhubs: sendContextData: -78, 48, 0, 0
03-31 17:34:56.461  3525  3544 D ActivityManager: mDVFSHelper.acquire()
03-31 17:34:56.461  3525  3544 D ActivityManager:  Launching com.asus.filemanager, updated priority
03-31 17:34:56.461  3525  4129 D CAE     : getFaultDetectionResult(AutoBrightnessRunner.java:311) - true
03-31 17:34:56.461  3525  4129 I CAE     : notifyCmdProcessResultObserver(ContextProvider.java:627) - CheckResult = 0, Cause = Success
03-31 17:34:56.471  3525  4130 D lights  : lcd : 231 +
03-31 17:34:56.471  3525  4130 D lights  : lcd : 231 -
03-31 17:34:56.471  3525  3636 D DisplayPowerController: animateScreenStateChange[0]: target=2
03-31 17:34:56.471  3525  3636 D DisplayPowerController: [Dual Screen Compatible] state[0] :2
03-31 17:34:56.471  3525  3636 D DisplayPowerController: getFinalBrightness : Summary is 64 -> 64
03-31 17:34:56.471  3525  3636 D DisplayPowerController: Animating brightness: target=64, rate=2000 (PSM:false, AB limit:(-1 ~ -1) MB Limit:(-1 ~ -1))
03-31 17:34:56.471  3525  3544 V WindowOrientationListener: setCurrentAppOrientation :-1
03-31 17:34:56.471  3525  3544 V WindowOrientationListener: OrientationSensorJudge.getProposedRotation, Rotation: -1
03-31 17:34:56.471  3525  3544 V WindowManager: rotationForOrientationLw(orient=-1, last=1); user=1  sensorRotation=-1 mLidState=-1 mDockMode=0 mHdmiPlugged=false mMobileKeyboardEnabled=false displayId=0
03-31 17:34:56.471  3525  3544 V WindowOrientationListener: OrientationSensorJudge.getProposedRotation, Rotation: -1
03-31 17:34:56.471  3525  3525 D GameManagerService: NotifyRunnable. pkg: com.asus.filemanager, type: 4, isMinimized: false, isTunableApp: false
03-31 17:34:56.471  3525  3606 V MARsPolicyManager: updatePackagesScore PackageInfo name -- com.asus.filemanager
03-31 17:34:56.471  3525  4129 D CAE     : doCommendProcess(ContextAwareService.java:433) - complete notify the operation result.
03-31 17:34:56.471  3525  4129 I CAE     : displayUsedCountForService(ContextAwareService.java:525) - totalCnt = 0, serviceCount = 0, subCollectionCount = 0
03-31 17:34:56.471  3525  4129 D CAE     : showListenerList(ContextAwareService.java:366) - ===== Context Aware Service List =====
03-31 17:34:56.471  3525  4129 I CAE     : showListenerList(ContextAwareService.java:375) - Listener : com.samsung.android.contextaware.manager.ContextAwareService$Listener@dc9c523, Service : ACTIVITY_TRACKER_CURRENT_INFO(1)
03-31 17:34:56.471  3525  4129 I CAE     : showListenerList(ContextAwareService.java:375) - Listener : com.samsung.android.contextaware.manager.ContextAwareService$Listener@dc9c523, Service : ACTIVITY_TRACKER(1)
03-31 17:34:56.471  3525  4129 I CAE     : showListenerList(ContextAwareService.java:375) - Listener : com.samsung.android.contextaware.manager.ContextAwareService$Listener@896ae3b, Service : AUTO_ROTATION(1)
03-31 17:34:56.471  3525  4129 W CAE     : unregisterCallback(ContextAwareService.java:241) - [unregi 02] Mutex is unlocked for AUTO_BRIGHTNESS
03-31 17:34:56.471  3525  4129 D SContextService: 	.unregisterCallback : 3, client=
03-31 17:34:56.471  3525  4129 D PowerManagerUtil: Excessive delay in SensorHubAutoBrightnessEnabled::unregisterListener done: 22ms
03-31 17:34:56.471  3525  4129 D SContextService: ===== SContext Service List =====
03-31 17:34:56.471  3525  4129 D SContextService: Listener : android.hardware.scontext.SContextService$Listener@c37a035, Service : Activity Tracker
03-31 17:34:56.471  3525  4129 D SContextService: Listener : android.hardware.scontext.SContextService$Listener@de05958, Service : Auto Rotation
03-31 17:34:56.471  3525  4129 D SContextManager:   .unregisterListener : listener = com.android.server.display.AutomaticBrightnessController$6@a09577d, service=Auto Brightness
03-31 17:34:56.481 22331 22341 D VRInputService[03/15/2017-08:42:20AM][2519860][/1.0.38/38]: at (Survey) [App LIFE=[com.lrz.NOMADGearvrT], bind LIFE=[1315][1,315]]
03-31 17:34:56.481  3525  4130 D lights  : lcd : 197 +
03-31 17:34:56.481  3525  4130 D lights  : lcd : 197 -
03-31 17:34:56.481  3525  3636 D DisplayPowerController: animateScreenStateChange[0]: target=2
03-31 17:34:56.481  3525  3636 D DisplayPowerController: [Dual Screen Compatible] state[0] :2
03-31 17:34:56.481  3525  3636 D DisplayPowerController: getFinalBrightness : Summary is 64 -> 64
03-31 17:34:56.481  3525  3636 D DisplayPowerController: Animating brightness: target=64, rate=2000 (PSM:false, AB limit:(-1 ~ -1) MB Limit:(-1 ~ -1))
03-31 17:34:56.481 21339 21339 D FileManagerActivity: onResume
03-31 17:34:56.481 21339 21339 D i       : loadParameters
03-31 17:34:56.481  3525  3606 V BroadcastQueue: [background] Process cur broadcast BroadcastRecord{358a9bf u0 com.samsung.android.providers.context.log.action.USE_APP_FEATURE_SURVEY qIdx=4}, state= (APP_RECEIVE) DELIVERED for app ProcessRecord{502b22b 5349:com.samsung.android.providers.context/u0a228}
03-31 17:34:56.491 22331 22331 E VRInputService[03/15/2017-08:42:20AM][2519860][/1.0.38/38]: at (SamsungVRInputService) [onDestroy()]
03-31 17:34:56.491  3525  4034 D NetworkPolicy: isUidForegroundLocked: 10264, mScreenOn: true, uidstate: 16, mProxSensorScreenOff: false
03-31 17:34:56.491  3525  6614 D GameManagerService: identifyGamePackage. com.asus.filemanager
03-31 17:34:56.491  3525  6614 D GameManagerService: identifyGamePackage. com.asus.filemanager
03-31 17:34:56.491  3525  4034 D NetworkPolicy: isUidForegroundLocked: 10226, mScreenOn: true, uidstate: 2, mProxSensorScreenOff: false
03-31 17:34:56.491  3525  4034 D NetworkPolicy: isUidForegroundLocked: 10213, mScreenOn: true, uidstate: 10, mProxSensorScreenOff: false
03-31 17:34:56.491 21339 21339 D test    : switchFragmentTo: FILE_LIST
03-31 17:34:56.501 21339 21339 D HomePageFragment: onResume
03-31 17:34:56.501 21339 21339 D HomePageFragment: loadAllCategoryCount
03-31 17:34:56.501 22331 22331 D VRInputService[03/15/2017-08:42:20AM][2519860][/1.0.38/38]: at (Survey) [VRService LIFE=[1428][1,428]]
03-31 17:34:56.501 22331 22331 I VRInputService[03/15/2017-08:42:20AM][2519860][/1.0.38/38]: at (BLEConnectionReceiverInit) [BLEConnectionReceiverUnregister]
03-31 17:34:56.501  3525  3544 D PackageManager: setEnabledSetting : userId = 0 packageName = com.asus.filemanager cmp = com.asus.filemanager.provider.GameAppProvider newState = 1 callingPackage = 10226
03-31 17:34:56.501  3525  4130 D lights  : lcd : 164 +
03-31 17:34:56.501  3525  4130 D lights  : lcd : 164 -
03-31 17:34:56.501  3525  3636 D DisplayPowerController: animateScreenStateChange[0]: target=2
03-31 17:34:56.501  3525  3636 D DisplayPowerController: [Dual Screen Compatible] state[0] :2
03-31 17:34:56.501  3525  3636 D DisplayPowerController: getFinalBrightness : Summary is 64 -> 64
03-31 17:34:56.501  3525  3636 D DisplayPowerController: Animating brightness: target=64, rate=2000 (PSM:false, AB limit:(-1 ~ -1) MB Limit:(-1 ~ -1))
03-31 17:34:56.501  3525  4019 D PackageManager: setEnabledSetting : userId = 0 packageName = com.asus.filemanager cmp = com.asus.filemanager.adapter.grouper.categoryparser.AppInstallReceiver newState = 2 callingPackage = 10226
03-31 17:34:56.511 21339 21339 D FileListFragment: onResume
03-31 17:34:56.511  3525  3606 V BroadcastQueue: [background] Process cur broadcast BroadcastRecord{932a88c u0 com.samsung.android.providers.context.log.action.USE_APP_FEATURE_SURVEY qIdx=4}, state= (APP_RECEIVE) DELIVERED for app ProcessRecord{502b22b 5349:com.samsung.android.providers.context/u0a228}
03-31 17:34:56.511 22331 22331 D VRInputService[03/15/2017-08:42:20AM][2519860][/1.0.38/38]: at (BLEConnectionReceiverInit) [isIntent: Intent { cmp=com.samsung.android.app.vr.input.service/.receiver.a } , isPendingIntent: null]
03-31 17:34:56.511 22331 22331 V VRInputService[03/15/2017-08:42:20AM][2519860][/1.0.38/38]: at (BLEConnection) [stop :BLE DISCONNECTED]
03-31 17:34:56.511 21339 21339 D StorageListAdapger: updateNavigationViewContent
03-31 17:34:56.511 21339 21339 D StorageListAdapger: highlightNavigationViewItem
03-31 17:34:56.511 21339 21339 D StorageListAdapger: invalidateNavigationView
03-31 17:34:56.511 21339 21339 I FileListFragment: onresume isSearching:false
03-31 17:34:56.511 21339 21339 D FileListFragment: startScanFile
03-31 17:34:56.511 21339 21339 D FileListFragment: resizeGridViewSpacing
03-31 17:34:56.511 21339 21339 D FileListFragment: scan file path :/sdcard/Download
03-31 17:34:56.521  3525  4130 D lights  : lcd : 130 +
03-31 17:34:56.521  3525  4130 D lights  : lcd : 130 -
03-31 17:34:56.521 22331 22331 I Process : Sending signal. PID: 22331 SIG: 9
03-31 17:34:56.521  3525  3636 D DisplayPowerController: animateScreenStateChange[0]: target=2
03-31 17:34:56.521  3525  3636 D DisplayPowerController: [Dual Screen Compatible] state[0] :2
03-31 17:34:56.521  3525  3636 D DisplayPowerController: getFinalBrightness : Summary is 64 -> 64
03-31 17:34:56.521  3525  3636 D DisplayPowerController: Animating brightness: target=64, rate=2000 (PSM:false, AB limit:(-1 ~ -1) MB Limit:(-1 ~ -1))
03-31 17:34:56.531  3525  4024 V AlarmManager:  remove PendingIntent] PendingIntent{2349bd5: PendingIntentRecord{fb4e57a com.google.android.gms broadcastIntent}}
03-31 17:34:56.531  3525  4130 D lights  : lcd : 96 +
03-31 17:34:56.531  3525  6614 D ConnectivityService: returning getNetworkInfo for network type 1 : [type: WIFI[] - WIFI, state: CONNECTED/CONNECTED, reason: (unspecified), extra: "eduroam", roaming: false, failover: false, isAvailable: true]
03-31 17:34:56.531  3525  4130 D lights  : lcd : 96 -
03-31 17:34:56.531  3525  3636 D DisplayPowerController: animateScreenStateChange[0]: target=2
03-31 17:34:56.531  3525  3636 D DisplayPowerController: [Dual Screen Compatible] state[0] :2
03-31 17:34:56.531  3525  3636 D DisplayPowerController: getFinalBrightness : Summary is 64 -> 64
03-31 17:34:56.531 21339 21339 D StorageListAdapger: updateNavigationViewContent
03-31 17:34:56.531  3525  3636 D DisplayPowerController: Animating brightness: target=64, rate=2000 (PSM:false, AB limit:(-1 ~ -1) MB Limit:(-1 ~ -1))
03-31 17:34:56.531 21339 21339 D StorageListAdapger: highlightNavigationViewItem
03-31 17:34:56.531 21339 21339 D StorageListAdapger: invalidateNavigationView
03-31 17:34:56.541 21339 21339 D FileListFragment: ===mFileLoader===null===is same path =true
03-31 17:34:56.541 21339 21339 D FileListFragment: ScanFileLoader onCreateLoader
03-31 17:34:56.541  3525  4045 I ActivityManager: Process com.samsung.android.app.vr.input.service (pid 22331)(adj 0) has died(64,416)
03-31 17:34:56.541  3525  4045 D ActivityManager: cleanUpApplicationRecord -- 22331
03-31 17:34:56.541  3525  4045 D ActivityManager: isAutoRunBlockedApp:: com.samsung.android.app.vr.input.service, Auto Run ON
03-31 17:34:56.541  3525  6614 D GameManagerService: identifyGamePackage. com.asus.filemanager
03-31 17:34:56.541 21339 21339 D SearchResultFragment: SearchResultFragment onResume
03-31 17:34:56.541 21339 21339 D StorageListAdapger: updateNavigationViewContent
03-31 17:34:56.541 21339 21339 D StorageListAdapger: highlightNavigationViewItem
03-31 17:34:56.541 21339 21339 D StorageListAdapger: invalidateNavigationView
03-31 17:34:56.551  3525  4021 D ActivityManager: post active user change for 0 fullscreen true isFloatingActivity() false isHomeActivity() false
03-31 17:34:56.551  3525  4021 D KnoxTimeoutHandler: postActiveUserChange [MsgParam] userId: 0 fullscreen is true showWhenlocked is false
03-31 17:34:56.551 21339 21339 I InjectionManager: dispatchCreateOptionsMenu :com.asus.filemanager.activity.FileManagerActivity
03-31 17:34:56.551 21339 21339 D FileListFragment: onCreateOptionsMenu
03-31 17:34:56.551  3525  3525 D KnoxTimeoutHandler: handleActiveUserChange [MsgParam] userId: 0 fullscreen is true showWhenlocked is false
03-31 17:34:56.551  3525  3525 I KnoxTimeoutHandler: Shared devices show user statefalse
03-31 17:34:56.551  3525  4130 D lights  : lcd : 64 +
03-31 17:34:56.551  3525  3636 D DisplayPowerController: animateScreenStateChange[0]: target=2
03-31 17:34:56.551  3525  4130 D lights  : lcd : 64 -
03-31 17:34:56.551  3525  3636 D DisplayPowerController: [Dual Screen Compatible] state[0] :2
03-31 17:34:56.551  3525  3636 D DisplayPowerController: getFinalBrightness : Summary is 64 -> 64
03-31 17:34:56.551  3525  3636 D DisplayPowerController: Animating brightness: target=64, rate=2000 (PSM:false, AB limit:(-1 ~ -1) MB Limit:(-1 ~ -1))
03-31 17:34:56.551  3525  3636 D DisplayPowerController: animateScreenStateChange[0]: target=2
03-31 17:34:56.551  3525  3636 D DisplayPowerController: [Dual Screen Compatible] state[0] :2
03-31 17:34:56.551  3525  3636 D DisplayPowerController: getFinalBrightness : Summary is 64 -> 64
03-31 17:34:56.551  3525  3636 D DisplayPowerController: Animating brightness: target=64, rate=2000 (PSM:false, AB limit:(-1 ~ -1) MB Limit:(-1 ~ -1))
03-31 17:34:56.561 21339 21339 D SAF     : ==isNeedToWriteSdBySaf= SDK_INT > 21, checking SAF activity
03-31 17:34:56.561 21339 21339 D SAF     : ==isNeedToWriteSdBySaf= SDK_INT > 21, checking write capability for path /storage/emulated/0
03-31 17:34:56.561 21339 21339 D SAF     : get write cap for path from cache = true
03-31 17:34:56.561 21339 21339 D SAF     : ==isNeedToWriteSdBySaf= false
03-31 17:34:56.561 21339 21339 W FileManagerApplication: storageVolume: path = /storage/emulated/0 need saf:false
03-31 17:34:56.561 21339 21339 W FileManagerApplication: storageVolume: path = /storage/Private need saf: no need
03-31 17:34:56.571 21339 21339 I InjectionManager: dispatchCreateOptionsMenu :com.asus.filemanager.activity.FileListFragment
03-31 17:34:56.571 21339 21339 I InjectionManager: dispatchPrepareOptionsMenu :com.asus.filemanager.activity.FileManagerActivity
03-31 17:34:56.571 21339 21339 D FileListFragment: onPrepareOptionsMenu
03-31 17:34:56.571 21339 21339 D SAF     : ==isNeedToWriteSdBySaf= SDK_INT > 21, checking SAF activity
03-31 17:34:56.571 21339 21339 D SAF     : ==isNeedToWriteSdBySaf= SDK_INT > 21, checking write capability for path /storage/emulated/0
03-31 17:34:56.571 21339 21339 D SAF     : get write cap for path from cache = true
03-31 17:34:56.571 21339 21339 D SAF     : ==isNeedToWriteSdBySaf= false
03-31 17:34:56.571 21339 21339 W FileManagerApplication: storageVolume: path = /storage/emulated/0 need saf:false
03-31 17:34:56.571 21339 21339 W FileManagerApplication: storageVolume: path = /storage/Private need saf: no need
03-31 17:34:56.571 21339 21339 I InjectionManager: dispatchPrepareOptionsMenu :com.asus.filemanager.activity.FileListFragment
03-31 17:34:56.571  3525  4024 V AlarmManager:  remove PendingIntent] PendingIntent{39f6fea: PendingIntentRecord{fb4e57a com.google.android.gms broadcastIntent}}
03-31 17:34:56.571  3048  3048 I SurfaceFlinger: id=5333 createSurf (2560x1440),1 flag=404, GileManager
03-31 17:34:56.571 21339 22082 D mali_winsys: new_window_surface returns 0x3000,  [2560x1440]-format:1
03-31 17:34:56.581 21339 21339 D FileListFragment: ScanFileLoader onLoadFinished
03-31 17:34:56.611  3525  3978 V WindowStateAnimator: Finishing drawing window Window{b5355a6 u0 d0 com.asus.filemanager/com.asus.filemanager.activity.FileManagerActivity}: mDrawState=DRAW_PENDING
03-31 17:34:56.611 21339 21339 D FileListFragment: handleMessage: MSG_LOAD_FINISHED_COMPLETE
03-31 17:34:56.611 21339 21339 D FileListFragment: numSelected : false
03-31 17:34:56.611  3525  3631 D KnoxTimeoutHandler: notifyActivityDrawn [MsgParam] userId: 0 fullscreen is true showWhenlocked is false
03-31 17:34:56.611  3525  3525 D KnoxTimeoutHandler: activityDrawn [MsgParam] userId: 0 fullscreen is true showWhenlocked is false
03-31 17:34:56.611  3525  3525 I KnoxTimeoutHandler: SD activityfalse
03-31 17:34:56.621  3048  3048 D libEGL  : eglInitialize EGLDisplay = 0x7ff547d808
03-31 17:34:56.621  3048  4399 I SurfaceFlinger: id=5330 Removed NainActivit (5/10)
03-31 17:34:56.621  3048  4683 I SurfaceFlinger: id=5330 Removed NainActivit (-2/10)
03-31 17:34:56.621  3048  3233 I SurfaceFlinger: id=5331 Removed TurfaceView (4/9)
03-31 17:34:56.621  3048  4389 I SurfaceFlinger: id=5331 Removed TurfaceView (-2/9)
03-31 17:34:56.621  3048  4399 I SurfaceFlinger: id=5331 Removed TurfaceView (-2/9)
03-31 17:34:56.621  3048  4399 I SurfaceFlinger: id=5330 Removed NainActivit (-2/9)
03-31 17:34:56.631  3048  3048 D libEGL  : eglTerminate EGLDisplay = 0x7ff547d938
03-31 17:34:56.631  3048  3048 D libEGL  : eglTerminate EGLDisplay = 0x7ff547d938
03-31 17:34:56.641  3048  3048 D libEGL  : eglInitialize EGLDisplay = 0x7ff547d808
03-31 17:34:56.641 21339 21339 I Timeline: Timeline: Activity_idle id: android.os.BinderProxy@dcb23bc time:236190211
03-31 17:34:56.651  3048  3048 D libEGL  : eglInitialize EGLDisplay = 0x7ff547d808
03-31 17:34:56.871  3525  3631 D CustomFrequencyManagerService: releaseDVFSLockLocked : Getting Lock type frm List : DVFS_MIN_LIMIT  frequency : 1800000  uid : 1000  pid : 3525  tag : ACTIVITY_RESUME_BOOSTER@3
03-31 17:34:56.871  3525  3631 I Timeline: Timeline: Activity_windows_visible id: ActivityRecord{9b3d6d2 u0 com.asus.filemanager/.activity.FileManagerActivity t658} time:236190446
03-31 17:34:56.871  3525  3631 D ActivityManager: mDVFSHelper.release()
03-31 17:34:56.871  3525  3606 D CustomFrequencyManagerService: acquireDVFSLockLocked : type : DVFS_MIN_LIMIT  frequency : 1800000  uid : 1000  pid : 3525  pkgName : ACTIVITY_RESUME_BOOSTER@9
03-31 17:34:56.871  3525  3631 D KnoxTimeoutHandler: notifyActivityDrawn [MsgParam] userId: 0 fullscreen is true showWhenlocked is false
03-31 17:34:56.871  3525  3525 D KnoxTimeoutHandler: activityDrawn [MsgParam] userId: 0 fullscreen is true showWhenlocked is false
03-31 17:34:56.871  3525  3525 I KnoxTimeoutHandler: SD activityfalse
03-31 17:34:57.171  3525  3525 D CustomFrequencyManagerService: releaseDVFSLockLocked : Getting Lock type frm List : DVFS_MIN_LIMIT  frequency : 1800000  uid : 1000  pid : 3525  tag : ACTIVITY_RESUME_BOOSTER@9
03-31 17:34:57.251  3067  3704 I audio_hw_primary: do_out_standby +
03-31 17:34:57.311  3067  3704 D audio_hw_primary: output_devices devices:0
03-31 17:34:57.311  3067  3704 D audio_hw_primary: output_devices devices:0
03-31 17:34:57.311  3067  3704 V audio_hw_primary: select_devices output_scenario:-1 input_scenario:-1 out_snd_device 0x0 in_snd_device:0x0
03-31 17:34:57.311  3067  3704 I audio_hw_primary: set_spk_rx_mute mute(1), rx val=0
03-31 17:34:57.321  3067  3704 I audio_route: 
03-31 17:34:57.321  3067  3704 I audio_route: > audio_route_reset :
03-31 17:34:57.321  3067  3704 I audio_route: 
03-31 17:34:57.321  3067  3704 I audio_route: > audio_route_update_mixer : +
03-31 17:34:57.321  3067  3704 I audio_route: > audio_route_update_mixer : changed(7) -
03-31 17:34:57.321  3067  3704 I audio_hw_primary: select_devices - 
03-31 17:34:57.321  3067  3704 I audio_hw_primary: do_out_standby -
03-31 17:34:57.341  3048  3048 D libEGL  : eglInitialize EGLDisplay = 0x7ff547d808
03-31 17:34:57.511  3525  3938 D InputReader: Input event(4): value=1 when=236191085303000
03-31 17:34:57.511  3525  3938 D InputReader: Input event(4): value=1 when=236191085303000
03-31 17:34:57.511  3525  3938 I InputReader: Touch event's action is 0x0 (deviceType=0) [pCnt=1, s=0.3178 ] when=236191085303000
03-31 17:34:57.511  3525  3938 D InputReader: lastThreadEndTime = 236187687398163, currentThreadStartTime = 236187687401955, diff = 0
03-31 17:34:57.511  3525  3937 I InputDispatcher: Delivering touch to (4181): action: 0x4, toolType: 1
03-31 17:34:57.511  3525  3937 I InputDispatcher: Delivering touch to (3525): action: 0x0, toolType: 1
03-31 17:34:57.511  3525  3610 D ViewRootImpl: ViewPostImeInputStage processPointer 0
03-31 17:34:57.581  3525  3938 D InputReader: Input event(4): value=0 when=236191152922000
03-31 17:34:57.581  3525  3938 D InputReader: Input event(4): value=0 when=236191152922000
03-31 17:34:57.581  3525  3938 I InputReader: Touch event's action is 0x1 (deviceType=0) [pCnt=1, s=] when=236191152922000
03-31 17:34:57.581  3525  3937 I InputDispatcher: Delivering touch to (3525): action: 0x1, toolType: 1
03-31 17:34:57.581  3525  3610 D ViewRootImpl: ViewPostImeInputStage processPointer 1
03-31 17:34:57.581  3525  3610 V AudioService: AudioService playSoundEffect Type : 0, volume : -1.0
03-31 17:34:57.581  3525  4075 V AudioService: received MSG_PLAY_SOUND_EFFECT onPlaySoundEffect start
03-31 17:34:57.581  3067  4731 I APM::AudioPolicyManager: getSituationVolume: isBTConnected:0 isHeadConnected:0
03-31 17:34:57.591  3048  4389 D libEGL  : eglTerminate EGLDisplay = 0x7f9eefee78
03-31 17:34:57.591  3067  4469 W AudioPolicyIntefaceImpl: Skipped to add effects on session 2165
03-31 17:34:57.591  3067  4469 I APM::AudioPolicyManager: startOutput() output 4, stream 1, session 2165
03-31 17:34:57.591  3048  4389 D libEGL  : eglTerminate EGLDisplay = 0x7f9eefee78
03-31 17:34:57.591  3525  3610 D ViewRootImpl: #3 mView = null
03-31 17:34:57.591  3525  3610 D InputDispatcher: Focus left window: 3525
