03-31 17:34:54.751 22294 22321 D ProximityReceiver: Registering Oculus System Activity receiver
03-31 17:34:54.751 22294 22321 D HeadsetReceiver: startHeadsetReceiver: 0
03-31 17:34:54.751 22294 22321 I VrFrameBuilder: nativeHeadsetEvent(0)
03-31 17:34:54.751 22294 22321 D OvrConsole: !!#######!! Registering console receiver
03-31 17:34:54.751 22294 22321 I Console : Registered console function 'print'
03-31 17:34:54.751 22294 22321 I Console : Registered console function 'showFPS'
03-31 17:34:54.751 22294 22321 I App     : 0xe89e0000 msg: VrThreadSynced
03-31 17:34:54.751 22294 22321 I App     : 0xe89e0000 msg: intent
03-31 17:34:54.761 22294 22294 D Activity: performCreate Call Injection manager
03-31 17:34:54.761 22294 22294 D VrActivity: oculus.MainActivity@3d9b317 onStart()
03-31 17:34:54.761 22294 22294 I InjectionManager: dispatchOnViewCreated > Target : oculus.MainActivity isFragment :false
03-31 17:34:54.761 22294 22294 D VrActivity: oculus.MainActivity@3d9b317 onResume()
03-31 17:34:54.761 22294 22294 I App_Android: 0xe89e0000 nativeResume
03-31 17:34:54.761 22294 22321 I App     : 0xe89e0000 msg: resume
03-31 17:34:54.761 22294 22294 D SecWifiDisplayUtil: Metadata value : SecSettings2
03-31 17:34:54.771 22294 22294 D ViewRootImpl: #1 mView = com.android.internal.policy.PhoneWindow$DecorView{428e646 I.E...... R.....ID 0,0-0,0}
03-31 17:34:54.771 22294 22323 D OpenGLRenderer: Use EGL_SWAP_BEHAVIOR_PRESERVED: true
03-31 17:34:54.771  3525  3962 D ISSUE_DEBUG: InputChannelName : 84d0721 com.lrz.NOMADGearvrT/oculus.MainActivity
03-31 17:34:54.771  3525  4036 D ActivityManager: post active user change for 0 fullscreen true isFloatingActivity() false isHomeActivity() false
03-31 17:34:54.771  3525  4036 D KnoxTimeoutHandler: postActiveUserChange [MsgParam] userId: 0 fullscreen is true showWhenlocked is false
03-31 17:34:54.771  3525  3525 D KnoxTimeoutHandler: handleActiveUserChange [MsgParam] userId: 0 fullscreen is true showWhenlocked is false
03-31 17:34:54.771  3525  3525 I KnoxTimeoutHandler: Shared devices show user statefalse
03-31 17:34:54.771 22294 22294 D LoggingService: Connected to logging service: ComponentInfo{com.oculus.horizon/com.oculus.horizon.service.SDKLoggingService}
03-31 17:34:54.781  3525  4034 D NetworkPolicy: isUidForegroundLocked: 10213, mScreenOn: true, uidstate: 3, mProxSensorScreenOff: false
03-31 17:34:54.781 22294 22294 D AudioService: Connected to audio capture service: ComponentInfo{com.oculus.horizon/com.oculus.horizon.service_media.OVRMediaService}
03-31 17:34:54.791  3048  3048 I SurfaceFlinger: id=5330 createSurf (1x1),1 flag=4, NainActivit
03-31 17:34:54.791  3525  4019 D InputDispatcher: Focus entered window: 22294
03-31 17:34:54.801  3525  3631 D PointerIcon: setMouseIconStyle1 pointerType: 1001 iconType:101 flag:0 pid:3525 uid:1000
03-31 17:34:54.801  3525  3631 D PointerIcon: setMouseCustomIcon IconType is same.101
03-31 17:34:54.801 22294 22323 D libEGL  : eglInitialize EGLDisplay = 0xddbd37c4
03-31 17:34:54.801 22294 22323 I OpenGLRenderer: Initialized EGL, version 1.4
03-31 17:34:54.801 22294 22323 D         : ro.exynos.dss isEnabled: 0
03-31 17:34:54.801 22294 22323 D mali_winsys: new_window_surface returns 0x3000,  [2560x1440]-format:1
03-31 17:34:54.801  3048  3048 I SurfaceFlinger: id=5331 createSurf (2560x1440),4 flag=404, TurfaceView
03-31 17:34:54.801 22294 22294 D VrApp   : com.oculus.vrappframework.VrApp@bb79007 surfaceCreated()
03-31 17:34:54.801 22294 22294 I App_Android: 0xe89e0000 nativeSurfaceCreated( 0xff8cd490 )
03-31 17:34:54.811 22294 22294 I App_Android:     pendingNativeWindow = ANativeWindow_fromSurface( jni, surface )
03-31 17:34:54.811 22294 22321 I App     : 0xe89e0000 msg: surfaceCreated
03-31 17:34:54.811 22294 22321 I App_Android: AppLocal::CreateWindowSurface()
03-31 17:34:54.811 22294 22321 D mali_winsys: new_window_surface returns 0x3000,  [2560x1440]-format:1
03-31 17:34:54.811 22294 22321 I App_Android: nativeWindow 0xddc61008 gives surface 0xee7349e0
03-31 17:34:54.811 22294 22321 I App_Android: FramebufferIsSrgb: false
03-31 17:34:54.811 22294 22321 I App_Android: FramebufferIsProtected: false
03-31 17:34:54.811 22294 22321 I App     : AppLocal::EnterVrMode()
03-31 17:34:54.811 22294 22321 I EyeBuffers: Reallocating buffers
03-31 17:34:54.811 22294 22321 I EyeBuffers: Allocate FBO: res=1024x1024 color=3 depth=2 ms=4
03-31 17:34:54.811 22294 22321 I Framebuffer: MSAA_RENDER_TO_TEXTURE
03-31 17:34:54.811 22294 22321 I Framebuffer: resolveDepth = false
03-31 17:34:54.821 22294 22321 I Framebuffer: MSAA_RENDER_TO_TEXTURE
03-31 17:34:54.821 22294 22321 I Framebuffer: resolveDepth = false
03-31 17:34:54.841 22294 22321 I VrApi   : ---------- vrapi_EnterVrMode [start] ----------
03-31 17:34:54.841 22294 22321 D InputHooksJava: Enabling Java Input Hooks
03-31 17:34:54.841 22294 22321 I OVR_InputDevices: ovrInputDeviceManager::Initialize
03-31 17:34:54.851 22294 22321 D VrApi   : getPublicVrProviderProperty: selected_hand: unknown
03-31 17:34:54.851 22294 22321 I VrApi   : ovr_GetScreenCaptureFlagFromVrHelper
03-31 17:34:54.851 22294 22321 D VrApi   : getPublicVrProviderProperty: screen_capture_state: unknown
03-31 17:34:54.871 22294 22321 D MLBUBleRemote: getMagBiasFromProvider(0): 0.0 0.0 0.0 0.0
03-31 17:34:54.871 22294 22321 I OVR     : DeviceManagerThread::AddSelectFd 36 (Tid=0)
03-31 17:34:54.871 22294 22324 I OVR     : DeviceManagerThread - running (Tid=0).
03-31 17:34:54.871 22294 22321 I OVR     : OVR::DeviceManager - initialized.
03-31 17:34:54.871 22294 22321 I HmdSensors: ovrHmdCap_UseHeadsetSensors
03-31 17:34:54.871 22294 22321 I HmdSensors: ovrHmdCap_UsePhoneSensors
03-31 17:34:54.871 22294 22321 I HmdSensors: ovrHmdCap_UseRemoteSensors
03-31 17:34:54.871 22294 22321 I OVR     : DeviceManager::CreatePhoneDevice()
03-31 17:34:54.871 22294 22321 I OVR     : PhoneManagerThread::AddSelectFd 38 (Tid=0)
03-31 17:34:54.871 22294 22325 I OVR     : PhoneManagerThread - running (Tid=22325).
03-31 17:34:54.871 22294 22321 I HmdSensors: ovrHmdSensors::OnMessage: added Device_Sensor (tid=22321, cnt=1)
03-31 17:34:54.871 22294 22321 I OVR     : PhoneSensors::PhoneSensors()
03-31 17:34:54.871 22294 22321 I OVR     : DeviceManager::SetPhoneSensorDeviceImpl
03-31 17:34:54.871 22294 22321 I HmdSensors: ovrHmdSensors::StartSensor: created phone sensor.
03-31 17:34:54.871 22294 22321 I OVR     : DeviceManager::CreateRemoteDevice()
03-31 17:34:54.871 22294 22321 I OVR     : RemoteManagerThread::AddSelectFd 40 (Tid=0)
03-31 17:34:54.871 22294 22326 I OVR     : RemoteManagerThread - running (Tid=22326).
03-31 17:34:54.871 22294 22321 I OVR     : PhoneSensors::PhoneSensors()
03-31 17:34:54.871 22294 22321 I OVR     : DeviceManager::SetRemoteSensorDeviceImpl
03-31 17:34:54.871 22294 22325 I OVR     : PhoneSensors::GetLatestAccGyroMagBiasValue: initializing queue
03-31 17:34:54.871  3525  4039 E SensorService: getSensorList a sensor (HRM Ambient Light Canceling) without holding its required permission: com.samsung.permission.HRM_EXT
03-31 17:34:54.871  3525  4039 I SensorService: Skipped sensor HRM Ambient Light Canceling because it requires permission com.samsung.permission.HRM_EXT and app op -1
03-31 17:34:54.871  3525  4039 E SensorService: getSensorList a sensor (HRM Proximity detecting) without holding its required permission: com.samsung.permission.HRM_EXT
03-31 17:34:54.871  3525  4039 I SensorService: Skipped sensor HRM Proximity detecting because it requires permission com.samsung.permission.HRM_EXT and app op -1
03-31 17:34:54.871  3525  4039 W ServiceManager: Permission failure: android.permission.BODY_SENSORS from uid=10264 pid=22294
03-31 17:34:54.871  3525  4039 E SensorService: getSensorList a sensor (HRMLED IR) without holding its required permission: android.permission.BODY_SENSORS
03-31 17:34:54.871  3525  4039 I SensorService: Skipped sensor HRMLED IR because it requires permission android.permission.BODY_SENSORS and app op 56
03-31 17:34:54.871  3525  4039 W ServiceManager: Permission failure: android.permission.BODY_SENSORS from uid=10264 pid=22294
03-31 17:34:54.871  3525  4039 E SensorService: getSensorList a sensor (HRMLED RED) without holding its required permission: android.permission.BODY_SENSORS
03-31 17:34:54.871  3525  4039 I SensorService: Skipped sensor HRMLED RED because it requires permission android.permission.BODY_SENSORS and app op 56
03-31 17:34:54.871  3525  4039 E SensorService: getSensorList a sensor (MAX86900) without holding its required permission: com.samsung.permission.SSENSOR
03-31 17:34:54.871  3525  4039 I SensorService: Skipped sensor MAX86900 because it requires permission com.samsung.permission.SSENSOR and app op -1
03-31 17:34:54.871  3525  4039 E SensorService: getSensorList a sensor (HRM Sensor) without holding its required permission: com.samsung.permission.SSENSOR
03-31 17:34:54.871  3525  4039 I SensorService: Skipped sensor HRM Sensor because it requires permission com.samsung.permission.SSENSOR and app op -1
03-31 17:34:54.871  3525  4039 W ServiceManager: Permission failure: android.permission.BODY_SENSORS from uid=10264 pid=22294
03-31 17:34:54.871  3525  4039 E SensorService: getSensorList a sensor (HeartRate Sensor) without holding its required permission: android.permission.BODY_SENSORS
03-31 17:34:54.871  3525  4039 I SensorService: Skipped sensor HeartRate Sensor because it requires permission android.permission.BODY_SENSORS and app op 56
03-31 17:34:54.881  3525  4036 D SensorService: SensorEventConnection::SocketBufferSize, SystemSocketBufferSize - 102400, 2097152
03-31 17:34:54.881 22294 22321 D MLBUBleRemote: getMagBiasFromProvider(0): 0.0 0.0 0.0 0.0
03-31 17:34:54.881 22294 22321 I HmdSensors: HmdSensors::StartSensor: created Remote sensor.
03-31 17:34:54.881 22294 22324 I HmdSensors: ovrHmdSensors::OnMessage: removed Device_Sensor (tid=22324, cnt=2)
03-31 17:34:54.881 22294 22321 D VrApi   : targetSDKVersion 21
03-31 17:34:54.881 22294 22321 I VrApi   : DEVICE MODEL NUMBER = SM-G920F
03-31 17:34:54.881 22294 22321 I VrApi   : DEVICE HARDWARE = samsungexynos7420
03-31 17:34:54.881 22294 22321 I VrApi   : DEVICE BUILD NAME = MMB29K.G920FXXU5DQA7
03-31 17:34:54.881 22294 22321 I VrApi   : DEVICE BUILD TYPE = user
03-31 17:34:54.881 22294 22321 I VrApi   : DEVICE OS VERSION = 6.0.1
03-31 17:34:54.881 22294 22321 I VrApi   : VRAPI VERSION = 1.1.5.2-365799-53859363 Mar 28 2017 12:58:05 Development RELEASE
03-31 17:34:54.881 22294 22321 I VrApi   : VRAPI LOADER VERSION = 1.0.0.0
03-31 17:34:54.881 22294 22321 I VrApi   : APP NAME = NOMADGearvrT
03-31 17:34:54.881 22294 22321 I VrApi   : APP VERSION = 1.0 versionCode 1 internalVersionName <none>
03-31 17:34:54.881 22294 22321 I VrApi   : APP VR TYPE = vr_only
03-31 17:34:54.881 22294 22321 I VrApi   : APP PACKAGE NAME = com.lrz.NOMADGearvrT
03-31 17:34:54.881 22294 22321 I VrApi   : APP ACTIVITY CLASS = oculus.MainActivity
03-31 17:34:54.881 22294 22321 I VrApi   : ovrModeParms::VRAPI_MODE_FLAG_ALLOW_POWER_SAVE = 1
03-31 17:34:54.881 22294 22321 I VrApi   : ovrModeParms::VRAPI_MODE_FLAG_RESET_WINDOW_FULLSCREEN = 1
03-31 17:34:54.881 22294 22321 I VrApi   : ovrModeParms::VRAPI_MODE_FLAG_NATIVE_WINDOW = 0
03-31 17:34:54.881 22294 22321 I VrApi   : ovrModeParms::VRAPI_MODE_FLAG_FRONT_BUFFER_PROTECTED = 0
03-31 17:34:54.881 22294 22321 I VrApi   : ovrModeParms::VRAPI_MODE_FLAG_FRONT_BUFFER_565 = 0
03-31 17:34:54.881 22294 22321 I VrApi   : ovrModeParms::VRAPI_MODE_FLAG_FRONT_BUFFER_SRGB = 0
03-31 17:34:54.881 22294 22321 W LocalPreferences: System Property debug.oculus.srgbScanoutSupported name is longer than max allowed 32
03-31 17:34:54.881 22294 22321 I OVR     : Couldn't open /sdcard/.oculusprefs
03-31 17:34:54.881 22294 22321 I LocalPreferences: failed to load /sdcard/.oculusprefs (make sure READ_EXTERNAL_STORAGE is available)
03-31 17:34:54.881 22294 22321 I HmdSensors: ovrHmdSensors::GetPredictedSensorState: created phone sensor (tid=22321)
03-31 17:34:54.881 22294 22321 I VrApi   : HMD sensor attached.
03-31 17:34:54.881 22294 22321 I Vsync   : Android reported display refresh rate = 59.00 Hz
03-31 17:34:54.881 22294 22321 I Vsync   : Failed to open /sys/class/graphics/fb0/vsync_event (No such file or directory)
03-31 17:34:54.881 22294 22321 I Vsync   : Started Choreographer doFrame() callback.
03-31 17:34:54.881 22294 22321 I VrApi   : ovr_RegisterStatsReceivers
03-31 17:34:54.881 22294 22321 D BatteryReceiver: Registering battery receiver
03-31 17:34:54.891 22294 22321 W ResourcesManager: getTopLevelResources: /data/app/com.oculus.systemdriver-2/base.apk / 1.0 running in com.lrz.NOMADGearvrT rsrc of package com.oculus.systemdriver
03-31 17:34:54.891 22294 22321 D ResourcesManager: For user 0 new overlays fetched Null
03-31 17:34:54.891 22294 22321 D HeadsetReceiver: getCurrentHeadsetState: false
03-31 17:34:54.891 22294 22321 I VrApi   : nativeHeadsetEvent(0)
03-31 17:34:54.891 22294 22321 I VrApi   : nativeGamepadListener(0)
03-31 17:34:54.891 22294 22321 I VrApi   : OVR::Clocks thread started
03-31 17:34:54.891 22294 22321 I TimeWarp: ---------------- TimeWarpLocal() ----------------
03-31 17:34:54.891 22294 22321 I TimeWarp: dev_asyncTimewarp = 1
03-31 17:34:54.891 22294 22321 I TimeWarp: dev_frontbuffer = 1
03-31 17:34:54.891 22294 22321 I TimeWarp: dev_singleTriangle = 0
03-31 17:34:54.891 22294 22321 I TimeWarp: dev_singleTile = 0
03-31 17:34:54.891 22294 22321 I TimeWarp: dev_testTileOrder = 0
03-31 17:34:54.891 22294 22321 I TimeWarp: TimeWarpAllocatedFrontBuffer = 0
03-31 17:34:54.891 22294 22321 I TimeWarp: Application context EGL_CONTEXT_CLIENT_VERSION = 3
03-31 17:34:54.891 22294 22321 I TimeWarp: eglFrontBufferSurface = 0xee7349e0
03-31 17:34:54.891 22294 22321 I TimeWarp: frontBufferWidth = 2560
03-31 17:34:54.891 22294 22321 I TimeWarp: frontBufferHeight = 1440
03-31 17:34:54.891 22294 22321 I TimeWarp: frontBufferIsProtected = 0
03-31 17:34:54.891 22294 22321 I TimeWarp: frontBufferIs565 = 0
03-31 17:34:54.891 22294 22321 I TimeWarp: warpMeshClipMode = 1
03-31 17:34:54.891 22294 22321 I TimeWarp: forceChromaticAberrationCorrection = -
03-31 17:34:54.891 22294 22321 I TimeWarp: Requesting EGL_CONTEXT_PRIORITY_HIGH_IMG
03-31 17:34:54.891 22294 22327 D VrApi   : getDeviceProperty: device_model
03-31 17:34:54.891 22294 22328 I TimeWarp: WarpThreadInit()
03-31 17:34:54.891 22294 22328 D         : ro.exynos.dss isEnabled: 0
03-31 17:34:54.891 22294 22327 D VrApi   : getDeviceProperty: device_gpu
03-31 17:34:54.891 22294 22328 I TimeWarp: eglWarpContext: 0xdd442000
03-31 17:34:54.891 22294 22328 I TimeWarp: Context is EGL_CONTEXT_PRIORITY_HIGH_IMG
03-31 17:34:54.891 22294 22328 I TimeWarp: eglMakeCurrent on 0xee7349e0
03-31 17:34:54.901 22294 22328 I GraphicsWrapper_GLES: GL_EXTENSIONS:
03-31 17:34:54.901 22294 22328 I GraphicsWrapper_GLES: GL_EXT_debug_marker
03-31 17:34:54.901 22294 22328 I GraphicsWrapper_GLES: GL_ARM_rgba8
03-31 17:34:54.901 22294 22328 I GraphicsWrapper_GLES: GL_ARM_mali_shader_binary
03-31 17:34:54.901 22294 22328 I GraphicsWrapper_GLES: GL_OES_depth24
03-31 17:34:54.901 22294 22328 I GraphicsWrapper_GLES: GL_OES_depth_texture
03-31 17:34:54.901 22294 22328 I GraphicsWrapper_GLES: GL_OES_depth_texture_cube_map
03-31 17:34:54.901 22294 22328 I GraphicsWrapper_GLES: GL_OES_packed_depth_stencil
03-31 17:34:54.901 22294 22328 I GraphicsWrapper_GLES: GL_OES_rgb8_rgba8
03-31 17:34:54.901 22294 22328 I GraphicsWrapper_GLES: GL_EXT_read_format_bgra
03-31 17:34:54.901 22294 22328 I GraphicsWrapper_GLES: GL_OES_compressed_paletted_texture
03-31 17:34:54.901 22294 22328 I GraphicsWrapper_GLES: GL_OES_compressed_ETC1_RGB8_texture
03-31 17:34:54.901 22294 22328 I GraphicsWrapper_GLES: GL_OES_standard_derivatives
03-31 17:34:54.901 22294 22328 I GraphicsWrapper_GLES: GL_OES_EGL_image
03-31 17:34:54.901 22294 22328 I GraphicsWrapper_GLES: GL_OES_EGL_image_external
03-31 17:34:54.901 22294 22328 I GraphicsWrapper_GLES: GL_OES_EGL_sync
03-31 17:34:54.901 22294 22328 I GraphicsWrapper_GLES: GL_OES_texture_npot
03-31 17:34:54.901 22294 22328 I GraphicsWrapper_GLES: GL_OES_vertex_half_float
03-31 17:34:54.901 22294 22328 I GraphicsWrapper_GLES: GL_OES_required_internalformat
03-31 17:34:54.901 22294 22328 I GraphicsWrapper_GLES: GL_OES_vertex_array_object
03-31 17:34:54.901 22294 22328 I GraphicsWrapper_GLES: GL_OES_mapbuffer
03-31 17:34:54.901 22294 22328 I GraphicsWrapper_GLES: GL_EXT_texture_format_BGRA8888
03-31 17:34:54.901 22294 22328 I GraphicsWrapper_GLES: GL_EXT_texture_rg
03-31 17:34:54.901 22294 22328 I GraphicsWrapper_GLES: GL_EXT_texture_type_2_10_10_10_REV
03-31 17:34:54.901 22294 22328 I GraphicsWrapper_GLES: GL_OES_fbo_render_mipmap
03-31 17:34:54.901 22294 22328 I GraphicsWrapper_GLES: GL_OES_element_index_uint
03-31 17:34:54.901 22294 22328 I GraphicsWrapper_GLES: GL_EXT_shadow_samplers
03-31 17:34:54.901 22294 22328 I GraphicsWrapper_GLES: GL_OES_texture_compression_astc
03-31 17:34:54.901 22294 22328 I GraphicsWrapper_GLES: GL_KHR_texture_compression_astc_ldr
03-31 17:34:54.901 22294 22328 I GraphicsWrapper_GLES: GL_KHR_texture_compression_astc_hdr
03-31 17:34:54.901 22294 22328 I GraphicsWrapper_GLES: GL_KHR_debug
03-31 17:34:54.901 22294 22328 I GraphicsWrapper_GLES: GL_EXT_occlusion_query_boolean
03-31 17:34:54.901 22294 22328 I GraphicsWrapper_GLES: GL_EXT_disjoint_timer_query
03-31 17:34:54.901 22294 22328 I GraphicsWrapper_GLES: GL_EXT_blend_minmax
03-31 17:34:54.901 22294 22328 I GraphicsWrapper_GLES: GL_EXT_discard_framebuffer
03-31 17:34:54.901 22294 22328 I GraphicsWrapper_GLES: GL_OES_get_program_binary
03-31 17:34:54.901 22294 22328 I GraphicsWrapper_GLES: GL_OES_texture_3D
03-31 17:34:54.901 22294 22328 I GraphicsWrapper_GLES: GL_EXT_texture_storage
03-31 17:34:54.901 22294 22328 I GraphicsWrapper_GLES: GL_EXT_multisampled_render_to_texture
03-31 17:34:54.901 22294 22328 I GraphicsWrapper_GLES: GL_OES_surfaceless_context
03-31 17:34:54.901 22294 22328 I GraphicsWrapper_GLES: GL_OES_texture_stencil8
03-31 17:34:54.901 22294 22328 I GraphicsWrapper_GLES: GL_EXT_shader_pixel_local_storage
03-31 17:34:54.901 22294 22328 I GraphicsWrapper_GLES: GL_ARM_shader_framebuffer_fetch
03-31 17:34:54.901 22294 22328 I GraphicsWrapper_GLES: GL_ARM_shader_framebuffer_fetch_depth_stencil
03-31 17:34:54.901 22294 22328 I GraphicsWrapper_GLES: GL_ARM_mali_program_binary
03-31 17:34:54.901 22294 22328 I GraphicsWrapper_GLES: GL_EXT_sRGB
03-31 17:34:54.901 22294 22328 I GraphicsWrapper_GLES: GL_EXT_sRGB_write_control
03-31 17:34:54.901 22294 22328 I GraphicsWrapper_GLES: GL_EXT_texture_sRGB_decode
03-31 17:34:54.901 22294 22328 I GraphicsWrapper_GLES: GL_KHR_blend_equation_advanced
03-31 17:34:54.901 22294 22328 I GraphicsWrapper_GLES: GL_KHR_blend_equation_advanced_coherent
03-31 17:34:54.901 22294 22328 I GraphicsWrapper_GLES: GL_OES_texture_storage_multisample_2d_array
03-31 17:34:54.901 22294 22328 I GraphicsWrapper_GLES: GL_OES_shader_image_atomic
03-31 17:34:54.901 22294 22328 I GraphicsWrapper_GLES: GL_EXT_robustness
03-31 17:34:54.901 22294 22328 I GraphicsWrapper_GLES: GL_EXT_draw_buffers_indexed
03-31 17:34:54.901 22294 22328 I GraphicsWrapper_GLES: GL_OES_draw_buffers_indexed
03-31 17:34:54.901 22294 22328 I GraphicsWrapper_GLES: GL_EXT_texture_border_clamp
03-31 17:34:54.901 22294 22328 I GraphicsWrapper_GLES: GL_OES_texture_border_clamp
03-31 17:34:54.901 22294 22328 I GraphicsWrapper_GLES: GL_EXT_texture_cube_map_array
03-31 17:34:54.901 22294 22328 I GraphicsWrapper_GLES: GL_OES_texture_cube_map_array
03-31 17:34:54.901 22294 22328 I GraphicsWrapper_GLES: GL_OES_sample_variables
03-31 17:34:54.901 22294 22328 I GraphicsWrapper_GLES: GL_OES_sample_shading
03-31 17:34:54.901 22294 22328 I GraphicsWrapper_GLES: GL_OES_shader_multisample_interpolation
03-31 17:34:54.901 22294 22328 I GraphicsWrapper_GLES: GL_EXT_shader_io_blocks
03-31 17:34:54.901 22294 22328 I GraphicsWrapper_GLES: GL_OES_shader_io_blocks
03-31 17:34:54.901 22294 22328 I GraphicsWrapper_GLES: GL_EXT_tessellation_shader
03-31 17:34:54.901 22294 22328 I GraphicsWrapper_GLES: GL_OES_tessellation_shader
03-31 17:34:54.901 22294 22328 I GraphicsWrapper_GLES: GL_EXT_primitive_bounding_box
03-31 17:34:54.901 22294 22328 I GraphicsWrapper_GLES: GL_OES_primitive_bounding_box
03-31 17:34:54.901 22294 22328 I GraphicsWrapper_GLES: GL_EXT_geometry_shader
03-31 17:34:54.901 22294 22328 I GraphicsWrapper_GLES: GL_OES_geometry_shader
03-31 17:34:54.901 22294 22328 I GraphicsWrapper_GLES: GL_ANDROID_extension_pack_es31a
03-31 17:34:54.901 22294 22328 I GraphicsWrapper_GLES: GL_EXT_gpu_shader5
03-31 17:34:54.901 22294 22328 I GraphicsWrapper_GLES: GL_OES_gpu_shader5
03-31 17:34:54.901 22294 22328 I GraphicsWrapper_GLES: GL_EXT_texture_buffer
03-31 17:34:54.901 22294 22328 I GraphicsWrapper_GLES: GL_OES_texture_buffer
03-31 17:34:54.901 22294 22328 I GraphicsWrapper_GLES: GL_EXT_copy_image
03-31 17:34:54.901 22294 22328 I GraphicsWrapper_GLES: GL_OES_copy_image
03-31 17:34:54.901 22294 22328 I GraphicsWrapper_GLES: GL_EXT_color_buffer_half_float
03-31 17:34:54.901 22294 22328 I GraphicsWrapper_GLES: GL_EXT_color_buffer_float
03-31 17:34:54.901 22294 22328 I GraphicsWrapper_GLES: GL_OVR_multiview
03-31 17:34:54.901 22294 22328 I GraphicsWrapper_GLES: GL_OVR_multiview2
03-31 17:34:54.901 22294 22328 I GraphicsWrapper_GLES: GL_OVR_multiview_multisampled_render_to_texture
03-31 17:34:54.901 22294 22328 I GraphicsWrapper_GLES: es3 = TRUE
03-31 17:34:54.901 22294 22328 I GraphicsWrapper_GLES: Found: GL_OES_vertex_array_object
03-31 17:34:54.901 22294 22328 I GraphicsWrapper_GLES: Not found: GL_QCOM_tiled_rendering
03-31 17:34:54.901 22294 22328 I GraphicsWrapper_GLES: Found: GL_EXT_sRGB_write_control
03-31 17:34:54.901 22294 22328 I GraphicsWrapper_GLES: Found: GL_EXT_disjoint_timer_query
03-31 17:34:54.901 22294 22328 I TimeWarp: frontBufferIsSrgb = 0
03-31 17:34:54.901 22294 22328 I DirectRender: 0xdd7a4190 DirectRender::Init(true, false, 23)
03-31 17:34:54.901 22294 22328 D VrApi   : getDeviceProperty: device_model
03-31 17:34:54.901 22294 22328 D VrApi   : getDeviceProperty: device_gpu
03-31 17:34:54.901 22294 22328 I DirectRender: Performing an initial swapbuffers.
03-31 17:34:54.901 22294 22328 D VrApi   : getDeviceProperty: device_model
03-31 17:34:54.911  3525  3896 E Sensors : Sensor : Meta event
03-31 17:34:54.911 22294 22328 I DirectRender: surface size: 2560 x 1440
03-31 17:34:54.911 22294 22328 I DirectRender: Found VrSurfaceManager API: 0x1005e2
03-31 17:34:54.911 22294 22328 W DirectRender: setFrontBuffer64 was not found. Falling back to setFrontBuffer
03-31 17:34:54.911 22294 22328 I DirectRender: Calling java method setFrontBuffer
03-31 17:34:54.911 22294 22328 W VRSurfaceManager: VRSurfaceManager : setFrontBuffer
03-31 17:34:54.911 22294 22328 D libSEC_EGL: EGL : EGL_SEC_frontbuffer_set mode PASSED ... 
03-31 17:34:54.911 22294 22328 I DirectRender: gvrFrontbufferExtension = TRUE
03-31 17:34:54.911 22294 22328 I DirectRender: Mali GPU
03-31 17:34:54.911 22294 22328 D VrApi   : getDeviceProperty: device_model
03-31 17:34:54.911 22294 22328 W LocalPreferences: System Property debug.oculus.srgbScanoutSupported name is longer than max allowed 32
03-31 17:34:54.911 22294 22328 I OVR     : Couldn't open /sdcard/.oculusprefs
03-31 17:34:54.911 22294 22328 I LocalPreferences: failed to load /sdcard/.oculusprefs (make sure READ_EXTERNAL_STORAGE is available)
03-31 17:34:54.911  3048  3048 D libEGL  : eglInitialize EGLDisplay = 0x7ff547d808
03-31 17:34:54.911 21388 21400 D VRSVC   : (DistortionFileProvider.java:72) openAssetFile [Uri=content://com.samsung.android.hmt.vrsvc.distortion mode=r model=SM-R322]
03-31 17:34:54.911 21388 21400 V VRSVC   : (DistortionFileManager.java:118) wtkw [vr model=SM-R322 device=SM-G920F distortion=distortion/distortion_R322_G920.bin]
03-31 17:34:54.911 21388 21400 V VRSVC   : (DistortionFileManager.java:54) yTqX [fileName=distortion/distortion_R322_G920.bin]
03-31 17:34:54.911 21388 21400 V VRSVC   : (DistortionFileManager.java:155) yTqX [copyAssetToFile.. assetPath=distortion/distortion_R322_G920.bin file=/data/user/0/com.samsung.android.hmt.vrsvc/cache/distortion/distortion_R322_G920.bin overWrite=true]
03-31 17:34:54.911 21388 21400 V VRSVC   : (DistortionFileManager.java:160) yTqX [delete /data/user/0/com.samsung.android.hmt.vrsvc/cache/distortion/distortion_R322_G920.bin]
03-31 17:34:54.911 22294 22328 I Distortion: Loaded distortion file from VRSVC
03-31 17:34:54.921 22294 22328 I Distortion: ovrDistortionMeshHeader::magic = 0x56347806
03-31 17:34:54.921 22294 22328 I Distortion: ovrDistortionMeshHeader::deviceModel = 0x472D4D53
03-31 17:34:54.921 22294 22328 I Distortion: ovrDistortionMeshHeader::headsetModel = 0x0
03-31 17:34:54.921 22294 22328 I Distortion: ovrDistortionMeshHeader::eyeBlocksWide = 32
03-31 17:34:54.921 22294 22328 I Distortion: ovrDistortionMeshHeader::eyeBlocksHigh = 32
03-31 17:34:54.921 22294 22328 I Distortion: ovrDistortionMeshHeader::lensSeparationMeters = 0.063000
03-31 17:34:54.921 22294 22328 I Distortion: ovrDistortionMeshHeader::horizontalOffsetMeters = 0.000000
03-31 17:34:54.921 22294 22328 I Distortion: ovrDistortionMeshHeader::displayWidthMeters = 0.125000
03-31 17:34:54.921 22294 22328 I Distortion: ovrDistortionMeshHeader::displayHeightMeters = 0.070700
03-31 17:34:54.921 22294 22328 I Distortion: ovrDistortionMeshHeader::displayWidthPixels = 2560
03-31 17:34:54.921 22294 22328 I Distortion: ovrDistortionMeshHeader::displayHeightPixels = 1440
03-31 17:34:54.921 22294 22328 I Distortion: ovrDistortionMeshHeader::eyeTextureWidthPixels = 1024
03-31 17:34:54.921 22294 22328 I Distortion: ovrDistortionMeshHeader::eyeTextureHeightPixels = 1024
03-31 17:34:54.921 22294 22328 I Distortion: ovrDistortionMeshHeader::eyeTextureFovDegreesX = 90
03-31 17:34:54.921 22294 22328 I Distortion: ovrDistortionMeshHeader::eyeTextureFovDegreesY = 90
03-31 17:34:54.921 22294 22328 I TimeWarp: LoadDistortionMeshFromMemory
03-31 17:34:54.921 22294 22328 I TimeWarp: distortion mesh clipping saved 17.05% fill
03-31 17:34:54.921 22294 22328 I TimeWarp: LoadDistortionMeshFromMemory
03-31 17:34:54.921 22294 22328 I ScreenCaptureReceiver: Advertising com.lrz.NOMADGearvrT as streamable
03-31 17:34:54.921 22294 22328 I TimeWarp: WarpThreadInit() - End
03-31 17:34:54.921 22294 22328 I TimeWarp: WarpThreadLoop()
03-31 17:34:54.921 22294 22321 I TimeWarp: -------------- TimeWarpLocal() End --------------
03-31 17:34:54.921 22294 22321 I VrApi   : OVR::Stats thread started
03-31 17:34:54.921 22294 22327 I VrApi_Clocks: LockClocks( cpu=2, gpu=2 ) - start
03-31 17:34:54.921 31525 31525 I OVRMediaService: onStartCommand Received message type: set_package_name
03-31 17:34:54.921 31525 31525 I OVRMediaService: Got package name intent (com.lrz.NOMADGearvrT)
03-31 17:34:54.921 22294 22329 D VrApi   : getDeviceProperty: device_model
03-31 17:34:54.921 31525 31525 E OVRMediaService: Not initialized
03-31 17:34:54.921 22294 22329 D VrApi   : getDeviceProperty: device_gpu
03-31 17:34:54.921 22294 22327 D VrApi   : Available levels: {GPU MIN, GPU MAX, CPU MIN, CPU MAX}
03-31 17:34:54.921 22294 22327 D VrApi   : -> / 0
03-31 17:34:54.921 22294 22327 D VrApi   : -> / 3
03-31 17:34:54.921 22294 22327 D VrApi   : -> / 0
03-31 17:34:54.921 22294 22327 D VrApi   : -> / 3
03-31 17:34:54.921 22294 22327 I VrApi_Clocks: CPU levels [0, 3]
03-31 17:34:54.921 22294 22327 I VrApi_Clocks: GPU levels [0, 3]
03-31 17:34:54.921 22294 22327 D VrApi   : setSystemPerformance cpu: 2 gpu: 2
03-31 17:34:54.921 15190 15214 V VRManagerServer: (VRManagerService.java:784) yTqX [SetVrClocks : com.lrz.NOMADGearvrT (2:2)]
03-31 17:34:54.921 15190 15214 V VRManagerServer: (VRManagerService.java:979) wtkw [setCPUlevel : com.lrz.NOMADGearvrT (600000:1000000)]
03-31 17:34:54.921  3525  3962 D CustomFrequencyManagerService: acquireDVFSLockLocked : type : DVFS_MIN_LIMIT  frequency : 600000  uid : 1000  pid : 3525  pkgName : VR_CPU_MIN@1
03-31 17:34:54.921  3525  3962 D CustomFrequencyManagerService: acquireDVFSLockLocked : type : DVFS_MAX_LIMIT  frequency : 1000000  uid : 1000  pid : 3525  pkgName : VR_CPU_MAX@2
03-31 17:34:54.931 15190 15214 V VRManagerServer: (VRManagerService.java:1027) QdBd [setGPUlevel : com.lrz.NOMADGearvrT (420:420)]
03-31 17:34:54.931  3525  3896 E Sensors : Sensor : Meta event
03-31 17:34:54.931  3525  4045 D ConnectivityService: returning getNetworkInfo for network type 1 : [type: WIFI[] - WIFI, state: CONNECTED/CONNECTED, reason: (unspecified), extra: "eduroam", roaming: false, failover: false, isAvailable: true]
03-31 17:34:54.931 15190 15214 V VRManagerServer: (VRManagerService.java:1075) bHGb [setBUSlevel : com.lrz.NOMADGearvrT (0:0)]
03-31 17:34:54.931 15190 22330 V VRManagerServer: (VRManagerService.java:720) snDW [---- setCustomAffinity com.lrz.NOMADGearvrT ----]
03-31 17:34:54.931 15190 15214 V VRManagerServer: (VRManagerService.java:893) yTqX [SetVrClocks : com.lrz.NOMADGearvrT (600000:420:1000000:420)]
03-31 17:34:54.931 22294 22329 D VrApi   : targetSDKVersion 21
03-31 17:34:54.931 22294 22327 I VrApi_Clocks: LockClocks( cpu=2, gpu=2 ) - end (15.9 ms)
03-31 17:34:54.931 22294 22321 D VrApi   : setSchedFifoStatic tid:22324 pto:2
03-31 17:34:54.941 15190 32320 V VRManagerServer: (VRManagerService.java:437) yTqX [setThreadSchedFifo pkg=com.lrz.NOMADGearvrT pid=22294 tid=22324 prio=2]
03-31 17:34:54.941 15190 32320 V VRManagerServer: (VRManagerService.java:441) yTqX [setAffinity tid=22324 cpus=[4, 5, 6, 7]]
03-31 17:34:54.941  3525  4036 V VRManagerService: ---- elevateProcessThread 'com.lrz.NOMADGearvrT' requestPriority(pid=22294, tid=22324, prio=2 ----
03-31 17:34:54.941 22294 22321 D VRManagerGearVR: VRManager set thread priority to 2
03-31 17:34:54.941 22294 22321 I VrApi_Clocks: SetSchedFifo( tid=22324, pri=2 ) succeeded
03-31 17:34:54.941 22294 22321 D VrApi   : setSchedFifoStatic tid:22328 pto:3
03-31 17:34:54.941 15190 15200 V VRManagerServer: (VRManagerService.java:437) yTqX [setThreadSchedFifo pkg=com.lrz.NOMADGearvrT pid=22294 tid=22328 prio=3]
03-31 17:34:54.941 15190 15200 V VRManagerServer: (VRManagerService.java:441) yTqX [setAffinity tid=22328 cpus=[4, 5, 6, 7]]
03-31 17:34:54.951 22294 22329 D VrApi   : getVrHelperProperty: vr_serial: 
03-31 17:34:54.951 22294 22329 I Metrics : device name = samsung SM-G920F
03-31 17:34:54.951  3525  3543 V VRManagerService: ---- elevateProcessThread 'com.lrz.NOMADGearvrT' requestPriority(pid=22294, tid=22328, prio=3 ----
03-31 17:34:54.951 22294 22321 D VRManagerGearVR: VRManager set thread priority to 3
03-31 17:34:54.951 22294 22321 I VrApi_Clocks: SetSchedFifo( tid=22328, pri=3 ) succeeded
03-31 17:34:54.951 22294 22321 D VrApi   : getSystemBrightness
03-31 17:34:54.951 22294 22327 I VrApi_Clocks: ReleaseClocks - start
03-31 17:34:54.951 22294 22327 D VrApi   : releaseSystemPerformanceStatic
03-31 17:34:54.951 15190 15201 E VRManagerServer: (VRManagerService.java:491) QdBd [relFreq : com.lrz.NOMADGearvrT <-> com.lrz.NOMADGearvrT]
03-31 17:34:54.951 15190 15201 V VRManagerServer: (VRManagerService.java:784) yTqX [SetVrClocks : com.lrz.NOMADGearvrT (-1:-1)]
03-31 17:34:54.951 15190 15201 E VRManagerServer: (VRManagerService.java:491) QdBd [relFreq : freePass <-> null]
03-31 17:34:54.951 15190 15201 V VRManagerServer: (VRManagerService.java:979) wtkw [setCPUlevel : freePass (0:0)]
03-31 17:34:54.951 15190 15202 V VRManagerServer: (VRManagerService.java:1542) AmLH [getSystemOption option=bright result=229]
03-31 17:34:54.951  3525  3978 D CustomFrequencyManagerService: releaseDVFSLockLocked : Getting Lock type frm List : DVFS_MIN_LIMIT  frequency : 600000  uid : 1000  pid : 3525  tag : VR_CPU_MIN@1
03-31 17:34:54.951 22294 22321 I VrApi   : System brightness = 229
03-31 17:34:54.951 22294 22321 D VrApi   : setSystemBrightness 229
03-31 17:34:54.961  3525  3978 D CustomFrequencyManagerService: releaseDVFSLockLocked : Getting Lock type frm List : DVFS_MAX_LIMIT  frequency : 1000000  uid : 1000  pid : 3525  tag : VR_CPU_MAX@2
03-31 17:34:54.961 22294 22329 D VrApi   : getVrHelperProperty: hmt_device_model: SM-R322
03-31 17:34:54.961  3525  3896 E Sensors : Sensor : Meta event
03-31 17:34:54.961 15190 15201 V VRManagerServer: (VRManagerService.java:1027) QdBd [setGPUlevel : freePass (0:0)]
03-31 17:34:54.961 15190 15200 V VRManagerServer: (VRManagerService.java:1331) wtkw [setSystemOption option=bright value=229]
03-31 17:34:54.961 15190 15200 V VRManagerServer: (VRManagerService.java:1634) vqCz [updateBright value=229]
03-31 17:34:54.961 15190 15201 V VRManagerServer: (VRManagerService.java:1075) bHGb [setBUSlevel : freePass (0:0)]
03-31 17:34:54.961 22294 22327 I VrApi_Clocks: ReleaseClocks - end (9.9 ms)
03-31 17:34:54.961 31525 31535 E SDKLoggingService: Unable to find AppId for package (com.lrz.NOMADGearvrT)
03-31 17:34:54.961 31525 31535 E SDKLoggingService: com.oculus.horizon.service.ExternalPlatformLocal$PackageNotInLibraryException: Package com.lrz.NOMADGearvrT not in users library
03-31 17:34:54.961 31525 31535 E SDKLoggingService: 	at com.oculus.horizon.service.ExternalPlatformLocal.getAppID(ExternalPlatformLocal.java:246)
03-31 17:34:54.961 31525 31535 E SDKLoggingService: 	at com.oculus.horizon.service.ExternalPlatformLocal.getAppID(ExternalPlatformLocal.java:192)
03-31 17:34:54.961 31525 31535 E SDKLoggingService: 	at com.oculus.horizon.service.ExternalPlatformLocal.getAppID(ExternalPlatformLocal.java:183)
03-31 17:34:54.961 31525 31535 E SDKLoggingService: 	at com.oculus.horizon.service.SDKLoggingService$1.log(SDKLoggingService.java:72)
03-31 17:34:54.961 31525 31535 E SDKLoggingService: 	at com.oculus.logging.sdk_logging.SDKLoggingInterface$Stub.onTransact(SDKLoggingInterface.java:50)
03-31 17:34:54.961 31525 31535 E SDKLoggingService: 	at android.os.Binder.execTransact(Binder.java:453)
03-31 17:34:54.961 31525 31535 E SDKLoggingService: Unable to parse json content ({"data_type":"app_info","device_serial":"04157df451f8983a","sensor_serial":"","headset_serial":"","session_id":1809989172,"developer_mode":1,"headset_model":"SM-R322","device_model_number":"SM-G920F","device_hardware":"samsungexynos7420","device_chipset":"exynos7420","device_build_version":"MMB29K.G920FXXU5DQA7","device_build_type":"user","device_os_version":"6.0.1","device_total_memory_MB":"2679","device_threshold_memory_MB":"157","device_wifi_connected":"1","device_bluetooth_enabled":"0","device_airplane_mode_enabled":"0","device_power_saving_mode":"0","device_uptime_seconds":"236188","vrsvc_version":"2.6.65","app_vrapi_version":"1.1.5.2-365799-53859363 Mar 28 2017 12:58:05 Development","app_name":"NOMADGearvrT","app_version":"1.0 versionCode 1 internalVersionName <none>","app_vr_type":"vr_only","app_package_name":"com.lrz.NOMADGearvrT","app_activity_class":"oculus.MainActivity"})
03-31 17:34:54.961 31525 31535 E SDKLoggingService: org.json.JSONException: No value for num_seconds
03-31 17:34:54.961 31525 31535 E SDKLoggingService: 	at org.json.JSONObject.get(JSONObject.java:389)
03-31 17:34:54.961 31525 31535 E SDKLoggingService: 	at org.json.JSONObject.getLong(JSONObject.java:514)
03-31 17:34:54.961 31525 31535 E SDKLoggingService: 	at com.oculus.horizon.service.SDKLoggingService$1.log(SDKLoggingService.java:80)
03-31 17:34:54.961 31525 31535 E SDKLoggingService: 	at com.oculus.logging.sdk_logging.SDKLoggingInterface$Stub.onTransact(SDKLoggingInterface.java:50)
03-31 17:34:54.961 31525 31535 E SDKLoggingService: 	at android.os.Binder.execTransact(Binder.java:453)
03-31 17:34:54.971 31525 31535 E PresenceManager: Unknown app (com.lrz.NOMADGearvrT) logging presence.
03-31 17:34:54.971 31525 31535 E PresenceManager: com.oculus.horizon.service.ExternalPlatformLocal$PackageNotInLibraryException: Package com.lrz.NOMADGearvrT not in users library
03-31 17:34:54.971 31525 31535 E PresenceManager: 	at com.oculus.horizon.service.ExternalPlatformLocal.getAppID(ExternalPlatformLocal.java:246)
03-31 17:34:54.971 31525 31535 E PresenceManager: 	at com.oculus.horizon.service.ExternalPlatformLocal.getAppID(ExternalPlatformLocal.java:192)
03-31 17:34:54.971 31525 31535 E PresenceManager: 	at com.oculus.horizon.service.ExternalPlatformLocal.getAppID(ExternalPlatformLocal.java:183)
03-31 17:34:54.971 31525 31535 E PresenceManager: 	at com.oculus.horizon.platform.PresenceManager.logWasCalled(PresenceManager.java:212)
03-31 17:34:54.971 31525 31535 E PresenceManager: 	at com.oculus.horizon.service.SDKLoggingService$1.log(SDKLoggingService.java:93)
03-31 17:34:54.971 31525 31535 E PresenceManager: 	at com.oculus.logging.sdk_logging.SDKLoggingInterface$Stub.onTransact(SDKLoggingInterface.java:50)
03-31 17:34:54.971 31525 31535 E PresenceManager: 	at android.os.Binder.execTransact(Binder.java:453)
03-31 17:34:54.971 22294 22321 I VrApi   : Set brightness to 229
03-31 17:34:54.971 22294 22321 D VrApi   : getDoNotDisturbMode 
03-31 17:34:54.971 15190 19904 D VRManagerServer: (VRManagerService.java:1768) Qxpw [getNotDisturbMode : 0]
03-31 17:34:54.971 15190 19904 D VRManagerServer: (VRManagerService.java:1768) Qxpw [getNotDisturbMode : 0]
03-31 17:34:54.971 15190 19904 V VRManagerServer: (VRManagerService.java:1542) AmLH [getSystemOption option=do_not_disturb_mode result=0]
03-31 17:34:54.971 22294 22321 I VrApi   : Set DND mode to false
03-31 17:34:54.971 22294 22321 D VrApi   : setDoNotDisturbMode false
03-31 17:34:54.971 15190 32320 V VRManagerServer: (VRManagerService.java:1331) wtkw [setSystemOption option=do_not_disturb_mode value=0]
03-31 17:34:54.971 15190 32320 D VRManagerServer: (VRManagerService.java:1760) ZzLN [setDisturbMode : 0]
03-31 17:34:54.981  3525  3967 D SettingsProvider: isChangeAllowed() : name = vr_not_disturb_mode
03-31 17:34:54.981 22294 22321 I VrApi   : System DND mode = false
03-31 17:34:54.981 22294 22321 I MLBUBleRemote: startRemote
03-31 17:34:54.981 22331 22331 E Zygote  : v2
03-31 17:34:54.981 22331 22331 I libpersona: KNOX_SDCARD checking this for 10265
03-31 17:34:54.981 22331 22331 I libpersona: KNOX_SDCARD not a persona
03-31 17:34:54.981 22331 22331 I SELinux : Function: selinux_compare_spd_ram, index[1], SPD-policy is existed. and_ver=SEPF_SECMOBILE_6.0.1 ver=11
03-31 17:34:54.981 22331 22331 W SELinux : Function: selinux_compare_spd_ram, index[1], priority [2], priority version is VE=SEPF_SECMOBILE_6.0.1_0029
03-31 17:34:54.981 22331 22331 E Zygote  : accessInfo : 0
03-31 17:34:54.981 22331 22331 W SELinux : SELinux: seapp_context_lookup: seinfo=release, level=s0:c512,c768, pkgname=com.samsung.android.app.vr.input.service 
03-31 17:34:54.991  3525  4019 I ActivityManager: Start proc 22331:com.samsung.android.app.vr.input.service/u0a265 for service com.samsung.android.app.vr.input.service/.SamsungVRInputService
03-31 17:34:54.991 22294 22321 I VrApi   : ---------- vrapi_EnterVrMode [end] ----------
03-31 17:34:54.991 22294 22294 D VrApp   : com.oculus.vrappframework.VrApp@bb79007 surfaceChanged() format: 4 width: 2560 height: 1440
03-31 17:34:54.991 22294 22294 I App_Android: 0xe89e0000 nativeSurfaceChanged( 0xff8cd490 )
03-31 17:34:54.991  3525  4021 D ConnectivityService: returning getNetworkInfo for network type 1 : [type: WIFI[] - WIFI, state: CONNECTED/CONNECTED, reason: (unspecified), extra: "eduroam", roaming: false, failover: false, isAvailable: true]
03-31 17:34:54.991 22294 22321 W VrApi   : out of order frame index (prev = 0, new = 0)
03-31 17:34:54.991  3525  4042 V WindowStateAnimator: Finishing drawing window Window{548cc64 u0 d0 SurfaceView}: mDrawState=DRAW_PENDING
03-31 17:34:54.991 15190 22330 V VRManagerServer: (VRManagerService.java:740) snDW [Found pkg:rz.NOMADGearvrT pid=22294]
03-31 17:34:54.991 15190 22330 V VRManagerServer: (VRManagerService.java:764) yTqX [setAffinity tid=22317 cpus=[0, 1, 2, 3]]
03-31 17:34:55.001  3525  3544 V WindowStateAnimator: Finishing drawing window Window{548cc64 u0 d0 SurfaceView}: mDrawState=READY_TO_SHOW
03-31 17:34:55.001 22294 22328 I TimeWarp: Waited 0.081 seconds for first call to warp swap.
03-31 17:34:55.001 22331 22331 D TimaKeyStoreProvider: TimaSignature is unavailable
03-31 17:34:55.001 22331 22331 D ActivityThread: Added TimaKeyStore provider
03-31 17:34:55.021 22331 22331 W ResourcesManager: getTopLevelResources: /data/app/com.samsung.android.app.vr.input.service-1/base.apk / 1.0 running in com.samsung.android.app.vr.input.service rsrc of package com.samsung.android.app.vr.input.service
03-31 17:34:55.021  3525  4042 I InjectionManagerService -AppFeature: getCoreFeaturePkgList :[]
03-31 17:34:55.021 22331 22331 I InjectionManager: Inside getClassLibPath + mLibMap{0=, 1=}
03-31 17:34:55.031 22331 22331 D ResourcesManager: For user 0 new overlays fetched Null
03-31 17:34:55.031  3525  4039 V WindowStateAnimator: Finishing drawing window Window{84d0721 u0 d0 com.lrz.NOMADGearvrT/oculus.MainActivity}: mDrawState=DRAW_PENDING
03-31 17:34:55.031 22294 22294 D ViewRootImpl: MSG_RESIZED_REPORT: ci=Rect(0, 0 - 0, 0) vi=Rect(0, 0 - 0, 0) or=2
03-31 17:34:55.031  3525  3544 D InputMethodManagerService: windowGainedFocus mCurrentFocusedUserId - 0 and mSecureKeypadEnabled-false
03-31 17:34:55.031 22331 22331 I InjectionManager: Inside getClassLibPath caller 
03-31 17:34:55.031  3048  3048 D libEGL  : eglInitialize EGLDisplay = 0x7ff547d808
03-31 17:34:55.031 22331 22331 W System  : ClassLoader referenced unknown path: /data/app/com.samsung.android.app.vr.input.service-1/lib/arm64
03-31 17:34:55.031  3525  3631 D KnoxTimeoutHandler: notifyActivityDrawn [MsgParam] userId: 0 fullscreen is true showWhenlocked is false
03-31 17:34:55.031  3525  3525 D KnoxTimeoutHandler: activityDrawn [MsgParam] userId: 0 fullscreen is true showWhenlocked is false
03-31 17:34:55.031  3525  3631 D CustomFrequencyManagerService: releaseDVFSLockLocked : Getting Lock type frm List : DVFS_MIN_LIMIT  frequency : 1800000  uid : 1000  pid : 3525  tag : ACTIVITY_RESUME_BOOSTER@3
03-31 17:34:55.031  3525  3631 I ActivityManager: Displayed com.lrz.NOMADGearvrT/oculus.MainActivity: +790ms
03-31 17:34:55.031  3525  3606 D CustomFrequencyManagerService: acquireDVFSLockLocked : type : DVFS_MIN_LIMIT  frequency : 1800000  uid : 1000  pid : 3525  pkgName : ACTIVITY_RESUME_BOOSTER@9
03-31 17:34:55.031  3525  3631 D ActivityManager: mDVFSHelper.release()
03-31 17:34:55.031  3525  3631 I Timeline: Timeline: Activity_windows_visible id: ActivityRecord{3870c5 u0 com.lrz.NOMADGearvrT/oculus.MainActivity t658} time:236188609
03-31 17:34:55.041  3525  3631 D ViewRootImpl: #3 mView = null
03-31 17:34:55.041  3525  3525 I KnoxTimeoutHandler: SD activityfalse
03-31 17:34:55.041 17384 17384 D SamsungIME: IMPL finishInput
03-31 17:34:55.041 17384 17384 D SamsungIME: SwiftKeyWrapper writeDBdataToFileOnFinishInput
03-31 17:34:55.041 17384 17384 D SamsungIME: saveAndClear +
03-31 17:34:55.041 17384 17384 D SamsungIME: saveAndClear -
03-31 17:34:55.041 22331 22331 V VRInputService[03/15/2017-08:42:20AM][2519860][/1.0.38/38]: at (InputServiceApplication) [onCreate() elapsedTime=1]
03-31 17:34:55.041 22331 22331 D InjectionManager: InjectionManager
03-31 17:34:55.041 22331 22331 D InjectionManager: fillFeatureStoreMap com.samsung.android.app.vr.input.service
03-31 17:34:55.041 17384 17384 D SamsungIME: onStartInput: No inputType, No imeOption, isInputViewShown = false, isExtractViewShown = false, isShowInputRequested = false, isConfigChanged = true
03-31 17:34:55.041 22331 22331 I InjectionManager: Constructor com.samsung.android.app.vr.input.service, Feature store :{}
03-31 17:34:55.041  3525  3631 D PowerManagerService: [api] acquire WakeLock flags=0x2000000a tag=WindowManager uid=1000 pid=3525
03-31 17:34:55.041 22331 22331 I InjectionManager: featureStore :{}
03-31 17:34:55.041  3525  3631 D PowerManagerService: [api] setScreenBrightnessOverrideFromWindowManagerInternal: brightness: 255
03-31 17:34:55.041  3525  3631 D PowerManagerService: updateDisplayPowerStateLocked: Hide QuickPanel Brightness Bar: true
03-31 17:34:55.041  3525  3631 D SettingsProvider: isChangeAllowed() : name = pms_notification_panel_brightness_adjustment
03-31 17:34:55.041  3525  3631 D PowerManagerService: mDisplayReady: false
03-31 17:34:55.041 22331 22331 E VRInputService[03/15/2017-08:42:20AM][2519860][/1.0.38/38]: at (SamsungVRInputService) [onCreate() mAppKeyHashTable Size: 0, Pid: 22331, Uid: 10265, Default StartID:0, Default  mUid:-1]
03-31 17:34:55.041  3525  3636 D DisplayPowerController: animateScreenStateChange[0]: target=2
03-31 17:34:55.041  3525  3636 D DisplayPowerController: [Dual Screen Compatible] state[0] :2
03-31 17:34:55.041  3525  3636 D DisplayPowerController: updatePowerState : mUsingVariableMaxManualBrightness : true
03-31 17:34:55.041  3525  4129 W CAE     : setCAProperty(ContextAwareService.java:578) - [setProperty 01] Mutex is locked for AUTO_BRIGHTNESS
03-31 17:34:55.041  3525  3636 D AutomaticBrightnessController: [DAB] no lux value from sensor manager
03-31 17:34:55.041  3525  4129 D AutomaticBrightnessController: [DAB] setLightSensorEnabled : registerListenerRunnable
03-31 17:34:55.041  3525  4129 I CAE     : setPropertyValue(AutoBrightnessRunner.java:129) - Mode = 0
03-31 17:34:55.041  3525  3636 D DisplayPowerController: getFinalBrightness : Summary is 255 -> 255
03-31 17:34:55.041  3525  3636 D DisplayPowerController: Animating brightness: target=255, rate=2000 (PSM:false, AB limit:(-1 ~ -1) MB Limit:(-1 ~ -1), mUsingVariableMaxManualBrightness)
03-31 17:34:55.041  3525  4129 I CAE     : sendCmdToSensorHub(SensorHubCommManager.java:162) - -63, 23, 48, 1, 0,
03-31 17:34:55.041  3525  3636 D PowerManagerService: [s] DisplayPowerCallbacks : onStateChanged()
03-31 17:34:55.041  3525  4129 D SensorHubManager: SendSensorHubData: send data = -63, 23, 48, 1, 0
03-31 17:34:55.041  3525  3636 D PowerManagerService: mDisplayReady: true
03-31 17:34:55.051  3525  4130 D lights  : lcd : 73 +
03-31 17:34:55.051  3525  4130 D lights  : lcd : 73 -
03-31 17:34:55.051  3525  3636 D DisplayPowerController: animateScreenStateChange[0]: target=2
03-31 17:34:55.051  3525  3636 D DisplayPowerController: [Dual Screen Compatible] state[0] :2
03-31 17:34:55.051  3525  3636 D DisplayPowerController: getFinalBrightness : Summary is 255 -> 255
03-31 17:34:55.051  3525  3636 D DisplayPowerController: Animating brightness: target=255, rate=2000 (PSM:false, AB limit:(-1 ~ -1) MB Limit:(-1 ~ -1), mUsingVariableMaxManualBrightness)
03-31 17:34:55.051  3078 31831 D Sensorhubs: sendContextData: -63, 23, 48, 1, 0
03-31 17:34:55.061  3525  4129 I CAE     : setCAProperty(ContextAwareService.java:583) - result : true
03-31 17:34:55.061  3525  4129 W CAE     : setCAProperty(ContextAwareService.java:584) - [setProperty 02] Mutex is unlocked for AUTO_BRIGHTNESS
03-31 17:34:55.061  3525  4129 D SContext.CaeProvider: setAttribute() : 0
03-31 17:34:55.061  3525  4129 W CAE     : registerCallback(ContextAwareService.java:144) - [regi 01] Mutex is locked for AUTO_BRIGHTNESS
03-31 17:34:55.061  3525  4129 V CAE     : start(ContextProvider.java:128)
03-31 17:34:55.061  3525  4129 V CAE     : clear(AutoBrightnessRunner.java:297)
03-31 17:34:55.061  3525  4129 V CAE     : enable(AutoBrightnessRunner.java:256)
03-31 17:34:55.061  3525  4129 I CAE     : sendCmdToSensorHub(SensorHubCommManager.java:162) - -79, 48, 0,
03-31 17:34:55.061  3525  4129 D SensorHubManager: SendSensorHubData: send data = -79, 48, 0
03-31 17:34:55.061  3078  3144 D Sensorhubs: sendContextData: -79, 48, 0
03-31 17:34:55.061  3525  4130 D lights  : lcd : 107 +
03-31 17:34:55.061  3525  4130 D lights  : lcd : 107 -
03-31 17:34:55.061 22294 22294 D VrApi   : getWindow().addFlags( WindowManager.LayoutParams.FLAG_FULLSCREEN )
03-31 17:34:55.061  3525  3636 D DisplayPowerController: animateScreenStateChange[0]: target=2
03-31 17:34:55.071  3525  3636 D DisplayPowerController: [Dual Screen Compatible] state[0] :2
03-31 17:34:55.071  3525  3636 D DisplayPowerController: getFinalBrightness : Summary is 255 -> 255
03-31 17:34:55.071  3525  3636 D DisplayPowerController: Animating brightness: target=255, rate=2000 (PSM:false, AB limit:(-1 ~ -1) MB Limit:(-1 ~ -1), mUsingVariableMaxManualBrightness)
03-31 17:34:55.071  3525  4129 D CAE     : getFaultDetectionResult(AutoBrightnessRunner.java:311) - true
03-31 17:34:55.071  3525  4129 I CAE     : notifyCmdProcessResultObserver(ContextProvider.java:627) - CheckResult = 0, Cause = Success
03-31 17:34:55.071 22294 22328 I TimeWarp: Waited 0.070 seconds for first choreographer callback.
03-31 17:34:55.071 22294 22328 I TimeWarp: Adjusting  13935130.31 > 0 to 13935130
03-31 17:34:55.071 22294 22321 I TimeWarp: WarpSwap: usleep( 309 )
03-31 17:34:55.071 22294 22328 W GraphicsWrapper_GLES: SetWarpState GL Error: GL_INVALID_OPERATION
03-31 17:34:55.081  3525  4129 D CAE     : doCommendProcess(ContextAwareService.java:433) - complete notify the operation result.
03-31 17:34:55.081  3525  4129 I CAE     : displayUsedCountForService(ContextAwareService.java:525) - totalCnt = 1, serviceCount = 1, subCollectionCount = 0
03-31 17:34:55.081  3525  4129 D CAE     : showListenerList(ContextAwareService.java:366) - ===== Context Aware Service List =====
03-31 17:34:55.081  3525  4129 I CAE     : showListenerList(ContextAwareService.java:375) - Listener : com.samsung.android.contextaware.manager.ContextAwareService$Listener@dc9c523, Service : ACTIVITY_TRACKER_CURRENT_INFO(1)
