--------- beginning of system
03-31 17:34:50.301  3525  6614 D SSRM:n  : SIOP:: AP = 410, PST = 427 (W:26), CP = 324, CUR = -125, LCD = 64
03-31 17:34:50.351  3525  6614 D ConnectivityService: returning getNetworkInfo for network type 1 : [type: WIFI[] - WIFI, state: CONNECTED/CONNECTED, reason: (unspecified), extra: "eduroam", roaming: false, failover: false, isAvailable: true]
03-31 17:34:50.711  3525  4039 D BatteryService: !@BatteryListener : batteryPropertiesChanged!
03-31 17:34:50.711  3525  4039 D BatteryService: level:100, scale:100, status:5, health:2, present:true, voltage: 4339, temperature: 328, technology: Li-ion, AC powered:false, USB powered:true, POGO powered:false, Wireless powered:false, icon:17303414, invalid charger:0, maxChargingCurrent:0
03-31 17:34:50.711  3525  4039 D BatteryService: online:4, current avg:59, charge type:1, power sharing:false, high voltage charger:false, capacity:280000, batterySWSelfDischarging:false, current_now:191
03-31 17:34:50.711  3525  3525 D BatteryService: Sending ACTION_BATTERY_CHANGED.
03-31 17:34:50.721  3525  3525 I MotionRecognitionService: Plugged
03-31 17:34:50.721  3525  3525 E MotionRecognitionService: support TA ~
03-31 17:34:50.721  3525  3525 I MotionRecognitionService: isTAConnected | current backoffstate  = 33792
03-31 17:34:50.721  3525  3525 D MotionRecognitionService:  TA connected ,  33792
03-31 17:34:50.721  3525  3525 I MotionRecognitionService: skip setTransmitPower. 
03-31 17:34:50.721  3525  3525 D MotionRecognitionService:   cableConnection= 1
03-31 17:34:50.721  3525  3525 D MotionRecognitionService: setPowerConnected | current backoffstate  = 33792 , state =33792
03-31 17:34:50.721  3525  3525 D MotionRecognitionService: skip setTransmitPower. 
--------- beginning of main
03-31 17:34:50.731  4181  4181 D KeyguardUpdateMonitor: received broadcast android.intent.action.BATTERY_CHANGED
03-31 17:34:50.731  4181  4181 D KeyguardUpdateMonitor: handleBatteryUpdate
03-31 17:34:50.731  4181  4181 D PowerUI : priorPlugType = 2 mPlugType =  2
03-31 17:34:50.741  5360  5360 D CommonServiceConfiguration: getStringValueSetting
03-31 17:34:50.751  5360  5360 D BatteryMonitor: new battery level: 100
03-31 17:34:50.771  4181  4181 D BatteryMeterView: ACTION_BATTERY_CHANGED : level:100 status:5 health:2
03-31 17:34:50.771  4181  4181 D BatteryMeterView: ACTION_BATTERY_CHANGED : level:100 status:5 health:2
03-31 17:34:52.281  3525  4062 D ConnectivityService: updateCapabilities: oldCap = [ Transports: WIFI Capabilities: INTERNET&NOT_RESTRICTED&TRUSTED&NOT_VPN&VALIDATED LinkUpBandwidth>=1048576Kbps LinkDnBandwidth>=1048576Kbps SignalStrength: -75], newCap = [ Transports: WIFI Capabilities: INTERNET&NOT_RESTRICTED&TRUSTED&NOT_VPN LinkUpBandwidth>=1048576Kbps LinkDnBandwidth>=1048576Kbps SignalStrength: -73]
03-31 17:34:52.281  3525  4062 D ConnectivityService: rematching NetworkAgentInfo [WIFI () - 503]
03-31 17:34:52.281  4181  4432 D NetworkController: onReceive: intent=Intent { act=android.net.wifi.RSSI_CHANGED flg=0x4000010 bqHint=4 (has extras) }
03-31 17:34:52.281  3525  4062 D ConnectivityService:  network has: NetworkAgentInfo{ ni{[type: WIFI[] - WIFI, state: CONNECTED/CONNECTED, reason: (unspecified), extra: "eduroam", roaming: false, failover: false, isAvailable: true]}  network{503}  lp{{InterfaceName: wlan0 LinkAddresses: [2001:4ca0:0:f291:ea50:8bff:fed2:c10f/64,2001:4ca0:0:f291:4564:400c:b12f:b9c/64,2001:4ca0:0:f291:9573:204c:92f0:b3a4/64,10.183.10.254/20,]  Routes: [2001:4ca0:0:f291::/64 -> :: wlan0,::/0 -> fe80::5:73ff:fea0:1 wlan0,10.183.0.0/20 -> 0.0.0.0 wlan0,0.0.0.0/0 -> 10.183.15.254 wlan0,] DnsAddresses: [10.156.33.53,129.187.5.1,] Domains: eduroam.mwn.de MTU: 0 TcpBufferSizes: 524288,1048576,4525824,524288,1048576,4525824}}  nc{[ Transports: WIFI Capabilities: INTERNET&NOT_RESTRICTED&TRUSTED&NOT_VPN&VALIDATED LinkUpBandwidth>=1048576Kbps LinkDnBandwidth>=1048576Kbps SignalStrength: -73]}  Score{60}  everValidated{true}  lastValidated{true}  created{true} lingering{false} explicitlySelected{false} acceptUnvalidated{false} everCaptivePortalDetected{false} lastCaptivePortalDetected{false} }
03-31 17:34:52.281  3525  4062 D ConnectivityService:   checking if request is: NetworkRequest [ id=149, legacyType=-1, [ Capabilities: INTERNET&NOT_RESTRICTED&TRUSTED] ] satisfies: true nri.isRequest: false
03-31 17:34:52.281  3525  4062 D ConnectivityService: Network NetworkAgentInfo [WIFI () - 503] was already satisfying request 1. No change.
03-31 17:34:52.281  3525  4062 D ConnectivityService:   checking if request is: NetworkRequest [ id=178, legacyType=-1, [ Capabilities: INTERNET&NOT_RESTRICTED&TRUSTED&NOT_VPN] ] satisfies: true nri.isRequest: false
03-31 17:34:52.291  3525  4062 D ConnectivityService:   checking if request is: NetworkRequest [ id=5, legacyType=-1, [] ] satisfies: true nri.isRequest: false
03-31 17:34:52.291  3525  4062 D ConnectivityService:   checking if request is: NetworkRequest [ id=4, legacyType=-1, [ Transports: WIFI Capabilities: INTERNET&NOT_RESTRICTED&TRUSTED&NOT_VPN] ] satisfies: true nri.isRequest: false
03-31 17:34:52.291  3525  4062 D ConnectivityService:   checking if request is: NetworkRequest [ id=3, legacyType=-1, [ Transports: CELLULAR Capabilities: INTERNET&NOT_RESTRICTED&TRUSTED&NOT_VPN] ] satisfies: false nri.isRequest: false
03-31 17:34:52.291  3525  4062 D ConnectivityService:   checking if request is: NetworkRequest [ id=6, legacyType=-1, [ Capabilities: NOT_RESTRICTED&TRUSTED&NOT_VPN] ] satisfies: true nri.isRequest: false
03-31 17:34:52.291  3525  4062 D ConnectivityService: notifyType CAP_CHANGED for NetworkAgentInfo [WIFI () - 503]
03-31 17:34:52.291  3525  4062 D ConnectivityService:  sending notification for NetworkRequest [ id=1, legacyType=-1, [ Capabilities: INTERNET&NOT_RESTRICTED&TRUSTED&NOT_VPN] ]
03-31 17:34:52.291  3525  4062 D ConnectivityService:  sending notification for NetworkRequest [ id=4, legacyType=-1, [ Transports: WIFI Capabilities: INTERNET&NOT_RESTRICTED&TRUSTED&NOT_VPN] ]
03-31 17:34:52.291  3525  4062 D ConnectivityService: sending notification CAP_CHANGED for NetworkRequest [ id=4, legacyType=-1, [ Transports: WIFI Capabilities: INTERNET&NOT_RESTRICTED&TRUSTED&NOT_VPN] ]
03-31 17:34:52.291  3525  4062 D ConnectivityService:  sending notification for NetworkRequest [ id=5, legacyType=-1, [] ]
03-31 17:34:52.291  3525  4062 D ConnectivityService: sending notification CAP_CHANGED for NetworkRequest [ id=5, legacyType=-1, [] ]
03-31 17:34:52.291  3525  4062 D ConnectivityService:  sending notification for NetworkRequest [ id=6, legacyType=-1, [ Capabilities: NOT_RESTRICTED&TRUSTED&NOT_VPN] ]
03-31 17:34:52.291  3525  4062 D ConnectivityService: sending notification CAP_CHANGED for NetworkRequest [ id=6, legacyType=-1, [ Capabilities: NOT_RESTRICTED&TRUSTED&NOT_VPN] ]
03-31 17:34:52.301  3525  4062 D ConnectivityService:  sending notification for NetworkRequest [ id=149, legacyType=-1, [ Capabilities: INTERNET&NOT_RESTRICTED&TRUSTED] ]
03-31 17:34:52.301  3525  4062 D ConnectivityService: sending notification CAP_CHANGED for NetworkRequest [ id=149, legacyType=-1, [ Capabilities: INTERNET&NOT_RESTRICTED&TRUSTED] ]
03-31 17:34:52.301  3525  4062 D ConnectivityService:  sending notification for NetworkRequest [ id=178, legacyType=-1, [ Capabilities: INTERNET&NOT_RESTRICTED&TRUSTED&NOT_VPN] ]
03-31 17:34:52.301  3525  4062 D ConnectivityService: sending notification CAP_CHANGED for NetworkRequest [ id=178, legacyType=-1, [ Capabilities: INTERNET&NOT_RESTRICTED&TRUSTED&NOT_VPN] ]
03-31 17:34:52.311  4181  4181 D QSTileView: handleLabelStateChanged() label = WLAN cellWidth 272
03-31 17:34:53.031  3525  3938 D InputReader: Input event(4): value=1 when=236186606280000
03-31 17:34:53.031  3525  3938 D InputReader: Input event(4): value=1 when=236186606280000
03-31 17:34:53.031  3525  3938 I InputReader: Touch event's action is 0x0 (deviceType=0) [pCnt=1, s=0.3176 ] when=236186606280000
03-31 17:34:53.031  3525  3938 D InputReader: lastThreadEndTime = 236169125779029, currentThreadStartTime = 236169125783904, diff = 0
03-31 17:34:53.031  3525  3937 I InputDispatcher: Delivering touch to (4181): action: 0x4, toolType: 1
03-31 17:34:53.031  3525  3937 I InputDispatcher: Delivering touch to (21339): action: 0x0, toolType: 1
03-31 17:34:53.031 21339 21339 D ViewRootImpl: ViewPostImeInputStage processPointer 0
03-31 17:34:53.031 21339 21339 D Jack    : ****** start thread******
03-31 17:34:53.121  3525  3938 D InputReader: Input event(4): value=0 when=236186695813000
03-31 17:34:53.121  3525  3938 D InputReader: Input event(4): value=0 when=236186695813000
03-31 17:34:53.121  3525  3938 I InputReader: Touch event's action is 0x1 (deviceType=0) [pCnt=1, s=] when=236186695813000
03-31 17:34:53.121  3525  3937 I InputDispatcher: Delivering touch to (21339): action: 0x1, toolType: 1
03-31 17:34:53.121 21339 21339 D ViewRootImpl: ViewPostImeInputStage processPointer 1
03-31 17:34:53.191  3525  3981 V AudioService: AudioService playSoundEffect Type : 0, volume : -1.0
03-31 17:34:53.191  3525  4075 V AudioService: received MSG_PLAY_SOUND_EFFECT onPlaySoundEffect start
03-31 17:34:53.191  3067  2289 I APM::AudioPolicyManager: getSituationVolume: isBTConnected:0 isHeadConnected:0
03-31 17:34:53.191 21339 21339 D ProviderUtility: update: /storage/emulated/0/Download/39409.ncfg
03-31 17:34:53.201  3067  2290 W AudioPolicyIntefaceImpl: Skipped to add effects on session 2163
03-31 17:34:53.201  3067  2290 I APM::AudioPolicyManager: startOutput() output 4, stream 1, session 2163
03-31 17:34:53.201  3067  3704 D audio_hw_primary: out_set_parameters: enter: kvpairs: routing=2
03-31 17:34:53.211  3067  3704 D AudioFlinger: setCurDevice() 0x2
03-31 17:34:53.221  3067  3704 V audio_hw_primary: start_output_stream+, out->device : 00000002 , out->type = 1
03-31 17:34:53.221 21339 21339 D AbsListView: Get MotionRecognitionManager
03-31 17:34:53.261  3067  3704 D audio_hw_primary: start_output_stream (0xf1b6cee0) out->pcm_device:6 out->config.rate:48000 out->config.format:0 out->period_size:240
03-31 17:34:53.261  3067  3704 D audio_hw_primary: start_output_stream (0xf1b6cee0) out->config.rate:48000 out->config.format:0 out->period_size:240
03-31 17:34:53.261  3067  3704 V audio_hw_primary: select_devices output_scenario:0 input_scenario:-1 out_snd_device 0x2 in_snd_device:0x0
03-31 17:34:53.261  3067  3704 I audio_route: 
03-31 17:34:53.261  3067  3704 I audio_route: > audio_route_reset :
03-31 17:34:53.261  3067  3704 I audio_route: 
03-31 17:34:53.261  3067  3704 I audio_route: > audio_route_apply_path : "media-speaker"
03-31 17:34:53.271  3525  3967 V AlarmManager:  remove PendingIntent] PendingIntent{f8b70c: PendingIntentRecord{2dbb2c9 com.oculus.horizon broadcastIntent}}
03-31 17:34:53.281 21339 21348 I art     : Background sticky concurrent mark sweep GC freed 2300(162KB) AllocSpace objects, 0(0B) LOS objects, 1% free, 20MB/21MB, paused 5.793ms total 51.286ms
03-31 17:34:53.291 31525 31616 I System.out: (HTTPLog)-Static: isSBSettingEnabled false
03-31 17:34:53.291 31525 31616 I System.out: (HTTPLog)-Static: isSBSettingEnabled false
03-31 17:34:53.291 21339 21339 D ViewRootImpl: #1 mView = com.android.internal.policy.PhoneWindow$DecorView{c622e34 V.E...... R.....I. 0,0-0,0}
03-31 17:34:53.291  3059  3697 D EnterpriseController: netId is 0
03-31 17:34:53.291  3059  3697 D Netd    : getNetworkForDns: using netid 503 for uid 10213
03-31 17:34:53.291  3525  4019 D ISSUE_DEBUG: InputChannelName : 594626a com.asus.filemanager/com.asus.filemanager.activity.FileManagerActivity
03-31 17:34:53.301  3525  3610 D StatusBarManagerService: manageDisableList userId=0 what=0x0 pkg=Window{594626a u0 d0 com.asus.filemanager/com.asus.filemanager.activity.FileManagerActivity}
03-31 17:34:53.301  3525  4019 D InputDispatcher: Focus left window: 21339
03-31 17:34:53.301  3525  4019 D InputDispatcher: Focus entered window: 21339
03-31 17:34:53.301  4181  4181 D PhoneStatusBar: setSystemUiVisibility vis=8000 mask=ffffffff oldVal=8600 newVal=8000 diff=600
03-31 17:34:53.301  3525  3631 D PointerIcon: setMouseIconStyle1 pointerType: 1001 iconType:101 flag:0 pid:3525 uid:1000
03-31 17:34:53.301  3525  3631 D PointerIcon: setMouseCustomIcon IconType is same.101
03-31 17:34:53.301  3525  3610 D RestrictionPolicy: isStatusBarExpansionAllowedAsUser : true, userId = 0
03-31 17:34:53.301  3525  3610 D RestrictionPolicy: isStatusBarExpansionAllowedAsUser : true, userId = 0
03-31 17:34:53.311  3048  3048 I SurfaceFlinger: id=5328 createSurf (1x1),1 flag=4, GileManager
03-31 17:34:53.331 21339 22082 D mali_winsys: new_window_surface returns 0x3000,  [1696x1300]-format:1
03-31 17:34:53.351  3067  3704 V audio_hw_primary: select_devices() output_route "media-speaker" 
03-31 17:34:53.351  3067  3704 I audio_route: 
03-31 17:34:53.351  3067  3704 I audio_route: > audio_route_apply_path : "gain-media-speaker"
03-31 17:34:53.351  3067  3704 V audio_hw_primary: select_devices() output_gain "gain-media-speaker" 
03-31 17:34:53.351  3067  3704 I audio_route: 
03-31 17:34:53.351  3067  3704 I audio_route: > audio_route_update_mixer : +
03-31 17:34:53.351  3067  3704 I audio_route: > audio_route_update_mixer : changed(0) -
03-31 17:34:53.351  3067  3704 I audio_hw_primary: select_devices - 
03-31 17:34:53.351  3067  3704 V audio_hw_primary: start_output_stream-
03-31 17:34:53.391  3525  3981 V WindowStateAnimator: Finishing drawing window Window{594626a u0 d0 com.asus.filemanager/com.asus.filemanager.activity.FileManagerActivity}: mDrawState=DRAW_PENDING
03-31 17:34:53.391 21339 21339 D ViewRootImpl: MSG_RESIZED_REPORT: ci=Rect(0, 0 - 0, 0) vi=Rect(0, 0 - 0, 0) or=2
03-31 17:34:53.391  3048  3048 D libEGL  : eglInitialize EGLDisplay = 0x7ff547d808
03-31 17:34:53.401  3525  3631 D KnoxTimeoutHandler: notifyActivityDrawn [MsgParam] userId: 0 fullscreen is true showWhenlocked is false
03-31 17:34:53.401  3525  3525 D KnoxTimeoutHandler: activityDrawn [MsgParam] userId: 0 fullscreen is true showWhenlocked is false
03-31 17:34:53.401  3525  3525 I KnoxTimeoutHandler: SD activityfalse
03-31 17:34:53.401  3525  3987 V AlarmManager:  remove PendingIntent] PendingIntent{b2be2d3: PendingIntentRecord{4f0d500 com.google.android.gms broadcastIntent}}
03-31 17:34:53.431  3067  3579 I APM::AudioPolicyManager: stopOutput() output 4, stream 1, session 2163
03-31 17:34:53.441  3048  3048 D libEGL  : eglInitialize EGLDisplay = 0x7ff547d808
03-31 17:34:53.441  3525  4045 V WindowStateAnimator: Finishing drawing window Window{594626a u0 d0 com.asus.filemanager/com.asus.filemanager.activity.FileManagerActivity}: mDrawState=HAS_DRAWN
03-31 17:34:53.461  3525  3967 V AlarmManager:  remove PendingIntent] PendingIntent{4c7d92f: PendingIntentRecord{fb4e57a com.google.android.gms broadcastIntent}}
03-31 17:34:53.901 31525 31616 I WakeupUtil: Call Home wakeup for: DO_LOGGING
03-31 17:34:53.931  3525  3606 V BroadcastQueue: [background] Process cur broadcast BroadcastRecord{69dfb3c u0 com.oculus.home.wakeup qIdx=4}, state= (APP_RECEIVE) DELIVERED for app ProcessRecord{abe9742 22168:com.oculus.home/u0a213}
03-31 17:34:54.031  3525  3938 D InputReader: Input event(4): value=1 when=236187608376000
03-31 17:34:54.031  3525  3938 D InputReader: Input event(4): value=1 when=236187608376000
03-31 17:34:54.031  3525  3938 I InputReader: Touch event's action is 0x0 (deviceType=0) [pCnt=1, s=0.3177 ] when=236187608376000
03-31 17:34:54.031  3525  3938 D InputReader: lastThreadEndTime = 236186696016288, currentThreadStartTime = 236186696018204, diff = 0
03-31 17:34:54.031  3525  3937 I InputDispatcher: Delivering touch to (4181): action: 0x4, toolType: 1
03-31 17:34:54.031  3525  3937 I InputDispatcher: Delivering touch to (21339): action: 0x0, toolType: 1
03-31 17:34:54.031 21339 21339 D ViewRootImpl: ViewPostImeInputStage processPointer 0
03-31 17:34:54.111  3525  3938 D InputReader: Input event(4): value=0 when=236187687144000
03-31 17:34:54.111  3525  3938 D InputReader: Input event(4): value=0 when=236187687144000
03-31 17:34:54.111  3525  3938 I InputReader: Touch event's action is 0x1 (deviceType=0) [pCnt=1, s=] when=236187687144000
03-31 17:34:54.111  3525  3937 I InputDispatcher: Delivering touch to (21339): action: 0x1, toolType: 1
03-31 17:34:54.111 21339 21339 D ViewRootImpl: ViewPostImeInputStage processPointer 1
03-31 17:34:54.141  3048  3048 D libEGL  : eglInitialize EGLDisplay = 0x7ff547d808
03-31 17:34:54.181  3525  4045 V AudioService: AudioService playSoundEffect Type : 0, volume : -1.0
03-31 17:34:54.181  3525  4075 V AudioService: received MSG_PLAY_SOUND_EFFECT onPlaySoundEffect start
03-31 17:34:54.181  3067  2290 I APM::AudioPolicyManager: getSituationVolume: isBTConnected:0 isHeadConnected:0
03-31 17:34:54.181  3067  4468 W AudioPolicyIntefaceImpl: Skipped to add effects on session 2164
03-31 17:34:54.181  3067  4468 I APM::AudioPolicyManager: startOutput() output 4, stream 1, session 2164
03-31 17:34:54.191  3067  3704 D audio_hw_primary: out_set_parameters: enter: kvpairs: routing=2
03-31 17:34:54.201  3067  3704 I audio_hw_primary: out_set_parameters adev->out_device:2
03-31 17:34:54.201  3067  3704 V audio_hw_primary: select_devices output_scenario:0 input_scenario:-1 out_snd_device 0x2 in_snd_device:0x0
03-31 17:34:54.201  3067  3704 I audio_hw_primary: select_devices - do not update mixer_path
03-31 17:34:54.201  3067  3704 D AudioFlinger: setCurDevice() 0x2
03-31 17:34:54.201  3525  3978 W ResourcesManager: getTopLevelResources: /data/app/com.lrz.NOMADGearvrT-1/base.apk / 1.0 running in null rsrc of package com.lrz.NOMADGearvrT
03-31 17:34:54.201  3525  3978 D ResourcesManager: For user 0 new overlays fetched Null
03-31 17:34:54.201  3525  3978 D GameManagerService: identifyGamePackage. com.lrz.NOMADGearvrT
03-31 17:34:54.201  3525  3978 D MultiWindowPolicy: Gamemode - return 0,  when calling  identifyForegroundApp(com.lrz.NOMADGearvrT)
03-31 17:34:54.201  3525  3978 D CustomFrequencyManagerService: acquireDVFSLockLocked : type : DVFS_MIN_LIMIT  frequency : 1800000  uid : 1000  pid : 3525  pkgName : ACTIVITY_RESUME_BOOSTER@3
03-31 17:34:54.211  3525  3978 D ActivityManager: mDVFSHelper.acquire()
03-31 17:34:54.211  3525  3978 V WindowManager: addAppToken: AppWindowToken{582d94b token=Token{7c23a1a ActivityRecord{3870c5 u0 com.lrz.NOMADGearvrT/oculus.MainActivity t658}}} to stack=1 task=658 at 1
03-31 17:34:54.211  3525  3978 D InputDispatcher: Focused application set to: xxxx
03-31 17:34:54.211  3525  3610 D StatusBarManagerService: manageDisableList userId=0 what=0x0 pkg=Window{b5355a6 u0 d0 com.asus.filemanager/com.asus.filemanager.activity.FileManagerActivity}
03-31 17:34:54.211  3525  3978 D InputDispatcher: Focus left window: 21339
03-31 17:34:54.211  4181  4181 D PhoneStatusBar: setSystemUiVisibility vis=8600 mask=ffffffff oldVal=8000 newVal=8600 diff=600
03-31 17:34:54.211  3525  3631 D SecWifiDisplayUtil: Metadata value : SecSettings2
03-31 17:34:54.211  3525  3631 D ViewRootImpl: #1 mView = com.android.internal.policy.PhoneWindow$DecorView{fa3bf27 V.E...... R.....ID 0,0-0,0}
03-31 17:34:54.211  3525  3610 D RestrictionPolicy: isStatusBarExpansionAllowedAsUser : true, userId = 0
03-31 17:34:54.211  3525  3631 D ISSUE_DEBUG: InputChannelName : 3b0f37d Starting com.lrz.NOMADGearvrT
03-31 17:34:54.221  3525  3610 D RestrictionPolicy: isStatusBarExpansionAllowedAsUser : true, userId = 0
03-31 17:34:54.221  3525  3631 D PointerIcon: setMouseIconStyle1 pointerType: 1001 iconType:101 flag:0 pid:3525 uid:1000
03-31 17:34:54.221  3525  3631 D PointerIcon: setMouseCustomIcon IconType is same.101
03-31 17:34:54.221  3048  3048 I SurfaceFlinger: id=5329 createSurf (1x1),1 flag=404, OOMADGearvr
03-31 17:34:54.231  3048  4683 D libEGL  : eglTerminate EGLDisplay = 0x7f9d3ede78
03-31 17:34:54.231  3048  4683 D libEGL  : eglTerminate EGLDisplay = 0x7f9d3ede78
03-31 17:34:54.231 21339 21339 D ViewRootImpl: #3 mView = null
03-31 17:34:54.231  3067  3704 D AudioFlinger: mixer(0xee740000) throttle end: throttle time(4)
03-31 17:34:54.241  3525  3631 D ViewRootImpl: MSG_RESIZED_REPORT: ci=Rect(0, 0 - 0, 0) vi=Rect(0, 0 - 0, 0) or=2
03-31 17:34:54.241 21339 21339 D FileListFragment: onPause
03-31 17:34:54.241 21339 21339 D SearchResultFragment: SearchResultFragment onPause
03-31 17:34:54.241 21339 22115 D FileListFragment: mWatchPath:/sdcard/Download+sEditIsProcessing:true
03-31 17:34:54.251 22294 22294 E Zygote  : v2
03-31 17:34:54.251 22294 22294 I libpersona: KNOX_SDCARD checking this for 10264
03-31 17:34:54.251 22294 22294 I libpersona: KNOX_SDCARD not a persona
03-31 17:34:54.251 22294 22294 I SELinux : Function: selinux_compare_spd_ram, index[1], SPD-policy is existed. and_ver=SEPF_SECMOBILE_6.0.1 ver=11
03-31 17:34:54.251 22294 22294 W SELinux : Function: selinux_compare_spd_ram, index[1], priority [2], priority version is VE=SEPF_SECMOBILE_6.0.1_0029
03-31 17:34:54.251  3525  4021 I ActivityManager: Start proc 22294:com.lrz.NOMADGearvrT/u0a264 for activity com.lrz.NOMADGearvrT/oculus.MainActivity
03-31 17:34:54.251 22294 22294 E Zygote  : accessInfo : 0
03-31 17:34:54.261 22294 22294 W SELinux : SELinux: seapp_context_lookup: seinfo=default, level=s0:c512,c768, pkgname=com.lrz.NOMADGearvrT 
03-31 17:34:54.261 21339 21339 E ViewRootImpl: sendUserActionEvent() mView == null
03-31 17:34:54.261  3525  4034 D NetworkPolicy: isUidForegroundLocked: 10264, mScreenOn: true, uidstate: -1, mProxSensorScreenOff: false
03-31 17:34:54.271  3525  3544 V AlarmManager:  remove PendingIntent] PendingIntent{9f91b40: PendingIntentRecord{fb4e57a com.google.android.gms broadcastIntent}}
03-31 17:34:54.271 22294 22294 D TimaKeyStoreProvider: TimaSignature is unavailable
03-31 17:34:54.271 22294 22294 D ActivityThread: Added TimaKeyStore provider
03-31 17:34:54.271  3525  4042 V WindowOrientationListener: setCurrentAppOrientation :0
03-31 17:34:54.271  3525  4042 V WindowOrientationListener: OrientationSensorJudge.getProposedRotation, Rotation: -1
03-31 17:34:54.271  3525  4042 V WindowManager: rotationForOrientationLw(orient=0, last=1); user=1  sensorRotation=-1 mLidState=-1 mDockMode=0 mHdmiPlugged=false mMobileKeyboardEnabled=false displayId=0
03-31 17:34:54.271  3525  4042 V WindowOrientationListener: OrientationSensorJudge.getProposedRotation, Rotation: -1
03-31 17:34:54.271  3525  4042 D ActivityManager:  Launching com.lrz.NOMADGearvrT, updated priority
03-31 17:34:54.281  3525  3631 V WindowStateAnimator: Finishing drawing window Window{3b0f37d u0 d0 Starting com.lrz.NOMADGearvrT}: mDrawState=DRAW_PENDING
03-31 17:34:54.281  3525  3525 D GameManagerService: NotifyRunnable. pkg: com.lrz.NOMADGearvrT, type: 4, isMinimized: false, isTunableApp: false
03-31 17:34:54.281  4181  4181 D PanelView: updateQsState
03-31 17:34:54.281  4181  4181 D KeyguardSwipeHelper: reset()
03-31 17:34:54.281  4181  4181 D KeyguardUnlockEventHandler: reset()
03-31 17:34:54.281  4181  4181 D KeyguardSwipeHelper: resetChildViewVI()
03-31 17:34:54.281  3067  3579 I APM::AudioPolicyManager: stopOutput() output 4, stream 1, session 2164
03-31 17:34:54.291 22294 22294 W ResourcesManager: getTopLevelResources: /data/app/com.lrz.NOMADGearvrT-1/base.apk / 1.0 running in com.lrz.NOMADGearvrT rsrc of package com.lrz.NOMADGearvrT
03-31 17:34:54.291  3048  3048 D libEGL  : eglInitialize EGLDisplay = 0x7ff547d808
03-31 17:34:54.291  3525  4045 I InjectionManagerService -AppFeature: getCoreFeaturePkgList :[]
03-31 17:34:54.291 22294 22294 I InjectionManager: Inside getClassLibPath + mLibMap{0=, 1=}
03-31 17:34:54.291  3525  3606 V MARsPolicyManager: updatePackagesScore PackageInfo name -- com.lrz.NOMADGearvrT
03-31 17:34:54.291  3525  3610 W ContextImpl: Calling a method in the system process without a qualified user: android.app.ContextImpl.sendBroadcast:830 com.android.server.policy.PhoneWindowManager.notifyToSSRM:8657 com.android.server.policy.PhoneWindowManager.access$1500:309 com.android.server.policy.PhoneWindowManager$PolicyHandler.handleMessage:1208 android.os.Handler.dispatchMessage:102 
03-31 17:34:54.291  3525  6614 D GameManagerService: identifyGamePackage. com.lrz.NOMADGearvrT
03-31 17:34:54.291 22294 22294 D ResourcesManager: For user 0 new overlays fetched Null
03-31 17:34:54.291  3525  6614 D GameManagerService: identifyGamePackage. com.lrz.NOMADGearvrT
03-31 17:34:54.291  4181  4181 D PhoneStatusBar: setSystemUiVisibility vis=8000 mask=ffffffff oldVal=8600 newVal=8000 diff=600
03-31 17:34:54.291  3525  3610 D StatusBarManagerService: manageDisableList userId=0 what=0x0 pkg=Window{3b0f37d u0 d0 Starting com.lrz.NOMADGearvrT}
03-31 17:34:54.291  3525  3610 D RestrictionPolicy: isStatusBarExpansionAllowedAsUser : true, userId = 0
03-31 17:34:54.291 22294 22294 I InjectionManager: Inside getClassLibPath caller 
03-31 17:34:54.291  3525  3610 D RestrictionPolicy: isStatusBarExpansionAllowedAsUser : true, userId = 0
03-31 17:34:54.301 22294 22294 D InjectionManager: InjectionManager
03-31 17:34:54.301 22294 22294 D InjectionManager: fillFeatureStoreMap com.lrz.NOMADGearvrT
03-31 17:34:54.301 22294 22294 I InjectionManager: Constructor com.lrz.NOMADGearvrT, Feature store :{}
03-31 17:34:54.301 22294 22294 I InjectionManager: featureStore :{}
03-31 17:34:54.301 22294 22294 D NOMADGearvrT: LoadLibrary
03-31 17:34:54.301  3048  4389 D libEGL  : eglTerminate EGLDisplay = 0x7f9eefee78
03-31 17:34:54.301  3048  4389 D libEGL  : eglTerminate EGLDisplay = 0x7f9eefee78
03-31 17:34:54.311 22294 22294 W ResourcesManager: getTopLevelResources: /data/app/com.lrz.NOMADGearvrT-1/base.apk / 1.0 running in com.lrz.NOMADGearvrT rsrc of package com.lrz.NOMADGearvrT
03-31 17:34:54.311 22294 22294 W ResourcesManager: getTopLevelResources: /data/app/com.lrz.NOMADGearvrT-1/base.apk / 1.0 running in com.lrz.NOMADGearvrT rsrc of package com.lrz.NOMADGearvrT
03-31 17:34:54.321 22294 22294 D VrActivity: oculus.MainActivity@3d9b317 onCreate()
03-31 17:34:54.321 22294 22294 I VrApiLoader: Loading com.oculus.systemactivities version 1.13.0-53174801 code 53174801
03-31 17:34:54.321  3525  6614 D ConnectivityService: returning getNetworkInfo for network type 1 : [type: WIFI[] - WIFI, state: CONNECTED/CONNECTED, reason: (unspecified), extra: "eduroam", roaming: false, failover: false, isAvailable: true]
03-31 17:34:54.321 22294 22294 W ResourcesManager: getTopLevelResources: /data/app/com.oculus.systemactivities-1/base.apk / 1.0 running in com.lrz.NOMADGearvrT rsrc of package com.oculus.systemactivities
03-31 17:34:54.321 22294 22294 D ResourcesManager: For user 0 new overlays fetched Null
03-31 17:34:54.321 22294 22294 I InjectionManager: Inside getClassLibPath caller 
03-31 17:34:54.321 22294 22294 V VrDriverRouter: Routing VrApi to driver package
03-31 17:34:54.321 22294 22294 W ResourcesManager: getTopLevelResources: /data/app/com.oculus.systemdriver-2/base.apk / 1.0 running in com.lrz.NOMADGearvrT rsrc of package com.oculus.systemdriver
03-31 17:34:54.321 22294 22294 D ResourcesManager: For user 0 new overlays fetched Null
03-31 17:34:54.321 22294 22294 I InjectionManager: Inside getClassLibPath caller 
03-31 17:34:54.331 22294 22294 V VrDriver: Loading Legacy VrDriver...
03-31 17:34:54.331  3525  6614 D ConnectivityService: returning getNetworkInfo for network type 1 : [type: WIFI[] - WIFI, state: CONNECTED/CONNECTED, reason: (unspecified), extra: "eduroam", roaming: false, failover: false, isAvailable: true]
03-31 17:34:54.331 22294 22294 W LocalPreferences: System Property debug.oculus.srgbScanoutSupported name is longer than max allowed 32
03-31 17:34:54.331  3525  6614 D GameManagerService: identifyGamePackage. com.lrz.NOMADGearvrT
03-31 17:34:54.331 22294 22294 I VrApi   : ----------- vrapi_Initialize ----------
03-31 17:34:54.351 22294 22294 D libEGL  : loaded /vendor/lib/egl/libGLES_mali.so
03-31 17:34:54.481 22294 22294 D libEGL  : eglInitialize EGLDisplay = 0xff8cd0dc
03-31 17:34:54.481 22294 22294 D VrApi   : onInitialize
03-31 17:34:54.481 22294 22294 D ScreenCaptureReceiver: startReceiver
03-31 17:34:54.481 22294 22294 D VrApi   : client stopping TrackingService
03-31 17:34:54.501 22294 22294 D VrApi   : VrApi::getScenario: 1
03-31 17:34:54.501 22294 22294 D LoggingService: Binding to logging service
03-31 17:34:54.501 22294 22294 D LoggingService: Logging Package version: 3.2.0.9.113
03-31 17:34:54.501 22294 22294 I LocalPreferences: ovr_InitLocalPreferences devmode=true
03-31 17:34:54.501 22294 22294 W LocalPreferences: System Property debug.oculus.srgbScanoutSupported name is longer than max allowed 32
03-31 17:34:54.501 22294 22294 I OVR     : Couldn't open /sdcard/.oculusprefs
03-31 17:34:54.501 22294 22294 I LocalPreferences: failed to load /sdcard/.oculusprefs (make sure READ_EXTERNAL_STORAGE is available)
03-31 17:34:54.501 22294 22294 D VrApi   : hasVrPermissions
03-31 17:34:54.501 22294 22294 D VrApi   : getDeviceProperty: device_model
03-31 17:34:54.501 22294 22294 D VrApi   : getVrHelperProperty: hmt_device_model: SM-R322
03-31 17:34:54.501 22294 22294 D VrApi   : getDeviceProperty: replace_samsung
03-31 17:34:54.511  3048  3233 I SurfaceFlinger: id=5328 Removed GileManager (5/9)
03-31 17:34:54.511  3048  3231 I SurfaceFlinger: id=5328 Removed GileManager (-2/9)
03-31 17:34:54.511 22294 22294 D VrApi   : VrApi::getScenario: 1
03-31 17:34:54.511 22294 22294 D VrApi   : getDeviceProperty: device_model
03-31 17:34:54.511 22294 22294 D VrApi   : getDeviceProperty: device_gpu
03-31 17:34:54.511 22294 22294 D VrApi   : getDeviceProperty: device_support_sdcard_path
03-31 17:34:54.511 15190 15202 V VRManagerServer: (VRManagerService.java:1487) AmLH [subSystemfuse path=/storage/emulated/0 state=mounted]
03-31 17:34:54.511 15190 15202 V VRManagerServer: (VRManagerService.java:1487) AmLH [subSystemprivate path=/storage/Private state=unmounted]
03-31 17:34:54.511 22294 22294 D VRManagerGearVR: Property Type device_support_sdcard_path is not supported.
03-31 17:34:54.521  3048  3048 D libEGL  : eglTerminate EGLDisplay = 0x7ff547d938
03-31 17:34:54.521  3525  3631 D WindowAnimator: Skip setting animation background if there is an exiting window only.
03-31 17:34:54.531 31525 31599 W ResourcesManager: getTopLevelResources: /data/app/com.lrz.NOMADGearvrT-1/base.apk / 1.0 running in com.oculus.horizon rsrc of package com.lrz.NOMADGearvrT
03-31 17:34:54.531 31525 31599 D ResourcesManager: For user 0 new overlays fetched Null
03-31 17:34:54.541  3048  3233 I SurfaceFlinger: id=5327 Removed GileManager (3/8)
03-31 17:34:54.541  3048  3231 I SurfaceFlinger: id=5327 Removed GileManager (-2/8)
03-31 17:34:54.551 22294 22294 I VrApi   : Initializing audio capture.
03-31 17:34:54.551 22294 22294 D AudioService: isLiveStreamingSupported
03-31 17:34:54.551 22294 22294 D AudioService: Binding to audio capture service
03-31 17:34:54.551 22294 22294 D AudioService: Horizon version: 3.2.0.9.113
03-31 17:34:54.561  3048  3048 D libEGL  : eglTerminate EGLDisplay = 0x7ff547d938
03-31 17:34:54.561 22294 22294 W AudioCapture: dlsym() failed for _ZN7android10AudioTrack13releaseBufferEPNS0_6BufferE
03-31 17:34:54.561 22294 22319 I JniUtils: Creating temporary JNIEnv
03-31 17:34:54.561 22294 22294 D VrApi   : getDeviceProperty: device_model
03-31 17:34:54.561 22294 22294 W LocalPreferences: System Property debug.oculus.srgbScanoutSupported name is longer than max allowed 32
03-31 17:34:54.561 22294 22294 I OVR     : Couldn't open /sdcard/.oculusprefs
03-31 17:34:54.561 22294 22294 I LocalPreferences: failed to load /sdcard/.oculusprefs (make sure READ_EXTERNAL_STORAGE is available)
03-31 17:34:54.571 21388 21486 D VRSVC   : (DistortionFileProvider.java:72) openAssetFile [Uri=content://com.samsung.android.hmt.vrsvc.distortion mode=r model=SM-R322]
03-31 17:34:54.571 21388 21486 V VRSVC   : (DistortionFileManager.java:118) wtkw [vr model=SM-R322 device=SM-G920F distortion=distortion/distortion_R322_G920.bin]
03-31 17:34:54.571 21388 21486 V VRSVC   : (DistortionFileManager.java:54) yTqX [fileName=distortion/distortion_R322_G920.bin]
03-31 17:34:54.571 21388 21486 V VRSVC   : (DistortionFileManager.java:155) yTqX [copyAssetToFile.. assetPath=distortion/distortion_R322_G920.bin file=/data/user/0/com.samsung.android.hmt.vrsvc/cache/distortion/distortion_R322_G920.bin overWrite=true]
03-31 17:34:54.571 21388 21486 V VRSVC   : (DistortionFileManager.java:160) yTqX [delete /data/user/0/com.samsung.android.hmt.vrsvc/cache/distortion/distortion_R322_G920.bin]
03-31 17:34:54.571 22294 22294 I Distortion: Loaded distortion file from VRSVC
03-31 17:34:54.571 22294 22294 I Distortion: ovrDistortionMeshHeader::magic = 0x56347806
03-31 17:34:54.571 22294 22294 I Distortion: ovrDistortionMeshHeader::deviceModel = 0x472D4D53
03-31 17:34:54.571 22294 22294 I Distortion: ovrDistortionMeshHeader::headsetModel = 0x0
03-31 17:34:54.571 22294 22294 I Distortion: ovrDistortionMeshHeader::eyeBlocksWide = 32
03-31 17:34:54.571 22294 22294 I Distortion: ovrDistortionMeshHeader::eyeBlocksHigh = 32
03-31 17:34:54.571 22294 22294 I Distortion: ovrDistortionMeshHeader::lensSeparationMeters = 0.063000
03-31 17:34:54.571 22294 22294 I Distortion: ovrDistortionMeshHeader::horizontalOffsetMeters = 0.000000
03-31 17:34:54.571 22294 22294 I Distortion: ovrDistortionMeshHeader::displayWidthMeters = 0.125000
03-31 17:34:54.571 22294 22294 I Distortion: ovrDistortionMeshHeader::displayHeightMeters = 0.070700
03-31 17:34:54.571 22294 22294 I Distortion: ovrDistortionMeshHeader::displayWidthPixels = 2560
03-31 17:34:54.571 22294 22294 I Distortion: ovrDistortionMeshHeader::displayHeightPixels = 1440
03-31 17:34:54.571 22294 22294 I Distortion: ovrDistortionMeshHeader::eyeTextureWidthPixels = 1024
03-31 17:34:54.571 22294 22294 I Distortion: ovrDistortionMeshHeader::eyeTextureHeightPixels = 1024
03-31 17:34:54.571 22294 22294 I Distortion: ovrDistortionMeshHeader::eyeTextureFovDegreesX = 90
03-31 17:34:54.571 22294 22294 I Distortion: ovrDistortionMeshHeader::eyeTextureFovDegreesY = 90
03-31 17:34:54.571 22294 22294 D VrActivity: username = guest
03-31 17:34:54.571 22294 22294 D VrActivity: action:android.intent.action.VIEW
03-31 17:34:54.571 22294 22294 D VrActivity: type:text/*
03-31 17:34:54.571 22294 22294 D VrActivity: fromPackageName:
03-31 17:34:54.571 22294 22294 D VrActivity: command:
03-31 17:34:54.571 22294 22294 D VrActivity: uri:file:///sdcard/Download/39409.ncfg
03-31 17:34:54.571 22294 22294 I OvrApp  : nativeSetAppInterface
03-31 17:34:54.571 22294 22294 I App_Android: VrAppInterface::SetActivity:   file:///sdcard/Download/39409.ncfg
03-31 17:34:54.571 22294 22294 I App_Android: new AppLocal( 0xf4856d20 0xff8cd760 0xf486be60 )
03-31 17:34:54.571 22294 22294 I App     : ----------------- AppLocal::AppLocal() -----------------
03-31 17:34:54.581 22294 22294 I PathUtils: StorageFolderPaths[0][0] = /data/
03-31 17:34:54.581 22294 22294 I PathUtils: StorageFolderPaths[0][1] = /data/user/0/com.lrz.NOMADGearvrT/files/
03-31 17:34:54.581 22294 22294 I PathUtils: StorageFolderPaths[0][2] = /data/user/0/com.lrz.NOMADGearvrT/cache/
03-31 17:34:54.581 22294 22294 I PathUtils: StorageFolderPaths[1][0] = /storage/emulated/0/
03-31 17:34:54.581 22294 22294 I PathUtils: StorageFolderPaths[1][1] = /storage/emulated/0/Android/data/com.lrz.NOMADGearvrT/files/
03-31 17:34:54.581 22294 22294 I PathUtils: StorageFolderPaths[1][2] = /storage/emulated/0/Android/data/com.lrz.NOMADGearvrT/cache/
03-31 17:34:54.581 22294 22294 I PathUtils: StorageFolderPaths[2][0] = /storage/extSdCard/
03-31 17:34:54.581 22294 22294 I PathUtils: StorageFolderPaths[2][1] = 
03-31 17:34:54.581 22294 22294 I PathUtils: StorageFolderPaths[2][2] = 
03-31 17:34:54.581 22294 22294 W UserProfile: Failed to load user profile "/sdcard/Oculus/userprofile.json". Using defaults.
03-31 17:34:54.581 22294 22294 I App     : StartVrThread
03-31 17:34:54.581 22294 22321 I App     : AppLocal::VrThreadFunction - init
03-31 17:34:54.581 22294 22321 I OVR_Uri : Uri ':///sdcard/oculus/360Photos/pic.jpg' has an empty scheme!
03-31 17:34:54.581 22294 22321 I OVR_Uri : Uri 'file:No host double slash': valid scheme must be followed by a host separator ( '//' ).
03-31 17:34:54.581 22294 22321 I OVR_Uri : Uri 'file:/No host double slash': valid scheme must be followed by a host separator ( '//' ).
03-31 17:34:54.581 22294 22321 I OVR_Uri : Uri 'file://No path slash': illegal character 0x20 in host.
03-31 17:34:54.581 22294 22321 I OVR_Uri : Uri 'http:': valid scheme must be followed by a host separator ( '//' ).
03-31 17:34:54.581 22294 22321 I OVR_Uri : Uri 'http://': missing host!
03-31 17:34:54.581 22294 22321 I OVR_Uri : Uri 'http:///': empty path!
03-31 17:34:54.581 22294 22321 D VrActivity: Searching installed packages for 'com.oculus.systemactivities'
03-31 17:34:54.651 22294 22321 D VrActivity: Found installed application package com.oculus.systemactivities
03-31 17:34:54.651 22294 22321 I PackageFiles: File 'res/raw/font_location.txt' not found in apk!
03-31 17:34:54.651 22294 22321 D VrActivity: Searching installed packages for 'com.oculus.systemactivities'
03-31 17:34:54.711 22294 22321 D VrActivity: Found installed application package com.oculus.systemactivities
03-31 17:34:54.721 22294 22321 I OVR_FileSys: Added host 'com.oculus.systemactivities' for fonts @'file:///data/app/com.oculus.systemactivities-1/base.apk'
03-31 17:34:54.721 22294 22322 I TalkToJava: TalkToJava: Jvm->AttachCurrentThread
03-31 17:34:54.721 22294 22321 I GlSetup_Android: GL_Setup: requestGlEsVersion(3), redBits(8), greenBits(8), blueBits(8), depthBits(0), multisamples(0), contextPriority(12546)
03-31 17:34:54.721 22294 22321 D libEGL  : eglInitialize EGLDisplay = 0xde25bb54
03-31 17:34:54.721 22294 22321 I GlSetup_Android: eglInitialize gives majorVersion 1, minorVersion 4
03-31 17:34:54.721 22294 22321 I GlSetup_Android: EGL_VENDOR: Android
03-31 17:34:54.721 22294 22321 I GlSetup_Android: EGL_CLIENT_APIS: OpenGL_ES
03-31 17:34:54.721 22294 22321 I GlSetup_Android: EGL_VERSION: 1.4 Android META-EGL
03-31 17:34:54.721 22294 22321 I GlSetup_Android: EGL_EXTENSIONS:
03-31 17:34:54.721 22294 22321 I GlSetup_Android: EGL_KHR_get_all_proc_addresses
03-31 17:34:54.721 22294 22321 I GlSetup_Android: EGL_ANDROID_presentation_time
03-31 17:34:54.721 22294 22321 I GlSetup_Android: EGL_KHR_swap_buffers_with_damage
03-31 17:34:54.721 22294 22321 I GlSetup_Android: EGL_KHR_image
03-31 17:34:54.721 22294 22321 I GlSetup_Android: EGL_KHR_image_base
03-31 17:34:54.721 22294 22321 I GlSetup_Android: EGL_KHR_gl_texture_2D_image
03-31 17:34:54.721 22294 22321 I GlSetup_Android: EGL_KHR_gl_texture_cubemap_image
03-31 17:34:54.721 22294 22321 I GlSetup_Android: EGL_KHR_gl_renderbuffer_image
03-31 17:34:54.721 22294 22321 I GlSetup_Android: EGL_KHR_fence_sync
03-31 17:34:54.721 22294 22321 I GlSetup_Android: EGL_KHR_create_context
03-31 17:34:54.721 22294 22321 I GlSetup_Android: EGL_KHR_config_attribs
03-31 17:34:54.721 22294 22321 I GlSetup_Android: EGL_KHR_surfaceless_context
03-31 17:34:54.721 22294 22321 I GlSetup_Android: EGL_EXT_create_context_robustness
03-31 17:34:54.721 22294 22321 I GlSetup_Android: EGL_ANDROID_image_native_buffer
03-31 17:34:54.721 22294 22321 I GlSetup_Android: EGL_KHR_wait_sync
03-31 17:34:54.721 22294 22321 I GlSetup_Android: EGL_ANDROID_recordable
03-31 17:34:54.721 22294 22321 I GlSetup_Android: EGL_KHR_partial_update
03-31 17:34:54.721 22294 22321 I GlSetup_Android: EGL_ARM_version_check_r7p0
03-31 17:34:54.721 22294 22321 I GlSetup_Android: eglGetConfigs() = 21 configs
03-31 17:34:54.721 22294 22321 I GlSetup_Android: Got an ES 3 renderable config: -392302296
03-31 17:34:54.721 22294 22321 I GlSetup_Android: Trying for a EGL_CONTEXT_CLIENT_VERSION 3 context shared with 0x0:
03-31 17:34:54.721 22294 22321 D         : ro.exynos.dss isEnabled: 0
03-31 17:34:54.721 22294 22321 I GlSetup_Android: Succeeded.
03-31 17:34:54.721 22294 22321 I GlSetup_Android: Created context with config -392302296, query returned ID 1 = config -392302296
03-31 17:34:54.721 22294 22321 I GlSetup_Android: GL_VENDOR: ARM
03-31 17:34:54.721 22294 22321 I GlSetup_Android: GL_RENDERER: Mali-T760
03-31 17:34:54.721 22294 22321 I GlSetup_Android: GL_VERSION: OpenGL ES 3.1 v1.r7p0-03rel0.b596bd02e7d0169c10574b57180c8b57
03-31 17:34:54.721 22294 22321 I GlSetup_Android: GL_SHADING_LANGUAGE_VERSION: OpenGL ES GLSL ES 3.10
03-31 17:34:54.721 22294 22321 I OVR_GlUtils: GL_EXTENSIONS:
03-31 17:34:54.721 22294 22321 I OVR_GlUtils: GL_EXT_debug_marker
03-31 17:34:54.721 22294 22321 I OVR_GlUtils: GL_ARM_rgba8
03-31 17:34:54.721 22294 22321 I OVR_GlUtils: GL_ARM_mali_shader_binary
03-31 17:34:54.721 22294 22321 I OVR_GlUtils: GL_OES_depth24
03-31 17:34:54.721 22294 22321 I OVR_GlUtils: GL_OES_depth_texture
03-31 17:34:54.721 22294 22321 I OVR_GlUtils: GL_OES_depth_texture_cube_map
03-31 17:34:54.721 22294 22321 I OVR_GlUtils: GL_OES_packed_depth_stencil
03-31 17:34:54.721 22294 22321 I OVR_GlUtils: GL_OES_rgb8_rgba8
03-31 17:34:54.721 22294 22321 I OVR_GlUtils: GL_EXT_read_format_bgra
03-31 17:34:54.721 22294 22321 I OVR_GlUtils: GL_OES_compressed_paletted_texture
03-31 17:34:54.721 22294 22321 I OVR_GlUtils: GL_OES_compressed_ETC1_RGB8_texture
03-31 17:34:54.721 22294 22321 I OVR_GlUtils: GL_OES_standard_derivatives
03-31 17:34:54.721 22294 22321 I OVR_GlUtils: GL_OES_EGL_image
03-31 17:34:54.721 22294 22321 I OVR_GlUtils: GL_OES_EGL_image_external
03-31 17:34:54.721 22294 22321 I OVR_GlUtils: GL_OES_EGL_sync
03-31 17:34:54.721 22294 22321 I OVR_GlUtils: GL_OES_texture_npot
03-31 17:34:54.721 22294 22321 I OVR_GlUtils: GL_OES_vertex_half_float
03-31 17:34:54.721 22294 22321 I OVR_GlUtils: GL_OES_required_internalformat
03-31 17:34:54.721 22294 22321 I OVR_GlUtils: GL_OES_vertex_array_object
03-31 17:34:54.721 22294 22321 I OVR_GlUtils: GL_OES_mapbuffer
03-31 17:34:54.721 22294 22321 I OVR_GlUtils: GL_EXT_texture_format_BGRA8888
03-31 17:34:54.721 22294 22321 I OVR_GlUtils: GL_EXT_texture_rg
03-31 17:34:54.721 22294 22321 I OVR_GlUtils: GL_EXT_texture_type_2_10_10_10_REV
03-31 17:34:54.721 22294 22321 I OVR_GlUtils: GL_OES_fbo_render_mipmap
03-31 17:34:54.721 22294 22321 I OVR_GlUtils: GL_OES_element_index_uint
03-31 17:34:54.721 22294 22321 I OVR_GlUtils: GL_EXT_shadow_samplers
03-31 17:34:54.721 22294 22321 I OVR_GlUtils: GL_OES_texture_compression_astc
03-31 17:34:54.721 22294 22321 I OVR_GlUtils: GL_KHR_texture_compression_astc_ldr
03-31 17:34:54.721 22294 22321 I OVR_GlUtils: GL_KHR_texture_compression_astc_hdr
03-31 17:34:54.721 22294 22321 I OVR_GlUtils: GL_KHR_debug
03-31 17:34:54.721 22294 22321 I OVR_GlUtils: GL_EXT_occlusion_query_boolean
03-31 17:34:54.721 22294 22321 I OVR_GlUtils: GL_EXT_disjoint_timer_query
03-31 17:34:54.721 22294 22321 I OVR_GlUtils: GL_EXT_blend_minmax
03-31 17:34:54.721 22294 22321 I OVR_GlUtils: GL_EXT_discard_framebuffer
03-31 17:34:54.721 22294 22321 I OVR_GlUtils: GL_OES_get_program_binary
03-31 17:34:54.721 22294 22321 I OVR_GlUtils: GL_OES_texture_3D
03-31 17:34:54.721 22294 22321 I OVR_GlUtils: GL_EXT_texture_storage
03-31 17:34:54.721 22294 22321 I OVR_GlUtils: GL_EXT_multisampled_render_to_texture
03-31 17:34:54.721 22294 22321 I OVR_GlUtils: GL_OES_surfaceless_context
03-31 17:34:54.721 22294 22321 I OVR_GlUtils: GL_OES_texture_stencil8
03-31 17:34:54.721 22294 22321 I OVR_GlUtils: GL_EXT_shader_pixel_local_storage
03-31 17:34:54.721 22294 22321 I OVR_GlUtils: GL_ARM_shader_framebuffer_fetch
03-31 17:34:54.721 22294 22321 I OVR_GlUtils: GL_ARM_shader_framebuffer_fetch_depth_stencil
03-31 17:34:54.721 22294 22321 I OVR_GlUtils: GL_ARM_mali_program_binary
03-31 17:34:54.721 22294 22321 I OVR_GlUtils: GL_EXT_sRGB
03-31 17:34:54.721 22294 22321 I OVR_GlUtils: GL_EXT_sRGB_write_control
03-31 17:34:54.721 22294 22321 I OVR_GlUtils: GL_EXT_texture_sRGB_decode
03-31 17:34:54.721 22294 22321 I OVR_GlUtils: GL_KHR_blend_equation_advanced
03-31 17:34:54.721 22294 22321 I OVR_GlUtils: GL_KHR_blend_equation_advanced_coherent
03-31 17:34:54.721 22294 22321 I OVR_GlUtils: GL_OES_texture_storage_multisample_2d_array
03-31 17:34:54.721 22294 22321 I OVR_GlUtils: GL_OES_shader_image_atomic
03-31 17:34:54.721 22294 22321 I OVR_GlUtils: GL_EXT_robustness
03-31 17:34:54.721 22294 22321 I OVR_GlUtils: GL_EXT_draw_buffers_indexed
03-31 17:34:54.721 22294 22321 I OVR_GlUtils: GL_OES_draw_buffers_indexed
03-31 17:34:54.721 22294 22321 I OVR_GlUtils: GL_EXT_texture_border_clamp
03-31 17:34:54.721 22294 22321 I OVR_GlUtils: GL_OES_texture_border_clamp
03-31 17:34:54.721 22294 22321 I OVR_GlUtils: GL_EXT_texture_cube_map_array
03-31 17:34:54.721 22294 22321 I OVR_GlUtils: GL_OES_texture_cube_map_array
03-31 17:34:54.721 22294 22321 I OVR_GlUtils: GL_OES_sample_variables
03-31 17:34:54.721 22294 22321 I OVR_GlUtils: GL_OES_sample_shading
03-31 17:34:54.721 22294 22321 I OVR_GlUtils: GL_OES_shader_multisample_interpolation
03-31 17:34:54.721 22294 22321 I OVR_GlUtils: GL_EXT_shader_io_blocks
03-31 17:34:54.721 22294 22321 I OVR_GlUtils: GL_OES_shader_io_blocks
03-31 17:34:54.721 22294 22321 I OVR_GlUtils: GL_EXT_tessellation_shader
03-31 17:34:54.721 22294 22321 I OVR_GlUtils: GL_OES_tessellation_shader
03-31 17:34:54.721 22294 22321 I OVR_GlUtils: GL_EXT_primitive_bounding_box
03-31 17:34:54.721 22294 22321 I OVR_GlUtils: GL_OES_primitive_bounding_box
03-31 17:34:54.721 22294 22321 I OVR_GlUtils: GL_EXT_geometry_shader
03-31 17:34:54.721 22294 22321 I OVR_GlUtils: GL_OES_geometry_shader
03-31 17:34:54.721 22294 22321 I OVR_GlUtils: GL_ANDROID_extension_pack_es31a
03-31 17:34:54.721 22294 22321 I OVR_GlUtils: GL_EXT_gpu_shader5
03-31 17:34:54.721 22294 22321 I OVR_GlUtils: GL_OES_gpu_shader5
03-31 17:34:54.721 22294 22321 I OVR_GlUtils: GL_EXT_texture_buffer
03-31 17:34:54.721 22294 22321 I OVR_GlUtils: GL_OES_texture_buffer
03-31 17:34:54.721 22294 22321 I OVR_GlUtils: GL_EXT_copy_image
03-31 17:34:54.721 22294 22321 I OVR_GlUtils: GL_OES_copy_image
03-31 17:34:54.721 22294 22321 I OVR_GlUtils: GL_EXT_color_buffer_half_float
03-31 17:34:54.721 22294 22321 I OVR_GlUtils: GL_EXT_color_buffer_float
03-31 17:34:54.721 22294 22321 I OVR_GlUtils: GL_OVR_multiview
03-31 17:34:54.721 22294 22321 I OVR_GlUtils: GL_OVR_multiview2
03-31 17:34:54.721 22294 22321 I OVR_GlUtils: GL_OVR_multiview_multisampled_render_to_texture
03-31 17:34:54.721 22294 22321 I OVR_GlUtils: es3 = TRUE
03-31 17:34:54.721 22294 22321 I OVR_GlUtils: Found: GL_EXT_discard_framebuffer
03-31 17:34:54.721 22294 22321 I OVR_GlUtils: Found: GL_EXT_multisampled_render_to_texture
03-31 17:34:54.721 22294 22321 I OVR_GlUtils: Found: GL_OES_vertex_array_object
03-31 17:34:54.721 22294 22321 I OVR_GlUtils: Not found: GL_QCOM_tiled_rendering
03-31 17:34:54.721 22294 22321 I OVR_GlUtils: Found: GL_EXT_disjoint_timer_query
03-31 17:34:54.721 22294 22321 I OVR_GlUtils: Found: GL_EXT_texture_sRGB_decode
03-31 17:34:54.721 22294 22321 I OVR_GlUtils: Not found: GL_EXT_texture_filter_anisotropic
03-31 17:34:54.721 22294 22321 I OVR_GlUtils: GL_MAX_TEXTURE_SIZE = 8192
03-31 17:34:54.721 22294 22321 I OVR_GlUtils: GL_MAX_VERTEX_UNIFORM_VECTORS = 1024
03-31 17:34:54.721 22294 22321 I OVR_GlUtils: GL_MAX_FRAGMENT_UNIFORM_VECTORS = 1024
03-31 17:34:54.731 22294 22321 I EyePostRender: EyePostRender::Init()
03-31 17:34:54.731 22294 22321 D libGLESv2: DTS_GLAPI : DTS is not allowed for Package : com.lrz.NOMADGearvrT
03-31 17:34:54.741 22294 22321 I BitmapFont: FontName = efigs.fnt
03-31 17:34:54.741 22294 22321 I BitmapFont: CommandLine = OculusSans-Medium.otf efigs\efigs -co -0.01 -ts 1.0 -hpad 128 -vpad 128 -sdf 256 1024 1024 -cf ..\..\..\VrAppFramework\res\values\strings.xml -cf ..\..\..\VrAppFramework\res\values-de\strings.xml -cf ..\..\..\VrAppFramework\res\values-en-rGB\strings.xml -cf ..\..\..\VrAppFramework\res\values-es\strings.xml -cf ..\..\..\VrAppFramework\res\values-es-rES\strings.xml -cf ..\..\..\VrAppFramework\res\values-fr\strings.xml -cf ..\..\..\VrAppFramework\res\values-it\strings.xml -cf strings\values\strings.xml -cf strings\values-de\strings.xml -cf strings\values-en-rGB\strings.xml -cf strings\values-es\strings.xml -cf strings\values-es-rES\strings.xml -cf strings\values-fr\strings.xml -cf strings\values-it\strings.xml -cf EFIGS_extended.txt
03-31 17:34:54.741 22294 22321 I BitmapFont: HorizontalPad = 0.0156
03-31 17:34:54.741 22294 22321 I BitmapFont: VerticalPad = 0.0373
03-31 17:34:54.741 22294 22321 I BitmapFont: FontHeight = 0.0894
03-31 17:34:54.741 22294 22321 I BitmapFont: CenterOffset = -0.0100
03-31 17:34:54.741 22294 22321 I BitmapFont: TweakScale = 1.0000
03-31 17:34:54.741 22294 22321 I BitmapFont: ImageFileName = efigs_sdf.ktx
03-31 17:34:54.741 22294 22321 I BitmapFont: Loading 387 glyphs.
03-31 17:34:54.741 22294 22321 I BitmapFont: FontInfo file Uri = apk://font/res/raw/efigs.fnt
03-31 17:34:54.741 22294 22321 I BitmapFont: FontInfo file path = /res/raw/efigs.fnt
03-31 17:34:54.741 22294 22321 I BitmapFont: image base name = efigs_sdf.ktx
03-31 17:34:54.741 22294 22321 I BitmapFont: FontInfo base path = /res/raw/
03-31 17:34:54.741 22294 22321 I BitmapFont: imagePath = /res/raw/efigs_sdf.ktx
03-31 17:34:54.741 22294 22321 I BitmapFont: imageUri = apk://font/res/raw/efigs_sdf.ktx
03-31 17:34:54.751 22294 22321 I BitmapFont: BitmapFontLocal::LoadImageFromBuffer: success
03-31 17:34:54.751 22294 22321 I BitmapFont: BitmapFontSurfaceLocal::Init: success
03-31 17:34:54.751 22294 22321 I SystemActivities: Loading SystemActivitiesReceiver class
03-31 17:34:54.751 22294 22321 I SystemActivities: Loading SystemActivities class
