02-27 15:25:46.361  4609  2857 E MtpServerJNI: server is null in send_object_added
02-27 15:25:46.361  4609  2857 E MtpServerJNI: server is null in send_object_added
02-27 15:25:46.361  4609  2857 E MtpServerJNI: server is null in send_object_added
02-27 15:25:46.361  4609  2857 E MtpServerJNI: server is null in send_object_added
02-27 15:25:46.361  4609  2857 E MtpServerJNI: server is null in send_object_added
02-27 15:25:46.361  4609  2857 E MtpServerJNI: server is null in send_object_added
02-27 15:25:46.361  4609  2857 E MtpServerJNI: server is null in send_object_added
02-27 15:25:46.361  4609  2857 E MtpServerJNI: server is null in send_object_added
02-27 15:25:46.361  4609  2857 E MtpServerJNI: server is null in send_object_added
02-27 15:25:46.361  4609  2857 E MtpServerJNI: server is null in send_object_added
02-27 15:25:46.361  4609  2857 E MtpServerJNI: server is null in send_object_added
02-27 15:25:46.361  4609  2857 E MtpServerJNI: server is null in send_object_added
02-27 15:25:46.361  4609  2857 E MtpServerJNI: server is null in send_object_added
02-27 15:25:46.361  4609  2857 E MtpServerJNI: server is null in send_object_added
02-27 15:25:46.361  4609  2857 E MtpServerJNI: server is null in send_object_added
02-27 15:25:46.361  4609  2857 E MtpServerJNI: server is null in send_object_added
02-27 15:25:46.361  4609  2857 E MtpServerJNI: server is null in send_object_added
02-27 15:25:46.361  4609  2857 E MtpServerJNI: server is null in send_object_added
02-27 15:25:46.361  4609  2857 E MtpServerJNI: server is null in send_object_added
02-27 15:25:46.361  4609  2857 E MtpServerJNI: server is null in send_object_added
02-27 15:25:46.361  4609  2857 E MtpServerJNI: server is null in send_object_added
02-27 15:25:46.361  4609  2857 E MtpServerJNI: server is null in send_object_added
02-27 15:25:46.371  4609  2857 E MtpServerJNI: server is null in send_object_added
02-27 15:25:46.371  4609  2857 E MtpServerJNI: server is null in send_object_added
02-27 15:25:46.371  4609  2857 E MtpServerJNI: server is null in send_object_added
02-27 15:25:46.371  4609  2857 E MtpServerJNI: server is null in send_object_added
02-27 15:25:46.371  4609  2857 E MtpServerJNI: server is null in send_object_added
02-27 15:25:46.371  4609  2857 E MtpServerJNI: server is null in send_object_added
02-27 15:25:46.371  4609  2857 E MtpServerJNI: server is null in send_object_added
02-27 15:25:46.371  4609  2857 E MtpServerJNI: server is null in send_object_added
02-27 15:25:46.371  4609  2857 E MtpServerJNI: server is null in send_object_added
02-27 15:25:46.371  4609  2857 E MtpServerJNI: server is null in send_object_added
02-27 15:25:46.371  4609  2857 E MtpServerJNI: server is null in send_object_added
02-27 15:25:46.371  4609  2857 E MtpServerJNI: server is null in send_object_added
02-27 15:25:46.371  4609  2857 E MtpServerJNI: server is null in send_object_added
02-27 15:25:46.371  4609  2857 E MtpServerJNI: server is null in send_object_added
02-27 15:25:46.371  4609  2857 E MtpServerJNI: server is null in send_object_added
02-27 15:25:46.371  4609  2857 E MtpServerJNI: server is null in send_object_added
02-27 15:25:46.371  4609  2857 E MtpServerJNI: server is null in send_object_added
02-27 15:25:46.371  4609  2857 E MtpServerJNI: server is null in send_object_added
02-27 15:25:46.371  4609  2857 E MtpServerJNI: server is null in send_object_added
02-27 15:25:46.371  4609  2857 E MtpServerJNI: server is null in send_object_added
02-27 15:25:46.371  4609  2857 E MtpServerJNI: server is null in send_object_added
02-27 15:25:46.371  4609  2857 E MtpServerJNI: server is null in send_object_added
02-27 15:25:46.371  4609  2857 E MtpServerJNI: server is null in send_object_added
02-27 15:25:46.371  4609  2857 E MtpServerJNI: server is null in send_object_added
02-27 15:25:46.371  4609  2857 E MtpServerJNI: server is null in send_object_added
02-27 15:25:46.371  4609  2857 E MtpServerJNI: server is null in send_object_added
02-27 15:25:46.371  4609  2857 E MtpServerJNI: server is null in send_object_added
02-27 15:25:46.371  4609  2857 E MtpServerJNI: server is null in send_object_added
02-27 15:25:46.371  4609  2857 E MtpServerJNI: server is null in send_object_added
02-27 15:25:46.371  4609  2857 E MtpServerJNI: server is null in send_object_added
02-27 15:25:46.371  4609  2857 E MtpServerJNI: server is null in send_object_added
02-27 15:25:46.371  4609  2857 E MtpServerJNI: server is null in send_object_added
02-27 15:25:46.371  4609  2857 E MtpServerJNI: server is null in send_object_added
02-27 15:25:46.371  4609  2857 E MtpServerJNI: server is null in send_object_added
02-27 15:25:46.371  4609  2857 E MtpServerJNI: server is null in send_object_added
02-27 15:25:46.371  4609  2857 E MtpServerJNI: server is null in send_object_added
02-27 15:25:46.371  4609  2857 E MtpServerJNI: server is null in send_object_added
02-27 15:25:46.371  4609  2857 E MtpServerJNI: server is null in send_object_added
02-27 15:25:46.371  4609  2857 E MtpServerJNI: server is null in send_object_added
02-27 15:25:46.371  4609  2857 E MtpServerJNI: server is null in send_object_added
02-27 15:25:46.371  4609  2857 E MtpServerJNI: server is null in send_object_added
02-27 15:25:46.371  4609  2857 E MtpServerJNI: server is null in send_object_added
02-27 15:25:46.501  4609  2857 D MediaProvider: bulkInsert started
02-27 15:25:46.731  3509  3936 D InputReader: Input event(4): value=1 when=1287751692000
02-27 15:25:46.731  3509  3936 D InputReader: Input event(4): value=1 when=1287751692000
02-27 15:25:46.731  3509  3936 I InputReader: Touch event's action is 0x0 (deviceType=0) [pCnt=1, s=0.201 ] when=1287751692000
02-27 15:25:46.731  3509  3936 D InputReader: lastThreadEndTime = 1281068884859, currentThreadStartTime = 1281068889067, diff = 0
02-27 15:25:46.731  3509  3935 I InputDispatcher: Delivering touch to (4212): action: 0x4, toolType: 1
02-27 15:25:46.731  3509  3935 I InputDispatcher: Delivering touch to (4527): action: 0x0, toolType: 1
02-27 15:25:46.731  3509  3935 I InputDispatcher: Delivering touch to (4212): action: 0x0, toolType: 1
02-27 15:25:46.731  4527  4527 D ViewRootImpl: ViewPostImeInputStage processPointer 0
02-27 15:25:46.731  4527  4527 D capture : ----destroy
02-27 15:25:46.731  4527  4527 I Launcher.HomeView: stopCaptureByItemClick
02-27 15:25:46.761  3036  3036 D libEGL  : eglInitialize EGLDisplay = 0x7fc50172d8
02-27 15:25:46.831  3509  3936 D InputReader: Input event(4): value=0 when=1287852566000
02-27 15:25:46.831  3509  3936 D InputReader: Input event(4): value=0 when=1287852566000
02-27 15:25:46.831  3509  3936 I InputReader: Touch event's action is 0x1 (deviceType=0) [pCnt=1, s=] when=1287852566000
02-27 15:25:46.831  3509  3935 I InputDispatcher: Delivering touch to (4527): action: 0x1, toolType: 1
02-27 15:25:46.831  3509  3935 I InputDispatcher: Delivering touch to (4212): action: 0x1, toolType: 1
02-27 15:25:46.831  4527  4527 D ViewRootImpl: ViewPostImeInputStage processPointer 1
02-27 15:25:46.831  4527  4527 D capture : ----destroy
02-27 15:25:46.831  3509  4055 V AudioService: AudioService playSoundEffect Type : 0, volume : -1.0
02-27 15:25:46.831  3509  4106 V AudioService: received MSG_PLAY_SOUND_EFFECT onPlaySoundEffect start
02-27 15:25:46.831  4527  4527 D Launcher.Workspace: exitWidgetResizeMode. isClearResizeFrame is false
02-27 15:25:46.831  3066  4727 I APM::AudioPolicyManager: getSituationVolume: isBTConnected:0 isHeadConnected:0
02-27 15:25:46.831  4527  4527 D MenuView: MenuView collectShowAllAppsAnimators
02-27 15:25:46.831  4527  4527 D Launcher.HomeView: HomeView collectShowAllAppsAnimators
02-27 15:25:46.831  4527  4527 D Launcher.MenuAppsGrid: onConfigurationChanged MobileKeyboardChanged : false
02-27 15:25:46.831  4527  4527 D Launcher.MenuAppsGrid: updateGridSize:GRID_4x4 cellWidth:348  cellHeight:432
02-27 15:25:46.831  3066  4730 W AudioPolicyIntefaceImpl: Skipped to add effects on session 162
02-27 15:25:46.831  3066  4730 I APM::AudioPolicyManager: startOutput() output 4, stream 1, session 162
02-27 15:25:46.841  3066  3629 D audio_hw_primary: out_set_parameters: enter: kvpairs: routing=2
02-27 15:25:46.841  3066  3629 D AudioFlinger: setCurDevice() 0x2
02-27 15:25:46.851  3066  3629 V audio_hw_primary: start_output_stream+, out->device : 00000002 , out->type = 1
02-27 15:25:46.851  4527  4527 D Launcher.MenuAppsGrid: handleStateChange: (new)NORMAL(old)UNKNOWN
02-27 15:25:46.881  3066  3629 D audio_hw_primary: start_output_stream (0xf19ecb60) out->pcm_device:6 out->config.rate:48000 out->config.format:0 out->period_size:240
02-27 15:25:46.881  3066  3629 D audio_hw_primary: start_output_stream (0xf19ecb60) out->config.rate:48000 out->config.format:0 out->period_size:240
02-27 15:25:46.881  3066  3629 V audio_hw_primary: select_devices output_scenario:0 input_scenario:-1 out_snd_device 0x2 in_snd_device:0x0
02-27 15:25:46.881  3066  3629 I audio_route: 
02-27 15:25:46.881  3066  3629 I audio_route: > audio_route_reset :
02-27 15:25:46.881  3066  3629 I audio_route: 
02-27 15:25:46.881  3066  3629 I audio_route: > audio_route_apply_path : "media-speaker"
02-27 15:25:46.921  6848  6848 D SamsungIME: IMPL finishInput
02-27 15:25:46.931  4609  2857 D MediaProvider: bulkInsert finished
02-27 15:25:46.931  6848  6848 D SamsungIME: SwiftKeyWrapper writeDBdataToFileOnFinishInput
02-27 15:25:46.931  6848  6848 D SamsungIME: saveAndClear +
02-27 15:25:46.931  6848  6848 D SamsungIME: saveAndClear -
02-27 15:25:46.931  6848  6848 D SamsungIME: onStartInput: No inputType, No imeOption, isInputViewShown = false, isExtractViewShown = false, isShowInputRequested = false, isConfigChanged = false
02-27 15:25:46.931  4609  2857 E MtpServerJNI: server is null in send_object_added
02-27 15:25:46.931  4609  2857 E MtpServerJNI: server is null in send_object_added
02-27 15:25:46.931  4609  2857 E MtpServerJNI: server is null in send_object_added
02-27 15:25:46.931  4609  2857 E MtpServerJNI: server is null in send_object_added
02-27 15:25:46.931  4609  2857 E MtpServerJNI: server is null in send_object_added
02-27 15:25:46.931  4609  2857 E MtpServerJNI: server is null in send_object_added
02-27 15:25:46.931  4609  2857 E MtpServerJNI: server is null in send_object_added
02-27 15:25:46.931  4609  2857 E MtpServerJNI: server is null in send_object_added
02-27 15:25:46.931  4609  2857 E MtpServerJNI: server is null in send_object_added
02-27 15:25:46.931  4609  2857 E MtpServerJNI: server is null in send_object_added
02-27 15:25:46.931  4609  2857 E MtpServerJNI: server is null in send_object_added
02-27 15:25:46.931  4609  2857 E MtpServerJNI: server is null in send_object_added
02-27 15:25:46.931  4609  2857 E MtpServerJNI: server is null in send_object_added
02-27 15:25:46.931  4609  2857 E MtpServerJNI: server is null in send_object_added
02-27 15:25:46.931  4609  2857 E MtpServerJNI: server is null in send_object_added
02-27 15:25:46.931  4609  2857 E MtpServerJNI: server is null in send_object_added
02-27 15:25:46.931  4609  2857 E MtpServerJNI: server is null in send_object_added
02-27 15:25:46.931  4609  2857 E MtpServerJNI: server is null in send_object_added
02-27 15:25:46.931  4609  2857 E MtpServerJNI: server is null in send_object_added
02-27 15:25:46.931  4609  2857 E MtpServerJNI: server is null in send_object_added
02-27 15:25:46.931  4609  2857 E MtpServerJNI: server is null in send_object_added
02-27 15:25:46.931  4609  2857 E MtpServerJNI: server is null in send_object_added
02-27 15:25:46.931  4609  2857 E MtpServerJNI: server is null in send_object_added
02-27 15:25:46.931  4609  2857 E MtpServerJNI: server is null in send_object_added
02-27 15:25:46.931  4609  2857 E MtpServerJNI: server is null in send_object_added
02-27 15:25:46.931  4609  2857 E MtpServerJNI: server is null in send_object_added
02-27 15:25:46.931  4609  2857 E MtpServerJNI: server is null in send_object_added
02-27 15:25:46.931  4609  2857 E MtpServerJNI: server is null in send_object_added
02-27 15:25:46.931  4609  2857 E MtpServerJNI: server is null in send_object_added
02-27 15:25:46.931  4609  2857 E MtpServerJNI: server is null in send_object_added
02-27 15:25:46.931  4609  2857 E MtpServerJNI: server is null in send_object_added
02-27 15:25:46.931  4609  2857 E MtpServerJNI: server is null in send_object_added
02-27 15:25:46.931  4609  2857 E MtpServerJNI: server is null in send_object_added
02-27 15:25:46.931  4609  2857 E MtpServerJNI: server is null in send_object_added
02-27 15:25:46.931  4609  2857 E MtpServerJNI: server is null in send_object_added
02-27 15:25:46.931  4609  2857 E MtpServerJNI: server is null in send_object_added
02-27 15:25:46.931  4609  2857 E MtpServerJNI: server is null in send_object_added
02-27 15:25:46.931  4609  2857 E MtpServerJNI: server is null in send_object_added
02-27 15:25:46.931  4609  2857 E MtpServerJNI: server is null in send_object_added
02-27 15:25:46.931  4609  2857 E MtpServerJNI: server is null in send_object_added
02-27 15:25:46.931  4609  2857 E MtpServerJNI: server is null in send_object_added
02-27 15:25:46.931  4609  2857 E MtpServerJNI: server is null in send_object_added
02-27 15:25:46.931  4609  2857 E MtpServerJNI: server is null in send_object_added
02-27 15:25:46.931  4609  2857 E MtpServerJNI: server is null in send_object_added
02-27 15:25:46.931  4609  2857 E MtpServerJNI: server is null in send_object_added
02-27 15:25:46.931  4609  2857 E MtpServerJNI: server is null in send_object_added
02-27 15:25:46.931  4609  2857 E MtpServerJNI: server is null in send_object_added
02-27 15:25:46.931  4609  2857 E MtpServerJNI: server is null in send_object_added
02-27 15:25:46.931  4609  2857 E MtpServerJNI: server is null in send_object_added
02-27 15:25:46.931  4609  2857 E MtpServerJNI: server is null in send_object_added
02-27 15:25:46.931  4609  2857 E MtpServerJNI: server is null in send_object_added
02-27 15:25:46.931  4609  2857 E MtpServerJNI: server is null in send_object_added
02-27 15:25:46.931  4609  2857 E MtpServerJNI: server is null in send_object_added
02-27 15:25:46.931  4609  2857 E MtpServerJNI: server is null in send_object_added
02-27 15:25:46.931  4609  2857 E MtpServerJNI: server is null in send_object_added
02-27 15:25:46.931  4609  2857 E MtpServerJNI: server is null in send_object_added
02-27 15:25:46.931  4609  2857 E MtpServerJNI: server is null in send_object_added
02-27 15:25:46.931  4609  2857 E MtpServerJNI: server is null in send_object_added
02-27 15:25:46.931  4609  2857 E MtpServerJNI: server is null in send_object_added
02-27 15:25:46.931  4609  2857 E MtpServerJNI: server is null in send_object_added
02-27 15:25:46.931  4609  2857 E MtpServerJNI: server is null in send_object_added
02-27 15:25:46.931  4609  2857 E MtpServerJNI: server is null in send_object_added
02-27 15:25:46.931  4609  2857 E MtpServerJNI: server is null in send_object_added
02-27 15:25:46.931  4609  2857 E MtpServerJNI: server is null in send_object_added
02-27 15:25:46.931  4609  2857 E MtpServerJNI: server is null in send_object_added
02-27 15:25:46.931  4609  2857 E MtpServerJNI: server is null in send_object_added
02-27 15:25:46.931  4609  2857 E MtpServerJNI: server is null in send_object_added
02-27 15:25:46.931  4609  2857 E MtpServerJNI: server is null in send_object_added
02-27 15:25:46.931  4609  2857 E MtpServerJNI: server is null in send_object_added
02-27 15:25:46.931  4609  2857 E MtpServerJNI: server is null in send_object_added
02-27 15:25:46.931  4609  2857 E MtpServerJNI: server is null in send_object_added
02-27 15:25:46.931  4609  2857 E MtpServerJNI: server is null in send_object_added
02-27 15:25:46.931  4609  2857 E MtpServerJNI: server is null in send_object_added
02-27 15:25:46.931  4609  2857 E MtpServerJNI: server is null in send_object_added
02-27 15:25:46.931  4609  2857 E MtpServerJNI: server is null in send_object_added
02-27 15:25:46.931  4609  2857 E MtpServerJNI: server is null in send_object_added
02-27 15:25:46.931  4609  2857 E MtpServerJNI: server is null in send_object_added
02-27 15:25:46.931  4609  2857 E MtpServerJNI: server is null in send_object_added
02-27 15:25:46.931  4609  2857 E MtpServerJNI: server is null in send_object_added
02-27 15:25:46.931  4609  2857 E MtpServerJNI: server is null in send_object_added
02-27 15:25:46.931  4609  2857 E MtpServerJNI: server is null in send_object_added
02-27 15:25:46.931  4609  2857 E MtpServerJNI: server is null in send_object_added
02-27 15:25:46.931  4609  2857 E MtpServerJNI: server is null in send_object_added
02-27 15:25:46.931  4609  2857 E MtpServerJNI: server is null in send_object_added
02-27 15:25:46.931  4609  2857 E MtpServerJNI: server is null in send_object_added
02-27 15:25:46.931  4609  2857 E MtpServerJNI: server is null in send_object_added
02-27 15:25:46.931  4609  2857 E MtpServerJNI: server is null in send_object_added
02-27 15:25:46.931  4609  2857 E MtpServerJNI: server is null in send_object_added
02-27 15:25:46.931  4609  2857 E MtpServerJNI: server is null in send_object_added
02-27 15:25:46.931  4609  2857 E MtpServerJNI: server is null in send_object_added
02-27 15:25:46.931  4609  2857 E MtpServerJNI: server is null in send_object_added
02-27 15:25:46.931  4609  2857 E MtpServerJNI: server is null in send_object_added
02-27 15:25:46.931  4609  2857 E MtpServerJNI: server is null in send_object_added
02-27 15:25:46.931  4609  2857 E MtpServerJNI: server is null in send_object_added
02-27 15:25:46.931  4609  2857 E MtpServerJNI: server is null in send_object_added
02-27 15:25:46.931  4609  2857 E MtpServerJNI: server is null in send_object_added
02-27 15:25:46.931  4609  2857 E MtpServerJNI: server is null in send_object_added
02-27 15:25:46.931  4609  2857 E MtpServerJNI: server is null in send_object_added
02-27 15:25:46.931  4609  2857 E MtpServerJNI: server is null in send_object_added
02-27 15:25:46.931  4609  2857 E MtpServerJNI: server is null in send_object_added
02-27 15:25:46.941  3036  3036 D libEGL  : eglInitialize EGLDisplay = 0x7fc50172d8
02-27 15:25:46.971  3066  3629 V audio_hw_primary: select_devices() output_route "media-speaker" 
02-27 15:25:46.971  3066  3629 I audio_route: 
02-27 15:25:46.971  3066  3629 I audio_route: > audio_route_apply_path : "gain-media-speaker"
02-27 15:25:46.971  3066  3629 V audio_hw_primary: select_devices() output_gain "gain-media-speaker" 
02-27 15:25:46.971  3066  3629 I audio_route: 
02-27 15:25:46.971  3066  3629 I audio_route: > audio_route_update_mixer : +
02-27 15:25:46.971  3066  3629 I audio_route: > audio_route_update_mixer : changed(0) -
02-27 15:25:46.971  3066  3629 I audio_hw_primary: select_devices - 
02-27 15:25:46.971  3066  3629 V audio_hw_primary: start_output_stream-
02-27 15:25:47.021  4609  2857 D MediaProvider: bulkInsert started
02-27 15:25:47.061  3066  3480 I APM::AudioPolicyManager: stopOutput() output 4, stream 1, session 162
02-27 15:25:47.301  4527  4527 D Launcher: finishShowAllApps
02-27 15:25:47.711  4609  2857 D MediaProvider: bulkInsert finished
02-27 15:25:47.711  4609  2857 E MtpServerJNI: server is null in send_object_added
02-27 15:25:47.711  4609  2857 E MtpServerJNI: server is null in send_object_added
02-27 15:25:47.711  4609  2857 E MtpServerJNI: server is null in send_object_added
02-27 15:25:47.711  4609  2857 E MtpServerJNI: server is null in send_object_added
02-27 15:25:47.711  4609  2857 E MtpServerJNI: server is null in send_object_added
02-27 15:25:47.711  4609  2857 E MtpServerJNI: server is null in send_object_added
02-27 15:25:47.711  4609  2857 E MtpServerJNI: server is null in send_object_added
02-27 15:25:47.711  4609  2857 E MtpServerJNI: server is null in send_object_added
02-27 15:25:47.711  4609  2857 E MtpServerJNI: server is null in send_object_added
02-27 15:25:47.711  4609  2857 E MtpServerJNI: server is null in send_object_added
02-27 15:25:47.711  4609  2857 E MtpServerJNI: server is null in send_object_added
02-27 15:25:47.711  4609  2857 E MtpServerJNI: server is null in send_object_added
02-27 15:25:47.711  4609  2857 E MtpServerJNI: server is null in send_object_added
02-27 15:25:47.711  4609  2857 E MtpServerJNI: server is null in send_object_added
02-27 15:25:47.711  4609  2857 E MtpServerJNI: server is null in send_object_added
02-27 15:25:47.711  4609  2857 E MtpServerJNI: server is null in send_object_added
02-27 15:25:47.711  4609  2857 E MtpServerJNI: server is null in send_object_added
02-27 15:25:47.711  4609  2857 E MtpServerJNI: server is null in send_object_added
02-27 15:25:47.711  4609  2857 E MtpServerJNI: server is null in send_object_added
02-27 15:25:47.711  4609  2857 E MtpServerJNI: server is null in send_object_added
02-27 15:25:47.711  4609  2857 E MtpServerJNI: server is null in send_object_added
02-27 15:25:47.711  4609  2857 E MtpServerJNI: server is null in send_object_added
02-27 15:25:47.711  4609  2857 E MtpServerJNI: server is null in send_object_added
02-27 15:25:47.711  4609  2857 E MtpServerJNI: server is null in send_object_added
02-27 15:25:47.711  4609  2857 E MtpServerJNI: server is null in send_object_added
02-27 15:25:47.711  4609  2857 E MtpServerJNI: server is null in send_object_added
02-27 15:25:47.711  4609  2857 E MtpServerJNI: server is null in send_object_added
02-27 15:25:47.711  4609  2857 E MtpServerJNI: server is null in send_object_added
02-27 15:25:47.711  4609  2857 E MtpServerJNI: server is null in send_object_added
02-27 15:25:47.711  4609  2857 E MtpServerJNI: server is null in send_object_added
02-27 15:25:47.711  4609  2857 E MtpServerJNI: server is null in send_object_added
02-27 15:25:47.711  4609  2857 E MtpServerJNI: server is null in send_object_added
02-27 15:25:47.711  4609  2857 E MtpServerJNI: server is null in send_object_added
02-27 15:25:47.711  4609  2857 E MtpServerJNI: server is null in send_object_added
02-27 15:25:47.711  4609  2857 E MtpServerJNI: server is null in send_object_added
02-27 15:25:47.711  4609  2857 E MtpServerJNI: server is null in send_object_added
02-27 15:25:47.711  4609  2857 E MtpServerJNI: server is null in send_object_added
02-27 15:25:47.711  4609  2857 E MtpServerJNI: server is null in send_object_added
02-27 15:25:47.711  4609  2857 E MtpServerJNI: server is null in send_object_added
02-27 15:25:47.711  4609  2857 E MtpServerJNI: server is null in send_object_added
02-27 15:25:47.711  4609  2857 E MtpServerJNI: server is null in send_object_added
02-27 15:25:47.711  4609  2857 E MtpServerJNI: server is null in send_object_added
02-27 15:25:47.711  4609  2857 E MtpServerJNI: server is null in send_object_added
02-27 15:25:47.711  4609  2857 E MtpServerJNI: server is null in send_object_added
02-27 15:25:47.711  4609  2857 E MtpServerJNI: server is null in send_object_added
02-27 15:25:47.711  4609  2857 E MtpServerJNI: server is null in send_object_added
02-27 15:25:47.711  4609  2857 E MtpServerJNI: server is null in send_object_added
02-27 15:25:47.711  4609  2857 E MtpServerJNI: server is null in send_object_added
02-27 15:25:47.711  4609  2857 E MtpServerJNI: server is null in send_object_added
02-27 15:25:47.711  4609  2857 E MtpServerJNI: server is null in send_object_added
02-27 15:25:47.711  4609  2857 E MtpServerJNI: server is null in send_object_added
02-27 15:25:47.711  4609  2857 E MtpServerJNI: server is null in send_object_added
02-27 15:25:47.711  4609  2857 E MtpServerJNI: server is null in send_object_added
02-27 15:25:47.711  4609  2857 E MtpServerJNI: server is null in send_object_added
02-27 15:25:47.711  4609  2857 E MtpServerJNI: server is null in send_object_added
02-27 15:25:47.711  4609  2857 E MtpServerJNI: server is null in send_object_added
02-27 15:25:47.711  4609  2857 E MtpServerJNI: server is null in send_object_added
02-27 15:25:47.711  4609  2857 E MtpServerJNI: server is null in send_object_added
02-27 15:25:47.711  4609  2857 E MtpServerJNI: server is null in send_object_added
02-27 15:25:47.711  4609  2857 E MtpServerJNI: server is null in send_object_added
02-27 15:25:47.711  4609  2857 E MtpServerJNI: server is null in send_object_added
02-27 15:25:47.711  4609  2857 E MtpServerJNI: server is null in send_object_added
02-27 15:25:47.711  4609  2857 E MtpServerJNI: server is null in send_object_added
02-27 15:25:47.711  4609  2857 E MtpServerJNI: server is null in send_object_added
02-27 15:25:47.711  4609  2857 E MtpServerJNI: server is null in send_object_added
02-27 15:25:47.711  4609  2857 E MtpServerJNI: server is null in send_object_added
02-27 15:25:47.711  4609  2857 E MtpServerJNI: server is null in send_object_added
02-27 15:25:47.711  4609  2857 E MtpServerJNI: server is null in send_object_added
02-27 15:25:47.711  4609  2857 E MtpServerJNI: server is null in send_object_added
02-27 15:25:47.711  4609  2857 E MtpServerJNI: server is null in send_object_added
02-27 15:25:47.711  4609  2857 E MtpServerJNI: server is null in send_object_added
02-27 15:25:47.711  4609  2857 E MtpServerJNI: server is null in send_object_added
02-27 15:25:47.711  4609  2857 E MtpServerJNI: server is null in send_object_added
02-27 15:25:47.721  4609  2857 E MtpServerJNI: server is null in send_object_added
02-27 15:25:47.721  4609  2857 E MtpServerJNI: server is null in send_object_added
02-27 15:25:47.721  4609  2857 E MtpServerJNI: server is null in send_object_added
02-27 15:25:47.721  4609  2857 E MtpServerJNI: server is null in send_object_added
02-27 15:25:47.721  4609  2857 E MtpServerJNI: server is null in send_object_added
02-27 15:25:47.721  4609  2857 E MtpServerJNI: server is null in send_object_added
02-27 15:25:47.721  4609  2857 E MtpServerJNI: server is null in send_object_added
02-27 15:25:47.721  4609  2857 E MtpServerJNI: server is null in send_object_added
02-27 15:25:47.721  4609  2857 E MtpServerJNI: server is null in send_object_added
02-27 15:25:47.721  4609  2857 E MtpServerJNI: server is null in send_object_added
02-27 15:25:47.721  4609  2857 E MtpServerJNI: server is null in send_object_added
02-27 15:25:47.721  4609  2857 E MtpServerJNI: server is null in send_object_added
02-27 15:25:47.721  4609  2857 E MtpServerJNI: server is null in send_object_added
02-27 15:25:47.721  4609  2857 E MtpServerJNI: server is null in send_object_added
02-27 15:25:47.721  4609  2857 E MtpServerJNI: server is null in send_object_added
02-27 15:25:47.721  4609  2857 E MtpServerJNI: server is null in send_object_added
02-27 15:25:47.721  4609  2857 E MtpServerJNI: server is null in send_object_added
02-27 15:25:47.721  4609  2857 E MtpServerJNI: server is null in send_object_added
02-27 15:25:47.721  4609  2857 E MtpServerJNI: server is null in send_object_added
02-27 15:25:47.721  4609  2857 E MtpServerJNI: server is null in send_object_added
02-27 15:25:47.721  4609  2857 E MtpServerJNI: server is null in send_object_added
02-27 15:25:47.721  4609  2857 E MtpServerJNI: server is null in send_object_added
02-27 15:25:47.721  4609  2857 E MtpServerJNI: server is null in send_object_added
02-27 15:25:47.721  4609  2857 E MtpServerJNI: server is null in send_object_added
02-27 15:25:47.721  4609  2857 E MtpServerJNI: server is null in send_object_added
02-27 15:25:47.721  4609  2857 E MtpServerJNI: server is null in send_object_added
02-27 15:25:47.721  4609  2857 E MtpServerJNI: server is null in send_object_added
02-27 15:25:47.831  4609  2857 D MediaProvider: bulkInsert started
02-27 15:25:48.041  3509  3936 D InputReader: Input event(4): value=1 when=1289062148000
02-27 15:25:48.041  3509  3936 D InputReader: Input event(4): value=1 when=1289062148000
02-27 15:25:48.041  3509  3936 I InputReader: Touch event's action is 0x0 (deviceType=0) [pCnt=1, s=0.202 ] when=1289062148000
02-27 15:25:48.041  3509  3936 D InputReader: lastThreadEndTime = 1287852790070, currentThreadStartTime = 1287852792362, diff = 0
02-27 15:25:48.041  3509  3935 I InputDispatcher: Delivering touch to (4212): action: 0x4, toolType: 1
02-27 15:25:48.041  3509  3935 I InputDispatcher: Delivering touch to (4527): action: 0x0, toolType: 1
02-27 15:25:48.041  3509  3935 I InputDispatcher: Delivering touch to (4212): action: 0x0, toolType: 1
02-27 15:25:48.041  4527  4527 D ViewRootImpl: ViewPostImeInputStage processPointer 0
02-27 15:25:48.071  4527  4527 I Launcher.PagedView: determineScrollingStart : mTouchState=0, mIsPageMoving=false
02-27 15:25:48.091  4527  4527 I Launcher.PagedView: determineScrollingStart : mTouchState=0, mIsPageMoving=false
02-27 15:25:48.101  4527  4527 I Launcher.PagedView: determineScrollingStart : mTouchState=0, mIsPageMoving=false
02-27 15:25:48.101  3509  3936 D InputReader: Input event(4): value=0 when=1289128964000
02-27 15:25:48.101  3509  3936 D InputReader: Input event(4): value=0 when=1289128964000
02-27 15:25:48.101  3509  3936 I InputReader: Touch event's action is 0x1 (deviceType=0) [pCnt=1, s=] when=1289128964000
02-27 15:25:48.101  3509  3935 I InputDispatcher: Delivering touch to (4527): action: 0x1, toolType: 1
02-27 15:25:48.101  3509  3935 I InputDispatcher: Delivering touch to (4212): action: 0x1, toolType: 1
02-27 15:25:48.101  4527  4527 D ViewRootImpl: ViewPostImeInputStage processPointer 1
02-27 15:25:48.111  3509  4055 V AudioService: AudioService playSoundEffect Type : 0, volume : -1.0
02-27 15:25:48.111  3509  4106 V AudioService: received MSG_PLAY_SOUND_EFFECT onPlaySoundEffect start
02-27 15:25:48.111  3066  4727 I APM::AudioPolicyManager: getSituationVolume: isBTConnected:0 isHeadConnected:0
02-27 15:25:48.111  3066  4738 W AudioPolicyIntefaceImpl: Skipped to add effects on session 163
02-27 15:25:48.111  3066  4738 I APM::AudioPolicyManager: startOutput() output 4, stream 1, session 163
02-27 15:25:48.111  3066  3629 D audio_hw_primary: out_set_parameters: enter: kvpairs: routing=2
02-27 15:25:48.111  3066  3629 I audio_hw_primary: out_set_parameters adev->out_device:2
02-27 15:25:48.111  3066  3629 V audio_hw_primary: select_devices output_scenario:0 input_scenario:-1 out_snd_device 0x2 in_snd_device:0x0
02-27 15:25:48.111  3066  3629 I audio_hw_primary: select_devices - do not update mixer_path
02-27 15:25:48.111  3066  3629 D AudioFlinger: setCurDevice() 0x2
02-27 15:25:48.121  3509  4071 D CustomFrequencyManagerService: acquireDVFSLockLocked : type : DVFS_MIN_LIMIT  frequency : 2100000  uid : 1000  pid : 3509  pkgName : LAUNCHER_APP_BOOSTER_CPU@7
02-27 15:25:48.131  4527  4527 I Timeline: Timeline: Activity_launch_request id:com.google.vr.ndk.samples.treasurehunt time:1289154
02-27 15:25:48.131  3509  4055 W ResourcesManager: getTopLevelResources: /data/app/com.google.vr.ndk.samples.treasurehunt-2/base.apk / 1.0 running in null rsrc of package com.google.vr.ndk.samples.treasurehunt
02-27 15:25:48.131  3509  4055 D ResourcesManager: For user 0 new overlays fetched Null
02-27 15:25:48.131  3509  4055 D GameManagerService: identifyGamePackage. com.google.vr.ndk.samples.treasurehunt
02-27 15:25:48.131  3509  4055 D MultiWindowPolicy: Gamemode - return 0,  when calling  identifyForegroundApp(com.google.vr.ndk.samples.treasurehunt)
02-27 15:25:48.131  3509  4055 D CustomFrequencyManagerService: acquireDVFSLockLocked : type : DVFS_MIN_LIMIT  frequency : 1800000  uid : 1000  pid : 3509  pkgName : ACTIVITY_RESUME_BOOSTER@3
02-27 15:25:48.131  3509  4055 D ActivityManager: mDVFSHelper.acquire()
02-27 15:25:48.131  3509  4055 D FocusedStackFrame: Set to : 0
02-27 15:25:48.141  3509  4055 V WindowManager: addAppToken: AppWindowToken{e4e5f02 token=Token{70bf84d ActivityRecord{6c44be4 u0 com.google.vr.ndk.samples.treasurehunt/.MainActivity t177}}} to stack=1 task=177 at 0
02-27 15:25:48.141  3509  4055 D InputDispatcher: Focused application set to: xxxx
02-27 15:25:48.141  3509  4055 D InputDispatcher: Focus left window: 4527
02-27 15:25:48.141  4527  4527 D Launcher: onPause, Launcher: 79571434
02-27 15:25:48.141  4527  4527 D Launcher.HomeView: onPause
02-27 15:25:48.141  4527  4527 D Launcher.Workspace: exitWidgetResizeMode. isClearResizeFrame is false
02-27 15:25:48.141  3509  3619 D PointerIcon: setMouseIconStyle1 pointerType: 1001 iconType:101 flag:0 pid:3509 uid:1000
02-27 15:25:48.141  3509  3619 D PointerIcon: setMouseCustomIcon IconType is same.101
02-27 15:25:48.141  3509  3588 V BroadcastQueue: [background] Process cur broadcast BroadcastRecord{5dd4013 u0 com.samsung.android.providers.context.log.action.USE_APP_FEATURE_SURVEY qIdx=4}, state= (APP_RECEIVE) DELIVERED for app ProcessRecord{aee5345 5634:com.samsung.android.providers.context/u0a228}
02-27 15:25:48.141  3509  4000 V WindowOrientationListener: setCurrentAppOrientation :0
02-27 15:25:48.141  3509  4000 V WindowOrientationListener: OrientationSensorJudge.getProposedRotation, Rotation: -1
02-27 15:25:48.141  3509  4000 V WindowManager: rotationForOrientationLw(orient=0, last=0); user=1  sensorRotation=-1 mLidState=-1 mDockMode=0 mHdmiPlugged=false mMobileKeyboardEnabled=false displayId=0
02-27 15:25:48.141  3509  4000 V WindowOrientationListener: OrientationSensorJudge.getProposedRotation, Rotation: -1
02-27 15:25:48.141  3509  4000 D SamsungWindowManager: setRotationLw() : rotation=1
02-27 15:25:48.141  3509  4000 D CustomFrequencyManagerService: acquireDVFSLockLocked : type : DVFS_MIN_LIMIT  frequency : 2100000  uid : 1000  pid : 3509  pkgName : ROTATION_BOOSTER@36
02-27 15:25:48.141  3509  4000 D InputDispatcher: setInputDispatchMode: enabled=1, frozen=1
02-27 15:25:48.141  3036  3036 I SurfaceFlinger: id=233 createSurf (1440x2560),2 flag=4, TcreenshotS
02-27 15:25:48.161  3036  3036 D libEGL  : eglInitialize EGLDisplay = 0x7fc50172d8
02-27 15:25:48.171  3036  3036 I SurfaceFlinger: Disp[0] Orientation 0=>1
02-27 15:25:48.171  3509  4000 I ActivityManager: Config changes=480 {0 1.0 themeSeq = 0 showBtnBg = 0 ?mcc?mnc de_DE ldltr sw360dp w640dp h336dp 640dpi nrml long land finger -keyb/v/h -nav/h mkbd/h s.22}
02-27 15:25:48.171  3509  3936 I InputReader: Reconfiguring input devices.  changes=0x00000004
02-27 15:25:48.171  3509  3936 I InputReader: Device reconfigured: id=4, name='sec_touchscreen', size 1440x2560, orientation 1, mode 1, display id 0
02-27 15:25:48.171  3509  3936 D InputReader: Wrote command set_rotation_status,1
02-27 15:25:48.191  6848  6848 V SamsungIME: onConfigurationChanged
02-27 15:25:48.191  6848  6848 D SamsungIME: onConfigurationChanged- Configuration.MOBILEKEYBOARD_COVERED_NO 
02-27 15:25:48.191  6848  6848 I SamsungIME: [Before] hardKeyboardHidden(2) keyboardType(1)
02-27 15:25:48.191  6848  6848 I SamsungIME:          mHwKeyboardShown [isHWKeyboardOpen()] = false --> false
02-27 15:25:48.191  6848  6848 E SamsungIME:          isHWKeyboardConnected() = false --> false
02-27 15:25:48.191  6848  6848 I SamsungIME: [hasToCallSuper] true
02-27 15:25:48.191  6848  6848 D SamsungIME: [AbstractKeyboardView] onDetachedFromWindow.
02-27 15:25:48.201  6848  6848 D SamsungIME: onStartInput: No inputType, No imeOption, isInputViewShown = false, isExtractViewShown = false, isShowInputRequested = false, isConfigChanged = false
02-27 15:25:48.201  6848  6848 D SamsungIME: Dismiss ExpandCandiate
02-27 15:25:48.201  3066  3480 I APM::AudioPolicyManager: stopOutput() output 4, stream 1, session 163
02-27 15:25:48.201 18846 18846 D Tab     : isFullscreenForTabOrPending
02-27 15:25:48.201 18846 18846 D ContentFullScreenManager: isFullscreenForTabOrPending() , returning = false
02-27 15:25:48.211  6848  6848 E SamsungIME: resetNeedToLoadHwrLibrary : 0
02-27 15:25:48.241  6515  6515 D Mms/MmsApp: [start]    onConfigurationChanged(), newConfig = {0 1.0 themeSeq = 0 showBtnBg = 0 ?mcc?mnc de_DE ldltr sw360dp w640dp h336dp 640dpi nrml long land finger -keyb/v/h -nav/h mkbd/h s.22} consume time = 126387.889519
02-27 15:25:48.241  6515  6515 D Mms/MmsApp: [end]    onConfigurationChanged(), newConfig = {0 1.0 themeSeq = 0 showBtnBg = 0 ?mcc?mnc de_DE ldltr sw360dp w640dp h336dp 640dpi nrml long land finger -keyb/v/h -nav/h mkbd/h s.22} consume time = 0.880041
02-27 15:25:48.271  4609  2857 D MediaProvider: bulkInsert finished
02-27 15:25:48.271  4609  2857 E MtpServerJNI: server is null in send_object_added
02-27 15:25:48.271  4609  2857 E MtpServerJNI: server is null in send_object_added
02-27 15:25:48.271  4609  2857 E MtpServerJNI: server is null in send_object_added
02-27 15:25:48.271  4609  2857 E MtpServerJNI: server is null in send_object_added
02-27 15:25:48.271  4609  2857 E MtpServerJNI: server is null in send_object_added
02-27 15:25:48.271  4609  2857 E MtpServerJNI: server is null in send_object_added
02-27 15:25:48.271  4609  2857 E MtpServerJNI: server is null in send_object_added
02-27 15:25:48.271  4609  2857 E MtpServerJNI: server is null in send_object_added
02-27 15:25:48.271  4609  2857 E MtpServerJNI: server is null in send_object_added
02-27 15:25:48.271  4609  2857 E MtpServerJNI: server is null in send_object_added
02-27 15:25:48.271  4609  2857 E MtpServerJNI: server is null in send_object_added
02-27 15:25:48.271  4609  2857 E MtpServerJNI: server is null in send_object_added
02-27 15:25:48.271  4609  2857 E MtpServerJNI: server is null in send_object_added
02-27 15:25:48.271  4609  2857 E MtpServerJNI: server is null in send_object_added
02-27 15:25:48.271  4609  2857 E MtpServerJNI: server is null in send_object_added
02-27 15:25:48.271  4609  2857 E MtpServerJNI: server is null in send_object_added
02-27 15:25:48.271  4609  2857 E MtpServerJNI: server is null in send_object_added
02-27 15:25:48.271  4609  2857 E MtpServerJNI: server is null in send_object_added
02-27 15:25:48.271  4609  2857 E MtpServerJNI: server is null in send_object_added
02-27 15:25:48.271  4609  2857 E MtpServerJNI: server is null in send_object_added
02-27 15:25:48.271  4609  2857 E MtpServerJNI: server is null in send_object_added
02-27 15:25:48.271  4609  2857 E MtpServerJNI: server is null in send_object_added
02-27 15:25:48.271  4609  2857 E MtpServerJNI: server is null in send_object_added
02-27 15:25:48.271  4609  2857 E MtpServerJNI: server is null in send_object_added
02-27 15:25:48.271  4609  2857 E MtpServerJNI: server is null in send_object_added
02-27 15:25:48.271  4609  2857 E MtpServerJNI: server is null in send_object_added
02-27 15:25:48.271  4609  2857 E MtpServerJNI: server is null in send_object_added
02-27 15:25:48.271  4609  2857 E MtpServerJNI: server is null in send_object_added
02-27 15:25:48.271  4609  2857 E MtpServerJNI: server is null in send_object_added
02-27 15:25:48.271  4609  2857 E MtpServerJNI: server is null in send_object_added
02-27 15:25:48.271  4609  2857 E MtpServerJNI: server is null in send_object_added
02-27 15:25:48.271  4609  2857 E MtpServerJNI: server is null in send_object_added
02-27 15:25:48.271  4609  2857 E MtpServerJNI: server is null in send_object_added
02-27 15:25:48.271  4609  2857 E MtpServerJNI: server is null in send_object_added
02-27 15:25:48.271  4609  2857 E MtpServerJNI: server is null in send_object_added
02-27 15:25:48.271  4609  2857 E MtpServerJNI: server is null in send_object_added
02-27 15:25:48.271  4609  2857 E MtpServerJNI: server is null in send_object_added
02-27 15:25:48.271  4609  2857 E MtpServerJNI: server is null in send_object_added
02-27 15:25:48.271  4609  2857 E MtpServerJNI: server is null in send_object_added
02-27 15:25:48.271  4609  2857 E MtpServerJNI: server is null in send_object_added
02-27 15:25:48.271  4609  2857 E MtpServerJNI: server is null in send_object_added
02-27 15:25:48.271  4609  2857 E MtpServerJNI: server is null in send_object_added
02-27 15:25:48.271  4609  2857 E MtpServerJNI: server is null in send_object_added
02-27 15:25:48.271  4609  2857 E MtpServerJNI: server is null in send_object_added
02-27 15:25:48.271  4609  2857 E MtpServerJNI: server is null in send_object_added
02-27 15:25:48.271  4609  2857 E MtpServerJNI: server is null in send_object_added
02-27 15:25:48.271  4609  2857 E MtpServerJNI: server is null in send_object_added
02-27 15:25:48.271  4609  2857 E MtpServerJNI: server is null in send_object_added
02-27 15:25:48.271  4609  2857 E MtpServerJNI: server is null in send_object_added
02-27 15:25:48.271  4609  2857 E MtpServerJNI: server is null in send_object_added
02-27 15:25:48.271  4609  2857 E MtpServerJNI: server is null in send_object_added
02-27 15:25:48.271  4609  2857 E MtpServerJNI: server is null in send_object_added
02-27 15:25:48.271  4609  2857 E MtpServerJNI: server is null in send_object_added
02-27 15:25:48.271  4609  2857 E MtpServerJNI: server is null in send_object_added
02-27 15:25:48.271  4609  2857 E MtpServerJNI: server is null in send_object_added
02-27 15:25:48.271  4609  2857 E MtpServerJNI: server is null in send_object_added
02-27 15:25:48.271  4609  2857 E MtpServerJNI: server is null in send_object_added
02-27 15:25:48.271  4609  2857 E MtpServerJNI: server is null in send_object_added
02-27 15:25:48.271  4609  2857 E MtpServerJNI: server is null in send_object_added
02-27 15:25:48.271  4609  2857 E MtpServerJNI: server is null in send_object_added
02-27 15:25:48.271  4609  2857 E MtpServerJNI: server is null in send_object_added
02-27 15:25:48.271  4609  2857 E MtpServerJNI: server is null in send_object_added
02-27 15:25:48.271  4609  2857 E MtpServerJNI: server is null in send_object_added
02-27 15:25:48.271  4609  2857 E MtpServerJNI: server is null in send_object_added
02-27 15:25:48.271  4609  2857 E MtpServerJNI: server is null in send_object_added
02-27 15:25:48.271  4609  2857 E MtpServerJNI: server is null in send_object_added
02-27 15:25:48.271  4609  2857 E MtpServerJNI: server is null in send_object_added
02-27 15:25:48.271  4609  2857 E MtpServerJNI: server is null in send_object_added
02-27 15:25:48.271  4609  2857 E MtpServerJNI: server is null in send_object_added
02-27 15:25:48.271  4609  2857 E MtpServerJNI: server is null in send_object_added
02-27 15:25:48.271  4609  2857 E MtpServerJNI: server is null in send_object_added
02-27 15:25:48.271  4609  2857 E MtpServerJNI: server is null in send_object_added
02-27 15:25:48.271  4609  2857 E MtpServerJNI: server is null in send_object_added
02-27 15:25:48.271  4609  2857 E MtpServerJNI: server is null in send_object_added
02-27 15:25:48.271  4609  2857 E MtpServerJNI: server is null in send_object_added
02-27 15:25:48.271  4609  2857 E MtpServerJNI: server is null in send_object_added
02-27 15:25:48.271  4609  2857 E MtpServerJNI: server is null in send_object_added
02-27 15:25:48.271  4609  2857 E MtpServerJNI: server is null in send_object_added
02-27 15:25:48.271  4609  2857 E MtpServerJNI: server is null in send_object_added
02-27 15:25:48.271  4609  2857 E MtpServerJNI: server is null in send_object_added
02-27 15:25:48.271  4609  2857 E MtpServerJNI: server is null in send_object_added
02-27 15:25:48.271  4609  2857 E MtpServerJNI: server is null in send_object_added
02-27 15:25:48.271  4609  2857 E MtpServerJNI: server is null in send_object_added
02-27 15:25:48.271  4609  2857 E MtpServerJNI: server is null in send_object_added
02-27 15:25:48.271  4609  2857 E MtpServerJNI: server is null in send_object_added
02-27 15:25:48.271  4609  2857 E MtpServerJNI: server is null in send_object_added
02-27 15:25:48.271  4609  2857 E MtpServerJNI: server is null in send_object_added
02-27 15:25:48.271  4609  2857 E MtpServerJNI: server is null in send_object_added
02-27 15:25:48.271  4609  2857 E MtpServerJNI: server is null in send_object_added
02-27 15:25:48.271  4609  2857 E MtpServerJNI: server is null in send_object_added
02-27 15:25:48.271  4609  2857 E MtpServerJNI: server is null in send_object_added
02-27 15:25:48.271  4609  2857 E MtpServerJNI: server is null in send_object_added
02-27 15:25:48.271  4609  2857 E MtpServerJNI: server is null in send_object_added
02-27 15:25:48.271  4609  2857 E MtpServerJNI: server is null in send_object_added
02-27 15:25:48.271  4609  2857 E MtpServerJNI: server is null in send_object_added
02-27 15:25:48.271  4609  2857 E MtpServerJNI: server is null in send_object_added
02-27 15:25:48.271  4609  2857 E MtpServerJNI: server is null in send_object_added
02-27 15:25:48.271  4609  2857 E MtpServerJNI: server is null in send_object_added
02-27 15:25:48.271  4609  2857 E MtpServerJNI: server is null in send_object_added
02-27 15:25:48.271  4609  2857 E MtpServerJNI: server is null in send_object_added
02-27 15:25:48.271  4212  2861 D WallpaperService: resized:[frame]Rect(0, 0 - 2240, 2560) [newConfig]2
02-27 15:25:48.301  3509  4000 D ActivityManager:  Launching com.google.vr.ndk.samples.treasurehunt, updated priority
02-27 15:25:48.301  3509  3509 D GameManagerService: NotifyRunnable. pkg: com.google.vr.ndk.samples.treasurehunt, type: 4, isMinimized: false, isTunableApp: false
02-27 15:25:48.301  4212  4212 D Recents : handleProxyCall type=6
02-27 15:25:48.301 32201 32201 W ResourcesManager: getTopLevelResources: /data/app/com.google.vr.ndk.samples.treasurehunt-2/base.apk / 1.0 running in com.google.vr.ndk.samples.treasurehunt rsrc of package com.google.vr.ndk.samples.treasurehunt
02-27 15:25:48.311  3509  3509 D Tethering: NAP Supported and not Wifi Model
02-27 15:25:48.311 32201 32201 W ResourcesManager: getTopLevelResources: /data/app/com.google.vr.ndk.samples.treasurehunt-2/base.apk / 1.0 running in com.google.vr.ndk.samples.treasurehunt rsrc of package com.google.vr.ndk.samples.treasurehunt
02-27 15:25:48.311  4212  4298 D vol.VolumeDialogControl: onReceive ACTION_CONFIGURATION_CHANGED
02-27 15:25:48.311  4609  2857 D MediaProvider: bulkInsert started
02-27 15:25:48.311  4212  4424 D NetworkController.MobileSignalController(0/2147483643): getMobileIconGroup(): 0
02-27 15:25:48.311  4527  4527 D ViewRootImpl: MSG_RESIZED_REPORT: ci=Rect(0, 0 - 0, 0) vi=Rect(0, 0 - 0, 0) or=2
02-27 15:25:48.311  4212  4212 D ImageWallpaper: mNewKeyboard : 0 mLastKeyboard : 0
02-27 15:25:48.311  4212  4212 D ImageWallpaper: engine visible:true
02-27 15:25:48.311  4212  4212 D ImageWallpaper: onConfigurationChanged:2
02-27 15:25:48.311  3509  3509 E Tethering: No numeric data
02-27 15:25:48.311  4212  4212 D WallpaperService: getDisplayId:0
02-27 15:25:48.311  4212  4212 D ImageWallpaper: surfaceWidth:2560 surfaceHeight:2240 getDisplayID:0
02-27 15:25:48.311  4212  4212 D ImageWallpaper: updateSurfaceSize Width : 2560 Height: 2240
02-27 15:25:48.311  4212  4212 D WallpaperService: BaseSurfaceHolder:setFixedSize[width]2560 [height]2240
02-27 15:25:48.311  4212  4212 D WallpaperService: BaseSurfaceHolder:onRelayoutContainer
02-27 15:25:48.311  4212  4212 D WallpaperService: MSG_WINDOW_RESIZED
02-27 15:25:48.311  4212  4212 D WallpaperService: updateSurface:[forceRelayout]true[redrawNeeded]true
02-27 15:25:48.311  4212  4212 V WallpaperService: Changes: creating=false format=false size=true
02-27 15:25:48.311  4212  4212 V WallpaperService: currentWidth:2240 currentHeight:2560 requestedWidth:2560 requestedWidth:2240
02-27 15:25:48.321  4212  4223 D vol.VolumeDialogControl.VC: setLayoutDirection
02-27 15:25:48.321  3036  4721 D libEGL  : eglTerminate EGLDisplay = 0x7f8c8fce78
02-27 15:25:48.321  3036  4721 D libEGL  : eglTerminate EGLDisplay = 0x7f8c8fce78
02-27 15:25:48.321  3509  6911 D GameManagerService: identifyGamePackage. com.google.vr.ndk.samples.treasurehunt
02-27 15:25:48.321  4527  4527 D QuickViewWorkspace: onMeasure()
02-27 15:25:48.321  3509  6911 D GameManagerService: identifyGamePackage. com.google.vr.ndk.samples.treasurehunt
02-27 15:25:48.331  4212  2922 D WallpaperService: resized:[frame]Rect(0, 0 - 2560, 2240) [newConfig] is null
02-27 15:25:48.331  3509  3588 V MARsPolicyManager: updatePackagesScore PackageInfo name -- com.google.vr.ndk.samples.treasurehunt
02-27 15:25:48.331  4212  4212 V WallpaperService: relayout result: Surface(name=null)/@0x4afb8c, frame=Rect(0, 0 - 2560, 2240),relayoutResult:1, mConfiguration{0 1.0 themeSeq = 0 showBtnBg = -1 ?mcc?mnc de_DE ?layoutDir ?swdp ?wdp ?hdp ?density ?lsize ?long ?orien ?uimode ?night ?touch ?keyb/?/? ?nav/? mkbd/?}
02-27 15:25:48.331  3036  3648 I SurfaceFlinger: id=232 Removed MauncherAct (3/8)
02-27 15:25:48.331  4212  4212 V WallpaperService: Wallpaper size has changed: (2560, 2240
02-27 15:25:48.331  4212  4212 V WallpaperService: onSurfaceChanged(android.service.wallpaper.WallpaperService$Engine$1@2d9f2d5, 2, 2560, 2240): com.android.systemui.ImageWallpaper$DrawableEngine@4877aea
02-27 15:25:48.331  4212  4212 D ImageWallpaper: drawFrame:false rotation:1 mLastRotation:0
02-27 15:25:48.331  4212  4212 D ImageWallpaper: drawFrame:[frame.width()]2560[frame.height()]2240
02-27 15:25:48.331  4212  4212 D ImageWallpaper: mScale:1.1428572
02-27 15:25:48.331  4212  4212 D ImageWallpaper: availw:0  availh:-320
02-27 15:25:48.331  4212  4212 D ImageWallpaper: availwUnscaled:320  availhUnscaled:0
02-27 15:25:48.331  4212  4212 D ImageWallpaper: drawFrame() mXOffset:0.0 mYOffset:0.0
02-27 15:25:48.331  4212  4212 D ImageWallpaper: mLastSurfaceWidth:2560 mLastSurfaceHeight:2240
02-27 15:25:48.331  4212  4212 D ImageWallpaper: forceDraw = false
02-27 15:25:48.331  4212  4212 D libEGL  : eglInitialize EGLDisplay = 0x7fe270d8e8
02-27 15:25:48.331  3036  3205 I SurfaceFlinger: id=232 Removed MauncherAct (-2/8)
02-27 15:25:48.331  4212  4212 D         : ro.exynos.dss isEnabled: 0
02-27 15:25:48.331  4527  4527 D QuickViewWorkspace: onLayout()7
02-27 15:25:48.331  4212  4469 D BluetoothTile: handleUpdateState :  supported = true, enabled = false, enabling = false, connected = false, connecting = false, mController.getLastDeviceName() = null
02-27 15:25:48.331  4212  4212 D mali_winsys: new_window_surface returns 0x3000,  [2560x2240]-format:2
02-27 15:25:48.331  4212  4212 D ImageWallpaper: drawWallpaperWithOpenGL() w:0 h:-320 left:0 top:-160
02-27 15:25:48.331  4212  4212 D ImageWallpaper: drawWallpaperWithOpenGL  frame.width() : 2560  frame.height:2240
02-27 15:25:48.331  4212  4212 D ImageWallpaper: drawWallpaperWithOpenGL  bitmapWidth : 2240  bitmapHeight:2240
