02-27 15:25:41.411  3509  4067 D WifiP2pService: DefaultState{ what=147461 }
02-27 15:25:41.471  3509  3509 I CLocInfoService: External Intent Received android.net.wifi.SCAN_RESULTS
02-27 15:25:41.471  3509  3588 V BroadcastQueue: [background] Process cur broadcast BroadcastRecord{e01e4aa u-1 android.net.wifi.SCAN_RESULTS qIdx=4}, state= (APP_RECEIVE) DELIVERED for app ProcessRecord{a5ea26f 4212:com.android.systemui/u0a58}
02-27 15:25:41.681  4609  2857 D MediaProvider: bulkInsert finished
02-27 15:25:41.681  4609  2857 E MtpServerJNI: server is null in send_object_added
02-27 15:25:41.681  4609  2857 E MtpServerJNI: server is null in send_object_added
02-27 15:25:41.691  4609  2857 E MtpServerJNI: server is null in send_object_added
02-27 15:25:41.691  4609  2857 E MtpServerJNI: server is null in send_object_added
02-27 15:25:41.691  4609  2857 E MtpServerJNI: server is null in send_object_added
02-27 15:25:41.691  4609  2857 E MtpServerJNI: server is null in send_object_added
02-27 15:25:41.691  4609  2857 E MtpServerJNI: server is null in send_object_added
02-27 15:25:41.691  4609  2857 E MtpServerJNI: server is null in send_object_added
02-27 15:25:41.691  4609  2857 E MtpServerJNI: server is null in send_object_added
02-27 15:25:41.691  4609  2857 E MtpServerJNI: server is null in send_object_added
02-27 15:25:41.691  4609  2857 E MtpServerJNI: server is null in send_object_added
02-27 15:25:41.691  4609  2857 E MtpServerJNI: server is null in send_object_added
02-27 15:25:41.691  4609  2857 E MtpServerJNI: server is null in send_object_added
02-27 15:25:41.691  4609  2857 E MtpServerJNI: server is null in send_object_added
02-27 15:25:41.691  4609  2857 E MtpServerJNI: server is null in send_object_added
02-27 15:25:41.691  4609  2857 E MtpServerJNI: server is null in send_object_added
02-27 15:25:41.691  4609  2857 E MtpServerJNI: server is null in send_object_added
02-27 15:25:41.691  4609  2857 E MtpServerJNI: server is null in send_object_added
02-27 15:25:41.691  4609  2857 E MtpServerJNI: server is null in send_object_added
02-27 15:25:41.691  4609  2857 E MtpServerJNI: server is null in send_object_added
02-27 15:25:41.691  4609  2857 E MtpServerJNI: server is null in send_object_added
02-27 15:25:41.691  4609  2857 E MtpServerJNI: server is null in send_object_added
02-27 15:25:41.691  4609  2857 E MtpServerJNI: server is null in send_object_added
02-27 15:25:41.691  4609  2857 E MtpServerJNI: server is null in send_object_added
02-27 15:25:41.691  4609  2857 E MtpServerJNI: server is null in send_object_added
02-27 15:25:41.691  4609  2857 E MtpServerJNI: server is null in send_object_added
02-27 15:25:41.691  4609  2857 E MtpServerJNI: server is null in send_object_added
02-27 15:25:41.691  4609  2857 E MtpServerJNI: server is null in send_object_added
02-27 15:25:41.691  4609  2857 E MtpServerJNI: server is null in send_object_added
02-27 15:25:41.691  4609  2857 E MtpServerJNI: server is null in send_object_added
02-27 15:25:41.691  4609  2857 E MtpServerJNI: server is null in send_object_added
02-27 15:25:41.691  4609  2857 E MtpServerJNI: server is null in send_object_added
02-27 15:25:41.691  4609  2857 E MtpServerJNI: server is null in send_object_added
02-27 15:25:41.691  4609  2857 E MtpServerJNI: server is null in send_object_added
02-27 15:25:41.691  4609  2857 E MtpServerJNI: server is null in send_object_added
02-27 15:25:41.691  4609  2857 E MtpServerJNI: server is null in send_object_added
02-27 15:25:41.691  4609  2857 E MtpServerJNI: server is null in send_object_added
02-27 15:25:41.691  4609  2857 E MtpServerJNI: server is null in send_object_added
02-27 15:25:41.691  4609  2857 E MtpServerJNI: server is null in send_object_added
02-27 15:25:41.691  4609  2857 E MtpServerJNI: server is null in send_object_added
02-27 15:25:41.691  4609  2857 E MtpServerJNI: server is null in send_object_added
02-27 15:25:41.691  4609  2857 E MtpServerJNI: server is null in send_object_added
02-27 15:25:41.691  4609  2857 E MtpServerJNI: server is null in send_object_added
02-27 15:25:41.691  4609  2857 E MtpServerJNI: server is null in send_object_added
02-27 15:25:41.691  4609  2857 E MtpServerJNI: server is null in send_object_added
02-27 15:25:41.691  4609  2857 E MtpServerJNI: server is null in send_object_added
02-27 15:25:41.691  4609  2857 E MtpServerJNI: server is null in send_object_added
02-27 15:25:41.691  4609  2857 E MtpServerJNI: server is null in send_object_added
02-27 15:25:41.691  4609  2857 E MtpServerJNI: server is null in send_object_added
02-27 15:25:41.691  4609  2857 E MtpServerJNI: server is null in send_object_added
02-27 15:25:41.691  4609  2857 E MtpServerJNI: server is null in send_object_added
02-27 15:25:41.691  4609  2857 E MtpServerJNI: server is null in send_object_added
02-27 15:25:41.691  4609  2857 E MtpServerJNI: server is null in send_object_added
02-27 15:25:41.691  4609  2857 E MtpServerJNI: server is null in send_object_added
02-27 15:25:41.691  4609  2857 E MtpServerJNI: server is null in send_object_added
02-27 15:25:41.691  4609  2857 E MtpServerJNI: server is null in send_object_added
02-27 15:25:41.691  4609  2857 E MtpServerJNI: server is null in send_object_added
02-27 15:25:41.691  4609  2857 E MtpServerJNI: server is null in send_object_added
02-27 15:25:41.691  4609  2857 E MtpServerJNI: server is null in send_object_added
02-27 15:25:41.691  4609  2857 E MtpServerJNI: server is null in send_object_added
02-27 15:25:41.691  4609  2857 E MtpServerJNI: server is null in send_object_added
02-27 15:25:41.691  4609  2857 E MtpServerJNI: server is null in send_object_added
02-27 15:25:41.691  4609  2857 E MtpServerJNI: server is null in send_object_added
02-27 15:25:41.691  4609  2857 E MtpServerJNI: server is null in send_object_added
02-27 15:25:41.691  4609  2857 E MtpServerJNI: server is null in send_object_added
02-27 15:25:41.691  4609  2857 E MtpServerJNI: server is null in send_object_added
02-27 15:25:41.691  4609  2857 E MtpServerJNI: server is null in send_object_added
02-27 15:25:41.691  4609  2857 E MtpServerJNI: server is null in send_object_added
02-27 15:25:41.691  4609  2857 E MtpServerJNI: server is null in send_object_added
02-27 15:25:41.691  4609  2857 E MtpServerJNI: server is null in send_object_added
02-27 15:25:41.691  4609  2857 E MtpServerJNI: server is null in send_object_added
02-27 15:25:41.691  4609  2857 E MtpServerJNI: server is null in send_object_added
02-27 15:25:41.691  4609  2857 E MtpServerJNI: server is null in send_object_added
02-27 15:25:41.691  4609  2857 E MtpServerJNI: server is null in send_object_added
02-27 15:25:41.691  4609  2857 E MtpServerJNI: server is null in send_object_added
02-27 15:25:41.691  4609  2857 E MtpServerJNI: server is null in send_object_added
02-27 15:25:41.691  4609  2857 E MtpServerJNI: server is null in send_object_added
02-27 15:25:41.691  4609  2857 E MtpServerJNI: server is null in send_object_added
02-27 15:25:41.691  4609  2857 E MtpServerJNI: server is null in send_object_added
02-27 15:25:41.691  4609  2857 E MtpServerJNI: server is null in send_object_added
02-27 15:25:41.691  4609  2857 E MtpServerJNI: server is null in send_object_added
02-27 15:25:41.691  4609  2857 E MtpServerJNI: server is null in send_object_added
02-27 15:25:41.691  4609  2857 E MtpServerJNI: server is null in send_object_added
02-27 15:25:41.691  4609  2857 E MtpServerJNI: server is null in send_object_added
02-27 15:25:41.691  4609  2857 E MtpServerJNI: server is null in send_object_added
02-27 15:25:41.691  4609  2857 E MtpServerJNI: server is null in send_object_added
02-27 15:25:41.691  4609  2857 E MtpServerJNI: server is null in send_object_added
02-27 15:25:41.691  4609  2857 E MtpServerJNI: server is null in send_object_added
02-27 15:25:41.691  4609  2857 E MtpServerJNI: server is null in send_object_added
02-27 15:25:41.691  4609  2857 E MtpServerJNI: server is null in send_object_added
02-27 15:25:41.691  4609  2857 E MtpServerJNI: server is null in send_object_added
02-27 15:25:41.691  4609  2857 E MtpServerJNI: server is null in send_object_added
02-27 15:25:41.691  4609  2857 E MtpServerJNI: server is null in send_object_added
02-27 15:25:41.691  4609  2857 E MtpServerJNI: server is null in send_object_added
02-27 15:25:41.691  4609  2857 E MtpServerJNI: server is null in send_object_added
02-27 15:25:41.691  4609  2857 E MtpServerJNI: server is null in send_object_added
02-27 15:25:41.691  4609  2857 E MtpServerJNI: server is null in send_object_added
02-27 15:25:41.691  4609  2857 E MtpServerJNI: server is null in send_object_added
02-27 15:25:41.691  4609  2857 E MtpServerJNI: server is null in send_object_added
02-27 15:25:41.691  4609  2857 E MtpServerJNI: server is null in send_object_added
02-27 15:25:41.721  4640  4689 E ContactsProvider_EventLog: Flush buffer to file cnt : 2 size : 1Kb duration : 78ms lastUpdatedAfter : 4038 ms mFlush_time_threasold : 2000 mCurrentSize : 918
02-27 15:25:41.761  3051  3121 D DataRouter: After the usb select
02-27 15:25:41.761  3051  3121 D DataRouter: read usb data[len:5]
02-27 15:25:41.761  3051  3121 D DataRouter: read usb data message:~
02-27 15:25:41.761  3051  3121 D DataRouter: Before the usb select
02-27 15:25:41.841  4609  2857 D MediaProvider: bulkInsert started
02-27 15:25:42.391  3509  3923 V AlarmManager: Expired Alarm result :8
02-27 15:25:42.441  3509  3509 I BackgroundCompactionService: onStart. jobID=801
02-27 15:25:42.441  3509  3509 I BackgroundCompactionService: compact_exception
02-27 15:25:42.441  3509  3509 I BackgroundCompactionService: onStart done. jobID=801
02-27 15:25:42.561  4212  4424 D NetworkController: onReceive: intent=Intent { act=android.net.wifi.RSSI_CHANGED flg=0x4000010 bqHint=4 (has extras) }
02-27 15:25:42.561  3509  4091 D ConnectivityService: updateCapabilities: oldCap = [ Transports: WIFI Capabilities: INTERNET&NOT_RESTRICTED&TRUSTED&NOT_VPN&VALIDATED LinkUpBandwidth>=1048576Kbps LinkDnBandwidth>=1048576Kbps SignalStrength: -75], newCap = [ Transports: WIFI Capabilities: INTERNET&NOT_RESTRICTED&TRUSTED&NOT_VPN LinkUpBandwidth>=1048576Kbps LinkDnBandwidth>=1048576Kbps SignalStrength: -74]
02-27 15:25:42.561  3509  4091 D ConnectivityService: rematching NetworkAgentInfo [WIFI () - 502]
02-27 15:25:42.561  3509  4091 D ConnectivityService:  network has: NetworkAgentInfo{ ni{[type: WIFI[] - WIFI, state: CONNECTED/CONNECTED, reason: (unspecified), extra: "eduroam", roaming: false, failover: false, isAvailable: true]}  network{502}  lp{{InterfaceName: wlan0 LinkAddresses: [2001:4ca0:0:f291:ea50:8bff:fed2:c10f/64,2001:4ca0:0:f291:3cc0:4afd:8aa:7a7e/64,10.183.10.254/20,]  Routes: [::/0 -> fe80::5:73ff:fea0:1 wlan0,2001:4ca0:0:f291::/64 -> :: wlan0,10.183.0.0/20 -> 0.0.0.0 wlan0,0.0.0.0/0 -> 10.183.15.254 wlan0,] DnsAddresses: [10.156.33.53,129.187.5.1,] Domains: eduroam.mwn.de MTU: 0 TcpBufferSizes: 524288,1048576,4525824,524288,1048576,4525824}}  nc{[ Transports: WIFI Capabilities: INTERNET&NOT_RESTRICTED&TRUSTED&NOT_VPN&VALIDATED LinkUpBandwidth>=1048576Kbps LinkDnBandwidth>=1048576Kbps SignalStrength: -74]}  Score{60}  everValidated{true}  lastValidated{true}  created{true} lingering{false} explicitlySelected{false} acceptUnvalidated{false} everCaptivePortalDetected{false} lastCaptivePortalDetected{false} }
02-27 15:25:42.561  3509  4091 D ConnectivityService:   checking if request is: NetworkRequest [ id=25, legacyType=-1, [ Capabilities: INTERNET&NOT_RESTRICTED&TRUSTED] ] satisfies: true nri.isRequest: false
02-27 15:25:42.561  3509  4091 D ConnectivityService: Network NetworkAgentInfo [WIFI () - 502] was already satisfying request 1. No change.
02-27 15:25:42.561  3509  4091 D ConnectivityService:   checking if request is: NetworkRequest [ id=8, legacyType=-1, [ Capabilities: INTERNET&NOT_RESTRICTED&TRUSTED] ] satisfies: true nri.isRequest: false
02-27 15:25:42.561  3509  4091 D ConnectivityService:   checking if request is: NetworkRequest [ id=9, legacyType=-1, [ Capabilities: INTERNET&NOT_RESTRICTED&TRUSTED&NOT_VPN] ] satisfies: true nri.isRequest: false
02-27 15:25:42.561  3509  4091 D ConnectivityService:   checking if request is: NetworkRequest [ id=5, legacyType=-1, [] ] satisfies: true nri.isRequest: false
02-27 15:25:42.561  3509  4091 D ConnectivityService:   checking if request is: NetworkRequest [ id=4, legacyType=-1, [ Transports: WIFI Capabilities: INTERNET&NOT_RESTRICTED&TRUSTED&NOT_VPN] ] satisfies: true nri.isRequest: false
02-27 15:25:42.561  3509  4091 D ConnectivityService:   checking if request is: NetworkRequest [ id=3, legacyType=-1, [ Transports: CELLULAR Capabilities: INTERNET&NOT_RESTRICTED&TRUSTED&NOT_VPN] ] satisfies: false nri.isRequest: false
02-27 15:25:42.561  3509  4091 D ConnectivityService:   checking if request is: NetworkRequest [ id=6, legacyType=-1, [ Capabilities: NOT_RESTRICTED&TRUSTED&NOT_VPN] ] satisfies: true nri.isRequest: false
02-27 15:25:42.561  3509  4091 D ConnectivityService: notifyType CAP_CHANGED for NetworkAgentInfo [WIFI () - 502]
02-27 15:25:42.561  3509  4091 D ConnectivityService:  sending notification for NetworkRequest [ id=1, legacyType=-1, [ Capabilities: INTERNET&NOT_RESTRICTED&TRUSTED&NOT_VPN] ]
02-27 15:25:42.561  3509  4091 D ConnectivityService:  sending notification for NetworkRequest [ id=4, legacyType=-1, [ Transports: WIFI Capabilities: INTERNET&NOT_RESTRICTED&TRUSTED&NOT_VPN] ]
02-27 15:25:42.561  3509  4091 D ConnectivityService: sending notification CAP_CHANGED for NetworkRequest [ id=4, legacyType=-1, [ Transports: WIFI Capabilities: INTERNET&NOT_RESTRICTED&TRUSTED&NOT_VPN] ]
02-27 15:25:42.561  3509  4091 D ConnectivityService:  sending notification for NetworkRequest [ id=5, legacyType=-1, [] ]
02-27 15:25:42.561  3509  4091 D ConnectivityService: sending notification CAP_CHANGED for NetworkRequest [ id=5, legacyType=-1, [] ]
02-27 15:25:42.561  3509  4091 D ConnectivityService:  sending notification for NetworkRequest [ id=6, legacyType=-1, [ Capabilities: NOT_RESTRICTED&TRUSTED&NOT_VPN] ]
02-27 15:25:42.561  3509  4091 D ConnectivityService: sending notification CAP_CHANGED for NetworkRequest [ id=6, legacyType=-1, [ Capabilities: NOT_RESTRICTED&TRUSTED&NOT_VPN] ]
02-27 15:25:42.561  3509  4091 D ConnectivityService:  sending notification for NetworkRequest [ id=8, legacyType=-1, [ Capabilities: INTERNET&NOT_RESTRICTED&TRUSTED] ]
02-27 15:25:42.561  3509  4091 D ConnectivityService: sending notification CAP_CHANGED for NetworkRequest [ id=8, legacyType=-1, [ Capabilities: INTERNET&NOT_RESTRICTED&TRUSTED] ]
02-27 15:25:42.561  3509  4091 D ConnectivityService:  sending notification for NetworkRequest [ id=9, legacyType=-1, [ Capabilities: INTERNET&NOT_RESTRICTED&TRUSTED&NOT_VPN] ]
02-27 15:25:42.561  3509  4091 D ConnectivityService: sending notification CAP_CHANGED for NetworkRequest [ id=9, legacyType=-1, [ Capabilities: INTERNET&NOT_RESTRICTED&TRUSTED&NOT_VPN] ]
02-27 15:25:42.561  3509  4091 D ConnectivityService:  sending notification for NetworkRequest [ id=25, legacyType=-1, [ Capabilities: INTERNET&NOT_RESTRICTED&TRUSTED] ]
02-27 15:25:42.561  3509  4091 D ConnectivityService: sending notification CAP_CHANGED for NetworkRequest [ id=25, legacyType=-1, [ Capabilities: INTERNET&NOT_RESTRICTED&TRUSTED] ]
02-27 15:25:42.591  4212  4212 D QSTileView: handleLabelStateChanged() label = WLAN cellWidth 272
02-27 15:25:42.751  4609  2857 D MediaProvider: bulkInsert finished
02-27 15:25:42.751  4609  2857 E MtpServerJNI: server is null in send_object_added
02-27 15:25:42.751  4609  2857 E MtpServerJNI: server is null in send_object_added
02-27 15:25:42.751  4609  2857 E MtpServerJNI: server is null in send_object_added
02-27 15:25:42.751  4609  2857 E MtpServerJNI: server is null in send_object_added
02-27 15:25:42.751  4609  2857 E MtpServerJNI: server is null in send_object_added
02-27 15:25:42.751  4609  2857 E MtpServerJNI: server is null in send_object_added
02-27 15:25:42.751  4609  2857 E MtpServerJNI: server is null in send_object_added
02-27 15:25:42.751  4609  2857 E MtpServerJNI: server is null in send_object_added
02-27 15:25:42.751  4609  2857 E MtpServerJNI: server is null in send_object_added
02-27 15:25:42.751  4609  2857 E MtpServerJNI: server is null in send_object_added
02-27 15:25:42.751  4609  2857 E MtpServerJNI: server is null in send_object_added
02-27 15:25:42.751  4609  2857 E MtpServerJNI: server is null in send_object_added
02-27 15:25:42.751  4609  2857 E MtpServerJNI: server is null in send_object_added
02-27 15:25:42.751  4609  2857 E MtpServerJNI: server is null in send_object_added
02-27 15:25:42.751  4609  2857 E MtpServerJNI: server is null in send_object_added
02-27 15:25:42.751  4609  2857 E MtpServerJNI: server is null in send_object_added
02-27 15:25:42.751  4609  2857 E MtpServerJNI: server is null in send_object_added
02-27 15:25:42.751  4609  2857 E MtpServerJNI: server is null in send_object_added
02-27 15:25:42.751  4609  2857 E MtpServerJNI: server is null in send_object_added
02-27 15:25:42.751  4609  2857 E MtpServerJNI: server is null in send_object_added
02-27 15:25:42.751  4609  2857 E MtpServerJNI: server is null in send_object_added
02-27 15:25:42.751  4609  2857 E MtpServerJNI: server is null in send_object_added
02-27 15:25:42.751  4609  2857 E MtpServerJNI: server is null in send_object_added
02-27 15:25:42.751  4609  2857 E MtpServerJNI: server is null in send_object_added
02-27 15:25:42.751  4609  2857 E MtpServerJNI: server is null in send_object_added
02-27 15:25:42.751  4609  2857 E MtpServerJNI: server is null in send_object_added
02-27 15:25:42.751  4609  2857 E MtpServerJNI: server is null in send_object_added
02-27 15:25:42.751  4609  2857 E MtpServerJNI: server is null in send_object_added
02-27 15:25:42.751  4609  2857 E MtpServerJNI: server is null in send_object_added
02-27 15:25:42.751  4609  2857 E MtpServerJNI: server is null in send_object_added
02-27 15:25:42.751  4609  2857 E MtpServerJNI: server is null in send_object_added
02-27 15:25:42.751  4609  2857 E MtpServerJNI: server is null in send_object_added
02-27 15:25:42.751  4609  2857 E MtpServerJNI: server is null in send_object_added
02-27 15:25:42.751  4609  2857 E MtpServerJNI: server is null in send_object_added
02-27 15:25:42.751  4609  2857 E MtpServerJNI: server is null in send_object_added
02-27 15:25:42.751  4609  2857 E MtpServerJNI: server is null in send_object_added
02-27 15:25:42.751  4609  2857 E MtpServerJNI: server is null in send_object_added
02-27 15:25:42.751  4609  2857 E MtpServerJNI: server is null in send_object_added
02-27 15:25:42.751  4609  2857 E MtpServerJNI: server is null in send_object_added
02-27 15:25:42.751  4609  2857 E MtpServerJNI: server is null in send_object_added
02-27 15:25:42.751  4609  2857 E MtpServerJNI: server is null in send_object_added
02-27 15:25:42.751  4609  2857 E MtpServerJNI: server is null in send_object_added
02-27 15:25:42.751  4609  2857 E MtpServerJNI: server is null in send_object_added
02-27 15:25:42.751  4609  2857 E MtpServerJNI: server is null in send_object_added
02-27 15:25:42.751  4609  2857 E MtpServerJNI: server is null in send_object_added
02-27 15:25:42.751  4609  2857 E MtpServerJNI: server is null in send_object_added
02-27 15:25:42.751  4609  2857 E MtpServerJNI: server is null in send_object_added
02-27 15:25:42.751  4609  2857 E MtpServerJNI: server is null in send_object_added
02-27 15:25:42.751  4609  2857 E MtpServerJNI: server is null in send_object_added
02-27 15:25:42.751  4609  2857 E MtpServerJNI: server is null in send_object_added
02-27 15:25:42.751  4609  2857 E MtpServerJNI: server is null in send_object_added
02-27 15:25:42.751  4609  2857 E MtpServerJNI: server is null in send_object_added
02-27 15:25:42.751  4609  2857 E MtpServerJNI: server is null in send_object_added
02-27 15:25:42.751  4609  2857 E MtpServerJNI: server is null in send_object_added
02-27 15:25:42.751  4609  2857 E MtpServerJNI: server is null in send_object_added
02-27 15:25:42.751  4609  2857 E MtpServerJNI: server is null in send_object_added
02-27 15:25:42.751  4609  2857 E MtpServerJNI: server is null in send_object_added
02-27 15:25:42.751  4609  2857 E MtpServerJNI: server is null in send_object_added
02-27 15:25:42.751  4609  2857 E MtpServerJNI: server is null in send_object_added
02-27 15:25:42.751  4609  2857 E MtpServerJNI: server is null in send_object_added
02-27 15:25:42.751  4609  2857 E MtpServerJNI: server is null in send_object_added
02-27 15:25:42.751  4609  2857 E MtpServerJNI: server is null in send_object_added
02-27 15:25:42.751  4609  2857 E MtpServerJNI: server is null in send_object_added
02-27 15:25:42.751  4609  2857 E MtpServerJNI: server is null in send_object_added
02-27 15:25:42.751  4609  2857 E MtpServerJNI: server is null in send_object_added
02-27 15:25:42.751  4609  2857 E MtpServerJNI: server is null in send_object_added
02-27 15:25:42.751  4609  2857 E MtpServerJNI: server is null in send_object_added
02-27 15:25:42.751  4609  2857 E MtpServerJNI: server is null in send_object_added
02-27 15:25:42.751  4609  2857 E MtpServerJNI: server is null in send_object_added
02-27 15:25:42.751  4609  2857 E MtpServerJNI: server is null in send_object_added
02-27 15:25:42.751  4609  2857 E MtpServerJNI: server is null in send_object_added
02-27 15:25:42.751  4609  2857 E MtpServerJNI: server is null in send_object_added
02-27 15:25:42.751  4609  2857 E MtpServerJNI: server is null in send_object_added
02-27 15:25:42.751  4609  2857 E MtpServerJNI: server is null in send_object_added
02-27 15:25:42.751  4609  2857 E MtpServerJNI: server is null in send_object_added
02-27 15:25:42.751  4609  2857 E MtpServerJNI: server is null in send_object_added
02-27 15:25:42.751  4609  2857 E MtpServerJNI: server is null in send_object_added
02-27 15:25:42.751  4609  2857 E MtpServerJNI: server is null in send_object_added
02-27 15:25:42.751  4609  2857 E MtpServerJNI: server is null in send_object_added
02-27 15:25:42.751  4609  2857 E MtpServerJNI: server is null in send_object_added
02-27 15:25:42.751  4609  2857 E MtpServerJNI: server is null in send_object_added
02-27 15:25:42.751  4609  2857 E MtpServerJNI: server is null in send_object_added
02-27 15:25:42.751  4609  2857 E MtpServerJNI: server is null in send_object_added
02-27 15:25:42.751  4609  2857 E MtpServerJNI: server is null in send_object_added
02-27 15:25:42.751  4609  2857 E MtpServerJNI: server is null in send_object_added
02-27 15:25:42.751  4609  2857 E MtpServerJNI: server is null in send_object_added
02-27 15:25:42.751  4609  2857 E MtpServerJNI: server is null in send_object_added
02-27 15:25:42.751  4609  2857 E MtpServerJNI: server is null in send_object_added
02-27 15:25:42.751  4609  2857 E MtpServerJNI: server is null in send_object_added
02-27 15:25:42.751  4609  2857 E MtpServerJNI: server is null in send_object_added
02-27 15:25:42.751  4609  2857 E MtpServerJNI: server is null in send_object_added
02-27 15:25:42.751  4609  2857 E MtpServerJNI: server is null in send_object_added
02-27 15:25:42.751  4609  2857 E MtpServerJNI: server is null in send_object_added
02-27 15:25:42.751  4609  2857 E MtpServerJNI: server is null in send_object_added
02-27 15:25:42.751  4609  2857 E MtpServerJNI: server is null in send_object_added
02-27 15:25:42.751  4609  2857 E MtpServerJNI: server is null in send_object_added
02-27 15:25:42.751  4609  2857 E MtpServerJNI: server is null in send_object_added
02-27 15:25:42.751  4609  2857 E MtpServerJNI: server is null in send_object_added
02-27 15:25:42.761  4609  2857 E MtpServerJNI: server is null in send_object_added
02-27 15:25:42.761  4609  2857 E MtpServerJNI: server is null in send_object_added
02-27 15:25:42.811  4640  4689 D ContactsProvider_EventLog: contents_sample_state: [ contacts(0) data(0) accounts({}) accounts deleted({}) calls([])  ]
02-27 15:25:42.811  4640  4689 D ContactsProvider_EventLog: contents_sample_state: [ agr({})  ]
02-27 15:25:42.871  4609  2857 D MediaProvider: bulkInsert started
02-27 15:25:44.431  4609  2857 D MediaProvider: bulkInsert finished
02-27 15:25:44.431  4609  2857 E MtpServerJNI: server is null in send_object_added
02-27 15:25:44.431  4609  2857 E MtpServerJNI: server is null in send_object_added
02-27 15:25:44.431  4609  2857 E MtpServerJNI: server is null in send_object_added
02-27 15:25:44.431  4609  2857 E MtpServerJNI: server is null in send_object_added
02-27 15:25:44.431  4609  2857 E MtpServerJNI: server is null in send_object_added
02-27 15:25:44.431  4609  2857 E MtpServerJNI: server is null in send_object_added
02-27 15:25:44.431  4609  2857 E MtpServerJNI: server is null in send_object_added
02-27 15:25:44.431  4609  2857 E MtpServerJNI: server is null in send_object_added
02-27 15:25:44.431  4609  2857 E MtpServerJNI: server is null in send_object_added
02-27 15:25:44.431  4609  2857 E MtpServerJNI: server is null in send_object_added
02-27 15:25:44.431  4609  2857 E MtpServerJNI: server is null in send_object_added
02-27 15:25:44.431  4609  2857 E MtpServerJNI: server is null in send_object_added
02-27 15:25:44.431  4609  2857 E MtpServerJNI: server is null in send_object_added
02-27 15:25:44.431  4609  2857 E MtpServerJNI: server is null in send_object_added
02-27 15:25:44.431  4609  2857 E MtpServerJNI: server is null in send_object_added
02-27 15:25:44.431  4609  2857 E MtpServerJNI: server is null in send_object_added
02-27 15:25:44.431  4609  2857 E MtpServerJNI: server is null in send_object_added
02-27 15:25:44.431  4609  2857 E MtpServerJNI: server is null in send_object_added
02-27 15:25:44.431  4609  2857 E MtpServerJNI: server is null in send_object_added
02-27 15:25:44.431  4609  2857 E MtpServerJNI: server is null in send_object_added
02-27 15:25:44.431  4609  2857 E MtpServerJNI: server is null in send_object_added
02-27 15:25:44.431  4609  2857 E MtpServerJNI: server is null in send_object_added
02-27 15:25:44.431  4609  2857 E MtpServerJNI: server is null in send_object_added
02-27 15:25:44.431  4609  2857 E MtpServerJNI: server is null in send_object_added
02-27 15:25:44.431  4609  2857 E MtpServerJNI: server is null in send_object_added
02-27 15:25:44.431  4609  2857 E MtpServerJNI: server is null in send_object_added
02-27 15:25:44.431  4609  2857 E MtpServerJNI: server is null in send_object_added
02-27 15:25:44.431  4609  2857 E MtpServerJNI: server is null in send_object_added
02-27 15:25:44.431  4609  2857 E MtpServerJNI: server is null in send_object_added
02-27 15:25:44.431  4609  2857 E MtpServerJNI: server is null in send_object_added
02-27 15:25:44.431  4609  2857 E MtpServerJNI: server is null in send_object_added
02-27 15:25:44.431  4609  2857 E MtpServerJNI: server is null in send_object_added
02-27 15:25:44.431  4609  2857 E MtpServerJNI: server is null in send_object_added
02-27 15:25:44.431  4609  2857 E MtpServerJNI: server is null in send_object_added
02-27 15:25:44.431  4609  2857 E MtpServerJNI: server is null in send_object_added
02-27 15:25:44.431  4609  2857 E MtpServerJNI: server is null in send_object_added
02-27 15:25:44.431  4609  2857 E MtpServerJNI: server is null in send_object_added
02-27 15:25:44.431  4609  2857 E MtpServerJNI: server is null in send_object_added
02-27 15:25:44.431  4609  2857 E MtpServerJNI: server is null in send_object_added
02-27 15:25:44.431  4609  2857 E MtpServerJNI: server is null in send_object_added
02-27 15:25:44.431  4609  2857 E MtpServerJNI: server is null in send_object_added
02-27 15:25:44.431  4609  2857 E MtpServerJNI: server is null in send_object_added
02-27 15:25:44.431  4609  2857 E MtpServerJNI: server is null in send_object_added
02-27 15:25:44.431  4609  2857 E MtpServerJNI: server is null in send_object_added
02-27 15:25:44.431  4609  2857 E MtpServerJNI: server is null in send_object_added
02-27 15:25:44.431  4609  2857 E MtpServerJNI: server is null in send_object_added
02-27 15:25:44.431  4609  2857 E MtpServerJNI: server is null in send_object_added
02-27 15:25:44.431  4609  2857 E MtpServerJNI: server is null in send_object_added
02-27 15:25:44.431  4609  2857 E MtpServerJNI: server is null in send_object_added
02-27 15:25:44.431  4609  2857 E MtpServerJNI: server is null in send_object_added
02-27 15:25:44.431  4609  2857 E MtpServerJNI: server is null in send_object_added
02-27 15:25:44.431  4609  2857 E MtpServerJNI: server is null in send_object_added
02-27 15:25:44.431  4609  2857 E MtpServerJNI: server is null in send_object_added
02-27 15:25:44.431  4609  2857 E MtpServerJNI: server is null in send_object_added
02-27 15:25:44.431  4609  2857 E MtpServerJNI: server is null in send_object_added
02-27 15:25:44.431  4609  2857 E MtpServerJNI: server is null in send_object_added
02-27 15:25:44.431  4609  2857 E MtpServerJNI: server is null in send_object_added
02-27 15:25:44.431  4609  2857 E MtpServerJNI: server is null in send_object_added
02-27 15:25:44.431  4609  2857 E MtpServerJNI: server is null in send_object_added
02-27 15:25:44.431  4609  2857 E MtpServerJNI: server is null in send_object_added
02-27 15:25:44.431  4609  2857 E MtpServerJNI: server is null in send_object_added
02-27 15:25:44.431  4609  2857 E MtpServerJNI: server is null in send_object_added
02-27 15:25:44.431  4609  2857 E MtpServerJNI: server is null in send_object_added
02-27 15:25:44.431  4609  2857 E MtpServerJNI: server is null in send_object_added
02-27 15:25:44.431  4609  2857 E MtpServerJNI: server is null in send_object_added
02-27 15:25:44.431  4609  2857 E MtpServerJNI: server is null in send_object_added
02-27 15:25:44.431  4609  2857 E MtpServerJNI: server is null in send_object_added
02-27 15:25:44.431  4609  2857 E MtpServerJNI: server is null in send_object_added
02-27 15:25:44.431  4609  2857 E MtpServerJNI: server is null in send_object_added
02-27 15:25:44.431  4609  2857 E MtpServerJNI: server is null in send_object_added
02-27 15:25:44.431  4609  2857 E MtpServerJNI: server is null in send_object_added
02-27 15:25:44.431  4609  2857 E MtpServerJNI: server is null in send_object_added
02-27 15:25:44.431  4609  2857 E MtpServerJNI: server is null in send_object_added
02-27 15:25:44.431  4609  2857 E MtpServerJNI: server is null in send_object_added
02-27 15:25:44.431  4609  2857 E MtpServerJNI: server is null in send_object_added
02-27 15:25:44.431  4609  2857 E MtpServerJNI: server is null in send_object_added
02-27 15:25:44.431  4609  2857 E MtpServerJNI: server is null in send_object_added
02-27 15:25:44.431  4609  2857 E MtpServerJNI: server is null in send_object_added
02-27 15:25:44.431  4609  2857 E MtpServerJNI: server is null in send_object_added
02-27 15:25:44.431  4609  2857 E MtpServerJNI: server is null in send_object_added
02-27 15:25:44.431  4609  2857 E MtpServerJNI: server is null in send_object_added
02-27 15:25:44.431  4609  2857 E MtpServerJNI: server is null in send_object_added
02-27 15:25:44.431  4609  2857 E MtpServerJNI: server is null in send_object_added
02-27 15:25:44.431  4609  2857 E MtpServerJNI: server is null in send_object_added
02-27 15:25:44.431  4609  2857 E MtpServerJNI: server is null in send_object_added
02-27 15:25:44.431  4609  2857 E MtpServerJNI: server is null in send_object_added
02-27 15:25:44.431  4609  2857 E MtpServerJNI: server is null in send_object_added
02-27 15:25:44.431  4609  2857 E MtpServerJNI: server is null in send_object_added
02-27 15:25:44.431  4609  2857 E MtpServerJNI: server is null in send_object_added
02-27 15:25:44.431  4609  2857 E MtpServerJNI: server is null in send_object_added
02-27 15:25:44.431  4609  2857 E MtpServerJNI: server is null in send_object_added
02-27 15:25:44.431  4609  2857 E MtpServerJNI: server is null in send_object_added
02-27 15:25:44.431  4609  2857 E MtpServerJNI: server is null in send_object_added
02-27 15:25:44.431  4609  2857 E MtpServerJNI: server is null in send_object_added
02-27 15:25:44.431  4609  2857 E MtpServerJNI: server is null in send_object_added
02-27 15:25:44.431  4609  2857 E MtpServerJNI: server is null in send_object_added
02-27 15:25:44.431  4609  2857 E MtpServerJNI: server is null in send_object_added
02-27 15:25:44.431  4609  2857 E MtpServerJNI: server is null in send_object_added
02-27 15:25:44.431  4609  2857 E MtpServerJNI: server is null in send_object_added
02-27 15:25:44.431  4609  2857 E MtpServerJNI: server is null in send_object_added
02-27 15:25:44.521  4609  2857 D MediaProvider: bulkInsert started
02-27 15:25:45.331  4609  2857 D MediaProvider: bulkInsert finished
02-27 15:25:45.331  4609  2857 E MtpServerJNI: server is null in send_object_added
02-27 15:25:45.331  4609  2857 E MtpServerJNI: server is null in send_object_added
02-27 15:25:45.331  4609  2857 E MtpServerJNI: server is null in send_object_added
02-27 15:25:45.331  4609  2857 E MtpServerJNI: server is null in send_object_added
02-27 15:25:45.331  4609  2857 E MtpServerJNI: server is null in send_object_added
02-27 15:25:45.331  4609  2857 E MtpServerJNI: server is null in send_object_added
02-27 15:25:45.331  4609  2857 E MtpServerJNI: server is null in send_object_added
02-27 15:25:45.331  4609  2857 E MtpServerJNI: server is null in send_object_added
02-27 15:25:45.331  4609  2857 E MtpServerJNI: server is null in send_object_added
02-27 15:25:45.331  4609  2857 E MtpServerJNI: server is null in send_object_added
02-27 15:25:45.331  4609  2857 E MtpServerJNI: server is null in send_object_added
02-27 15:25:45.331  4609  2857 E MtpServerJNI: server is null in send_object_added
02-27 15:25:45.331  4609  2857 E MtpServerJNI: server is null in send_object_added
02-27 15:25:45.331  4609  2857 E MtpServerJNI: server is null in send_object_added
02-27 15:25:45.331  4609  2857 E MtpServerJNI: server is null in send_object_added
02-27 15:25:45.331  4609  2857 E MtpServerJNI: server is null in send_object_added
02-27 15:25:45.331  4609  2857 E MtpServerJNI: server is null in send_object_added
02-27 15:25:45.331  4609  2857 E MtpServerJNI: server is null in send_object_added
02-27 15:25:45.331  4609  2857 E MtpServerJNI: server is null in send_object_added
02-27 15:25:45.331  4609  2857 E MtpServerJNI: server is null in send_object_added
02-27 15:25:45.331  4609  2857 E MtpServerJNI: server is null in send_object_added
02-27 15:25:45.331  4609  2857 E MtpServerJNI: server is null in send_object_added
02-27 15:25:45.331  4609  2857 E MtpServerJNI: server is null in send_object_added
02-27 15:25:45.331  4609  2857 E MtpServerJNI: server is null in send_object_added
02-27 15:25:45.331  4609  2857 E MtpServerJNI: server is null in send_object_added
02-27 15:25:45.331  4609  2857 E MtpServerJNI: server is null in send_object_added
02-27 15:25:45.331  4609  2857 E MtpServerJNI: server is null in send_object_added
02-27 15:25:45.331  4609  2857 E MtpServerJNI: server is null in send_object_added
02-27 15:25:45.331  4609  2857 E MtpServerJNI: server is null in send_object_added
02-27 15:25:45.331  4609  2857 E MtpServerJNI: server is null in send_object_added
02-27 15:25:45.331  4609  2857 E MtpServerJNI: server is null in send_object_added
02-27 15:25:45.331  4609  2857 E MtpServerJNI: server is null in send_object_added
02-27 15:25:45.331  4609  2857 E MtpServerJNI: server is null in send_object_added
02-27 15:25:45.341  4609  2857 E MtpServerJNI: server is null in send_object_added
02-27 15:25:45.341  4609  2857 E MtpServerJNI: server is null in send_object_added
02-27 15:25:45.341  4609  2857 E MtpServerJNI: server is null in send_object_added
02-27 15:25:45.341  4609  2857 E MtpServerJNI: server is null in send_object_added
02-27 15:25:45.341  4609  2857 E MtpServerJNI: server is null in send_object_added
02-27 15:25:45.341  4609  2857 E MtpServerJNI: server is null in send_object_added
02-27 15:25:45.341  4609  2857 E MtpServerJNI: server is null in send_object_added
02-27 15:25:45.341  4609  2857 E MtpServerJNI: server is null in send_object_added
02-27 15:25:45.341  4609  2857 E MtpServerJNI: server is null in send_object_added
02-27 15:25:45.341  4609  2857 E MtpServerJNI: server is null in send_object_added
02-27 15:25:45.341  4609  2857 E MtpServerJNI: server is null in send_object_added
02-27 15:25:45.341  4609  2857 E MtpServerJNI: server is null in send_object_added
02-27 15:25:45.341  4609  2857 E MtpServerJNI: server is null in send_object_added
02-27 15:25:45.341  4609  2857 E MtpServerJNI: server is null in send_object_added
02-27 15:25:45.341  4609  2857 E MtpServerJNI: server is null in send_object_added
02-27 15:25:45.341  4609  2857 E MtpServerJNI: server is null in send_object_added
02-27 15:25:45.341  4609  2857 E MtpServerJNI: server is null in send_object_added
02-27 15:25:45.341  4609  2857 E MtpServerJNI: server is null in send_object_added
02-27 15:25:45.341  4609  2857 E MtpServerJNI: server is null in send_object_added
02-27 15:25:45.341  4609  2857 E MtpServerJNI: server is null in send_object_added
02-27 15:25:45.341  4609  2857 E MtpServerJNI: server is null in send_object_added
02-27 15:25:45.341  4609  2857 E MtpServerJNI: server is null in send_object_added
02-27 15:25:45.341  4609  2857 E MtpServerJNI: server is null in send_object_added
02-27 15:25:45.341  4609  2857 E MtpServerJNI: server is null in send_object_added
02-27 15:25:45.341  4609  2857 E MtpServerJNI: server is null in send_object_added
02-27 15:25:45.341  4609  2857 E MtpServerJNI: server is null in send_object_added
02-27 15:25:45.341  4609  2857 E MtpServerJNI: server is null in send_object_added
02-27 15:25:45.341  4609  2857 E MtpServerJNI: server is null in send_object_added
02-27 15:25:45.341  4609  2857 E MtpServerJNI: server is null in send_object_added
02-27 15:25:45.341  4609  2857 E MtpServerJNI: server is null in send_object_added
02-27 15:25:45.341  4609  2857 E MtpServerJNI: server is null in send_object_added
02-27 15:25:45.341  4609  2857 E MtpServerJNI: server is null in send_object_added
02-27 15:25:45.341  4609  2857 E MtpServerJNI: server is null in send_object_added
02-27 15:25:45.341  4609  2857 E MtpServerJNI: server is null in send_object_added
02-27 15:25:45.341  4609  2857 E MtpServerJNI: server is null in send_object_added
02-27 15:25:45.341  4609  2857 E MtpServerJNI: server is null in send_object_added
02-27 15:25:45.341  4609  2857 E MtpServerJNI: server is null in send_object_added
02-27 15:25:45.341  4609  2857 E MtpServerJNI: server is null in send_object_added
02-27 15:25:45.341  4609  2857 E MtpServerJNI: server is null in send_object_added
02-27 15:25:45.341  4609  2857 E MtpServerJNI: server is null in send_object_added
02-27 15:25:45.341  4609  2857 E MtpServerJNI: server is null in send_object_added
02-27 15:25:45.341  4609  2857 E MtpServerJNI: server is null in send_object_added
02-27 15:25:45.341  4609  2857 E MtpServerJNI: server is null in send_object_added
02-27 15:25:45.341  4609  2857 E MtpServerJNI: server is null in send_object_added
02-27 15:25:45.341  4609  2857 E MtpServerJNI: server is null in send_object_added
02-27 15:25:45.341  4609  2857 E MtpServerJNI: server is null in send_object_added
02-27 15:25:45.341  4609  2857 E MtpServerJNI: server is null in send_object_added
02-27 15:25:45.341  4609  2857 E MtpServerJNI: server is null in send_object_added
02-27 15:25:45.341  4609  2857 E MtpServerJNI: server is null in send_object_added
02-27 15:25:45.341  4609  2857 E MtpServerJNI: server is null in send_object_added
02-27 15:25:45.341  4609  2857 E MtpServerJNI: server is null in send_object_added
02-27 15:25:45.341  4609  2857 E MtpServerJNI: server is null in send_object_added
02-27 15:25:45.341  4609  2857 E MtpServerJNI: server is null in send_object_added
02-27 15:25:45.341  4609  2857 E MtpServerJNI: server is null in send_object_added
02-27 15:25:45.341  4609  2857 E MtpServerJNI: server is null in send_object_added
02-27 15:25:45.341  4609  2857 E MtpServerJNI: server is null in send_object_added
02-27 15:25:45.341  4609  2857 E MtpServerJNI: server is null in send_object_added
02-27 15:25:45.341  4609  2857 E MtpServerJNI: server is null in send_object_added
02-27 15:25:45.341  4609  2857 E MtpServerJNI: server is null in send_object_added
02-27 15:25:45.341  4609  2857 E MtpServerJNI: server is null in send_object_added
02-27 15:25:45.341  4609  2857 E MtpServerJNI: server is null in send_object_added
02-27 15:25:45.341  4609  2857 E MtpServerJNI: server is null in send_object_added
02-27 15:25:45.341  4609  2857 E MtpServerJNI: server is null in send_object_added
02-27 15:25:45.341  4609  2857 E MtpServerJNI: server is null in send_object_added
02-27 15:25:45.341  4609  2857 E MtpServerJNI: server is null in send_object_added
02-27 15:25:45.341  4609  2857 E MtpServerJNI: server is null in send_object_added
02-27 15:25:45.341  4609  2857 E MtpServerJNI: server is null in send_object_added
02-27 15:25:45.481  4609  2857 D MediaProvider: bulkInsert started
02-27 15:25:45.581  3509  4091 D ConnectivityService: updateCapabilities: oldCap = [ Transports: WIFI Capabilities: INTERNET&NOT_RESTRICTED&TRUSTED&NOT_VPN&VALIDATED LinkUpBandwidth>=1048576Kbps LinkDnBandwidth>=1048576Kbps SignalStrength: -74], newCap = [ Transports: WIFI Capabilities: INTERNET&NOT_RESTRICTED&TRUSTED&NOT_VPN LinkUpBandwidth>=1048576Kbps LinkDnBandwidth>=1048576Kbps SignalStrength: -75]
02-27 15:25:45.581  3509  4091 D ConnectivityService: rematching NetworkAgentInfo [WIFI () - 502]
02-27 15:25:45.581  3509  4091 D ConnectivityService:  network has: NetworkAgentInfo{ ni{[type: WIFI[] - WIFI, state: CONNECTED/CONNECTED, reason: (unspecified), extra: "eduroam", roaming: false, failover: false, isAvailable: true]}  network{502}  lp{{InterfaceName: wlan0 LinkAddresses: [2001:4ca0:0:f291:ea50:8bff:fed2:c10f/64,2001:4ca0:0:f291:3cc0:4afd:8aa:7a7e/64,10.183.10.254/20,]  Routes: [::/0 -> fe80::5:73ff:fea0:1 wlan0,2001:4ca0:0:f291::/64 -> :: wlan0,10.183.0.0/20 -> 0.0.0.0 wlan0,0.0.0.0/0 -> 10.183.15.254 wlan0,] DnsAddresses: [10.156.33.53,129.187.5.1,] Domains: eduroam.mwn.de MTU: 0 TcpBufferSizes: 524288,1048576,4525824,524288,1048576,4525824}}  nc{[ Transports: WIFI Capabilities: INTERNET&NOT_RESTRICTED&TRUSTED&NOT_VPN&VALIDATED LinkUpBandwidth>=1048576Kbps LinkDnBandwidth>=1048576Kbps SignalStrength: -75]}  Score{60}  everValidated{true}  lastValidated{true}  created{true} lingering{false} explicitlySelected{false} acceptUnvalidated{false} everCaptivePortalDetected{false} lastCaptivePortalDetected{false} }
02-27 15:25:45.581  3509  4091 D ConnectivityService:   checking if request is: NetworkRequest [ id=25, legacyType=-1, [ Capabilities: INTERNET&NOT_RESTRICTED&TRUSTED] ] satisfies: true nri.isRequest: false
02-27 15:25:45.581  3509  4091 D ConnectivityService: Network NetworkAgentInfo [WIFI () - 502] was already satisfying request 1. No change.
02-27 15:25:45.581  3509  4091 D ConnectivityService:   checking if request is: NetworkRequest [ id=8, legacyType=-1, [ Capabilities: INTERNET&NOT_RESTRICTED&TRUSTED] ] satisfies: true nri.isRequest: false
02-27 15:25:45.581  3509  4091 D ConnectivityService:   checking if request is: NetworkRequest [ id=9, legacyType=-1, [ Capabilities: INTERNET&NOT_RESTRICTED&TRUSTED&NOT_VPN] ] satisfies: true nri.isRequest: false
02-27 15:25:45.581  3509  4091 D ConnectivityService:   checking if request is: NetworkRequest [ id=5, legacyType=-1, [] ] satisfies: true nri.isRequest: false
02-27 15:25:45.581  3509  4091 D ConnectivityService:   checking if request is: NetworkRequest [ id=4, legacyType=-1, [ Transports: WIFI Capabilities: INTERNET&NOT_RESTRICTED&TRUSTED&NOT_VPN] ] satisfies: true nri.isRequest: false
02-27 15:25:45.581  3509  4091 D ConnectivityService:   checking if request is: NetworkRequest [ id=3, legacyType=-1, [ Transports: CELLULAR Capabilities: INTERNET&NOT_RESTRICTED&TRUSTED&NOT_VPN] ] satisfies: false nri.isRequest: false
02-27 15:25:45.581  3509  4091 D ConnectivityService:   checking if request is: NetworkRequest [ id=6, legacyType=-1, [ Capabilities: NOT_RESTRICTED&TRUSTED&NOT_VPN] ] satisfies: true nri.isRequest: false
02-27 15:25:45.591  4212  4424 D NetworkController: onReceive: intent=Intent { act=android.net.wifi.RSSI_CHANGED flg=0x4000010 bqHint=4 (has extras) }
02-27 15:25:45.581  3509  4091 D ConnectivityService: notifyType CAP_CHANGED for NetworkAgentInfo [WIFI () - 502]
02-27 15:25:45.581  3509  4091 D ConnectivityService:  sending notification for NetworkRequest [ id=1, legacyType=-1, [ Capabilities: INTERNET&NOT_RESTRICTED&TRUSTED&NOT_VPN] ]
02-27 15:25:45.581  3509  4091 D ConnectivityService:  sending notification for NetworkRequest [ id=4, legacyType=-1, [ Transports: WIFI Capabilities: INTERNET&NOT_RESTRICTED&TRUSTED&NOT_VPN] ]
02-27 15:25:45.591  3509  4091 D ConnectivityService: sending notification CAP_CHANGED for NetworkRequest [ id=4, legacyType=-1, [ Transports: WIFI Capabilities: INTERNET&NOT_RESTRICTED&TRUSTED&NOT_VPN] ]
02-27 15:25:45.591  3509  4091 D ConnectivityService:  sending notification for NetworkRequest [ id=5, legacyType=-1, [] ]
02-27 15:25:45.591  3509  4091 D ConnectivityService: sending notification CAP_CHANGED for NetworkRequest [ id=5, legacyType=-1, [] ]
02-27 15:25:45.591  3509  4091 D ConnectivityService:  sending notification for NetworkRequest [ id=6, legacyType=-1, [ Capabilities: NOT_RESTRICTED&TRUSTED&NOT_VPN] ]
02-27 15:25:45.591  3509  4091 D ConnectivityService: sending notification CAP_CHANGED for NetworkRequest [ id=6, legacyType=-1, [ Capabilities: NOT_RESTRICTED&TRUSTED&NOT_VPN] ]
02-27 15:25:45.591  3509  4091 D ConnectivityService:  sending notification for NetworkRequest [ id=8, legacyType=-1, [ Capabilities: INTERNET&NOT_RESTRICTED&TRUSTED] ]
02-27 15:25:45.591  3509  4091 D ConnectivityService: sending notification CAP_CHANGED for NetworkRequest [ id=8, legacyType=-1, [ Capabilities: INTERNET&NOT_RESTRICTED&TRUSTED] ]
02-27 15:25:45.591  3509  4091 D ConnectivityService:  sending notification for NetworkRequest [ id=9, legacyType=-1, [ Capabilities: INTERNET&NOT_RESTRICTED&TRUSTED&NOT_VPN] ]
02-27 15:25:45.591  3509  4091 D ConnectivityService: sending notification CAP_CHANGED for NetworkRequest [ id=9, legacyType=-1, [ Capabilities: INTERNET&NOT_RESTRICTED&TRUSTED&NOT_VPN] ]
02-27 15:25:45.601  3509  4091 D ConnectivityService:  sending notification for NetworkRequest [ id=25, legacyType=-1, [ Capabilities: INTERNET&NOT_RESTRICTED&TRUSTED] ]
02-27 15:25:45.601  3509  4091 D ConnectivityService: sending notification CAP_CHANGED for NetworkRequest [ id=25, legacyType=-1, [ Capabilities: INTERNET&NOT_RESTRICTED&TRUSTED] ]
02-27 15:25:45.611  4212  4212 D QSTileView: handleLabelStateChanged() label = WLAN cellWidth 272
02-27 15:25:45.881  4640  4689 E ContactsProvider_EventLog: Flush buffer to file cnt : 10 size : 3Kb duration : 222ms lastUpdatedAfter : 4153 ms mFlush_time_threasold : 2000 mCurrentSize : 1680
02-27 15:25:46.361  4609  2857 D MediaProvider: bulkInsert finished
02-27 15:25:46.361  4609  2857 E MtpServerJNI: server is null in send_object_added
02-27 15:25:46.361  4609  2857 E MtpServerJNI: server is null in send_object_added
02-27 15:25:46.361  4609  2857 E MtpServerJNI: server is null in send_object_added
02-27 15:25:46.361  4609  2857 E MtpServerJNI: server is null in send_object_added
02-27 15:25:46.361  4609  2857 E MtpServerJNI: server is null in send_object_added
02-27 15:25:46.361  4609  2857 E MtpServerJNI: server is null in send_object_added
02-27 15:25:46.361  4609  2857 E MtpServerJNI: server is null in send_object_added
02-27 15:25:46.361  4609  2857 E MtpServerJNI: server is null in send_object_added
02-27 15:25:46.361  4609  2857 E MtpServerJNI: server is null in send_object_added
02-27 15:25:46.361  4609  2857 E MtpServerJNI: server is null in send_object_added
02-27 15:25:46.361  4609  2857 E MtpServerJNI: server is null in send_object_added
02-27 15:25:46.361  4609  2857 E MtpServerJNI: server is null in send_object_added
02-27 15:25:46.361  4609  2857 E MtpServerJNI: server is null in send_object_added
02-27 15:25:46.361  4609  2857 E MtpServerJNI: server is null in send_object_added
02-27 15:25:46.361  4609  2857 E MtpServerJNI: server is null in send_object_added
02-27 15:25:46.361  4609  2857 E MtpServerJNI: server is null in send_object_added
02-27 15:25:46.361  4609  2857 E MtpServerJNI: server is null in send_object_added
02-27 15:25:46.361  4609  2857 E MtpServerJNI: server is null in send_object_added
02-27 15:25:46.361  4609  2857 E MtpServerJNI: server is null in send_object_added
02-27 15:25:46.361  4609  2857 E MtpServerJNI: server is null in send_object_added
02-27 15:25:46.361  4609  2857 E MtpServerJNI: server is null in send_object_added
02-27 15:25:46.361  4609  2857 E MtpServerJNI: server is null in send_object_added
02-27 15:25:46.361  4609  2857 E MtpServerJNI: server is null in send_object_added
02-27 15:25:46.361  4609  2857 E MtpServerJNI: server is null in send_object_added
02-27 15:25:46.361  4609  2857 E MtpServerJNI: server is null in send_object_added
02-27 15:25:46.361  4609  2857 E MtpServerJNI: server is null in send_object_added
02-27 15:25:46.361  4609  2857 E MtpServerJNI: server is null in send_object_added
02-27 15:25:46.361  4609  2857 E MtpServerJNI: server is null in send_object_added
02-27 15:25:46.361  4609  2857 E MtpServerJNI: server is null in send_object_added
02-27 15:25:46.361  4609  2857 E MtpServerJNI: server is null in send_object_added
02-27 15:25:46.361  4609  2857 E MtpServerJNI: server is null in send_object_added
02-27 15:25:46.361  4609  2857 E MtpServerJNI: server is null in send_object_added
02-27 15:25:46.361  4609  2857 E MtpServerJNI: server is null in send_object_added
02-27 15:25:46.361  4609  2857 E MtpServerJNI: server is null in send_object_added
02-27 15:25:46.361  4609  2857 E MtpServerJNI: server is null in send_object_added
02-27 15:25:46.361  4609  2857 E MtpServerJNI: server is null in send_object_added
