02-27 15:25:48.331  4212  4212 D ImageWallpaper: drawWallpaperWithOpenGL  left : 0 top : -160 right : 2560.0 bottom : 2400.0
02-27 15:25:48.331  4212  4469 D AirplaneModeTile: getQSTileMultiState 2
02-27 15:25:48.331  4283  4283 D Recents : handleProxyCall type=6
02-27 15:25:48.331  4212  4469 D FlashlightTile: handleUpdateState :  MultiState[visible=true,icon=ResourceIcon[resId=0x7f02035a],label=Taschen-
02-27 15:25:48.331  4212  4469 D FlashlightTile: lampe,contentDescription=Taschen- lampe Taste Aus,dualLabelContentDescription=null,autoMirrorDrawable=false,secondaryLabel=null,textTruncate=true,value=2,bgValue=0] arg : null
02-27 15:25:48.331  4212  4469 D HotspotTile: handleUpdateState :mState.value =  2, 2
02-27 15:25:48.341  4212  4469 D PersonalModeTile: getMState state = 2
02-27 15:25:48.341 32201 32201 D ConfigUtils: Parameters file not found for reading: java.io.FileNotFoundException: /storage/emulated/0/Cardboard/current_device_params: open failed: EACCES (Permission denied)
02-27 15:25:48.341  3036  3036 D libEGL  : eglTerminate EGLDisplay = 0x7fc5017408
02-27 15:25:48.341  3509  4055 D SensorService: SensorEventConnection::SocketBufferSize, SystemSocketBufferSize - 102400, 2097152
02-27 15:25:48.341  4212  4469 D NfcTile : getNfcTileState : nfcState 3
02-27 15:25:48.341 32201 32201 I GVR     : [vr/gvr/capi/src/gvr.cc:95] Initialized GVR version 1.20.0
02-27 15:25:48.341  3509  4064 I Sensors : Acc old sensor_state 16384, new sensor_state : 16385 en : 1
02-27 15:25:48.341 32201 32234 I System.out: (HTTPLog)-Static: isSBSettingEnabled false
02-27 15:25:48.341 32201 32234 I System.out: (HTTPLog)-Static: isSBSettingEnabled false
02-27 15:25:48.351  3509  4104 D SensorService: SensorEventConnection::SocketBufferSize, SystemSocketBufferSize - 102400, 2097152
02-27 15:25:48.351  3509  4076 I Sensors : UncalGyro old sensor_state 16385, new sensor_state : 49153 en : 1
02-27 15:25:48.351 32201 32201 D SecWifiDisplayUtil: Metadata value : SecSettings2
02-27 15:25:48.371  3509  6911 D ConnectivityService: returning getNetworkInfo for network type 1 : [type: WIFI[] - WIFI, state: CONNECTED/CONNECTED, reason: (unspecified), extra: "eduroam", roaming: false, failover: false, isAvailable: true]
02-27 15:25:48.391  3509  6911 D ConnectivityService: returning getNetworkInfo for network type 1 : [type: WIFI[] - WIFI, state: CONNECTED/CONNECTED, reason: (unspecified), extra: "eduroam", roaming: false, failover: false, isAvailable: true]
02-27 15:25:48.391 32201 32201 W libOpenSLES: class OutputMix interface 0 requested but unavailable MPH=28
02-27 15:25:48.391  3509  6911 D GameManagerService: identifyGamePackage. com.google.vr.ndk.samples.treasurehunt
02-27 15:25:48.391  3066  3891 W AudioPolicyIntefaceImpl: Skipped to add effects on session 164
02-27 15:25:48.391  3066  3891 I APM::AudioPolicyManager: startOutput() output 4, stream 3, session 164
02-27 15:25:48.401  3066  3629 D audio_hw_primary: out_set_parameters: enter: kvpairs: routing=2
02-27 15:25:48.401  3066  3629 I audio_hw_primary: out_set_parameters adev->out_device:2
02-27 15:25:48.401  3066  3629 V audio_hw_primary: select_devices output_scenario:0 input_scenario:-1 out_snd_device 0x2 in_snd_device:0x0
02-27 15:25:48.401  3066  3629 I audio_hw_primary: select_devices - do not update mixer_path
02-27 15:25:48.401  3066  3629 D AudioFlinger: setCurDevice() 0x2
02-27 15:25:48.401 32201 32201 W TreasureHuntCPP: ply returned null /sdcard/Oculus/NOMAD/CO2-CaO-rel/1--0100.ply
02-27 15:25:48.401 32201 32201 W TreasureHuntCPP: ply returned null /sdcard/Oculus/NOMAD/CO2-CaO-rel/1--0050.ply
02-27 15:25:48.401 32201 32201 W TreasureHuntCPP: ply returned null /sdcard/Oculus/NOMAD/CO2-CaO-rel/1--0025.ply
02-27 15:25:48.401 32201 32201 W TreasureHuntCPP: ply returned null /sdcard/Oculus/NOMAD/CO2-CaO-rel/1--0010.ply
02-27 15:25:48.401 32201 32201 W TreasureHuntCPP: ply returned null /sdcard/Oculus/NOMAD/CO2-CaO-rel/1-+0010.ply
02-27 15:25:48.401 32201 32201 W TreasureHuntCPP: ply returned null /sdcard/Oculus/NOMAD/CO2-CaO-rel/1-+0025.ply
02-27 15:25:48.401 32201 32201 W TreasureHuntCPP: ply returned null /sdcard/Oculus/NOMAD/CO2-CaO-rel/1-+0050.ply
02-27 15:25:48.401 32201 32201 W TreasureHuntCPP: ply returned null /sdcard/Oculus/NOMAD/CO2-CaO-rel/1-+0100.ply
02-27 15:25:48.411 32201 32201 W TreasureHuntCPP: ply returned null /sdcard/Oculus/NOMAD/CO2-CaO-rel/1-atom.ply
02-27 15:25:48.411 32201 32201 W TreasureHuntCPP: ply returned null /sdcard/Oculus/NOMAD/CO2-CaO-rel/1--0100.ply
02-27 15:25:48.411 32201 32201 W TreasureHuntCPP: ply returned null /sdcard/Oculus/NOMAD/CO2-CaO-rel/1--0050.ply
02-27 15:25:48.411 32201 32201 W TreasureHuntCPP: ply returned null /sdcard/Oculus/NOMAD/CO2-CaO-rel/1--0025.ply
02-27 15:25:48.411 32201 32201 W TreasureHuntCPP: ply returned null /sdcard/Oculus/NOMAD/CO2-CaO-rel/1--0010.ply
02-27 15:25:48.411 32201 32201 W TreasureHuntCPP: ply returned null /sdcard/Oculus/NOMAD/CO2-CaO-rel/1-+0010.ply
02-27 15:25:48.411 32201 32201 W TreasureHuntCPP: ply returned null /sdcard/Oculus/NOMAD/CO2-CaO-rel/1-+0025.ply
02-27 15:25:48.411 32201 32201 W TreasureHuntCPP: ply returned null /sdcard/Oculus/NOMAD/CO2-CaO-rel/1-+0050.ply
02-27 15:25:48.411 32201 32201 W TreasureHuntCPP: ply returned null /sdcard/Oculus/NOMAD/CO2-CaO-rel/1-+0100.ply
02-27 15:25:48.411 32201 32201 W TreasureHuntCPP: ply returned null /sdcard/Oculus/NOMAD/CO2-CaO-rel/1-atom.ply
02-27 15:25:48.411 32201 32201 W TreasureHuntCPP: ply returned null /sdcard/Oculus/NOMAD/CO2-CaO-rel/1--0100.ply
02-27 15:25:48.411 32201 32201 W TreasureHuntCPP: ply returned null /sdcard/Oculus/NOMAD/CO2-CaO-rel/1--0050.ply
02-27 15:25:48.411 32201 32201 W TreasureHuntCPP: ply returned null /sdcard/Oculus/NOMAD/CO2-CaO-rel/1--0025.ply
02-27 15:25:48.411 32201 32201 W TreasureHuntCPP: ply returned null /sdcard/Oculus/NOMAD/CO2-CaO-rel/1--0010.ply
02-27 15:25:48.411 32201 32201 W TreasureHuntCPP: ply returned null /sdcard/Oculus/NOMAD/CO2-CaO-rel/1-+0010.ply
02-27 15:25:48.411 32201 32201 W TreasureHuntCPP: ply returned null /sdcard/Oculus/NOMAD/CO2-CaO-rel/1-+0025.ply
02-27 15:25:48.411 32201 32201 W TreasureHuntCPP: ply returned null /sdcard/Oculus/NOMAD/CO2-CaO-rel/1-+0050.ply
02-27 15:25:48.411 32201 32201 W TreasureHuntCPP: ply returned null /sdcard/Oculus/NOMAD/CO2-CaO-rel/1-+0100.ply
02-27 15:25:48.411 32201 32201 W TreasureHuntCPP: ply returned null /sdcard/Oculus/NOMAD/CO2-CaO-rel/1-atom.ply
02-27 15:25:48.411 32201 32201 W TreasureHuntCPP: ply returned null /sdcard/Oculus/NOMAD/CO2-CaO-rel/1--0100.ply
02-27 15:25:48.411 32201 32201 W TreasureHuntCPP: ply returned null /sdcard/Oculus/NOMAD/CO2-CaO-rel/1--0050.ply
02-27 15:25:48.411 32201 32201 W TreasureHuntCPP: ply returned null /sdcard/Oculus/NOMAD/CO2-CaO-rel/1--0025.ply
02-27 15:25:48.411 32201 32201 W TreasureHuntCPP: ply returned null /sdcard/Oculus/NOMAD/CO2-CaO-rel/1--0010.ply
02-27 15:25:48.411 32201 32201 W TreasureHuntCPP: ply returned null /sdcard/Oculus/NOMAD/CO2-CaO-rel/1-+0010.ply
02-27 15:25:48.411 32201 32201 W TreasureHuntCPP: ply returned null /sdcard/Oculus/NOMAD/CO2-CaO-rel/1-+0025.ply
02-27 15:25:48.411 32201 32201 W TreasureHuntCPP: ply returned null /sdcard/Oculus/NOMAD/CO2-CaO-rel/1-+0050.ply
02-27 15:25:48.411 32201 32201 W TreasureHuntCPP: ply returned null /sdcard/Oculus/NOMAD/CO2-CaO-rel/1-+0100.ply
02-27 15:25:48.411 32201 32201 W TreasureHuntCPP: ply returned null /sdcard/Oculus/NOMAD/CO2-CaO-rel/1-atom.ply
02-27 15:25:48.411 32201 32201 W TreasureHuntCPP: ply returned null /sdcard/Oculus/NOMAD/CO2-CaO-rel/1--0100.ply
02-27 15:25:48.411 32201 32201 W TreasureHuntCPP: ply returned null /sdcard/Oculus/NOMAD/CO2-CaO-rel/1--0050.ply
02-27 15:25:48.411 32201 32201 W TreasureHuntCPP: ply returned null /sdcard/Oculus/NOMAD/CO2-CaO-rel/1--0025.ply
02-27 15:25:48.411 32201 32201 W TreasureHuntCPP: ply returned null /sdcard/Oculus/NOMAD/CO2-CaO-rel/1--0010.ply
02-27 15:25:48.411 32201 32201 W TreasureHuntCPP: ply returned null /sdcard/Oculus/NOMAD/CO2-CaO-rel/1-+0010.ply
02-27 15:25:48.411 32201 32201 W TreasureHuntCPP: ply returned null /sdcard/Oculus/NOMAD/CO2-CaO-rel/1-+0025.ply
02-27 15:25:48.411 32201 32201 W TreasureHuntCPP: ply returned null /sdcard/Oculus/NOMAD/CO2-CaO-rel/1-+0050.ply
02-27 15:25:48.411 32201 32201 W TreasureHuntCPP: ply returned null /sdcard/Oculus/NOMAD/CO2-CaO-rel/1-+0100.ply
02-27 15:25:48.411 32201 32201 W TreasureHuntCPP: ply returned null /sdcard/Oculus/NOMAD/CO2-CaO-rel/1-atom.ply
02-27 15:25:48.411 32201 32201 W TreasureHuntCPP: ply returned null /sdcard/Oculus/NOMAD/CO2-CaO-rel/1--0100.ply
02-27 15:25:48.411 32201 32201 W TreasureHuntCPP: ply returned null /sdcard/Oculus/NOMAD/CO2-CaO-rel/1--0050.ply
02-27 15:25:48.411 32201 32201 W TreasureHuntCPP: ply returned null /sdcard/Oculus/NOMAD/CO2-CaO-rel/1--0025.ply
02-27 15:25:48.411 32201 32201 W TreasureHuntCPP: ply returned null /sdcard/Oculus/NOMAD/CO2-CaO-rel/1--0010.ply
02-27 15:25:48.411 32201 32201 W TreasureHuntCPP: ply returned null /sdcard/Oculus/NOMAD/CO2-CaO-rel/1-+0010.ply
02-27 15:25:48.411 32201 32201 W TreasureHuntCPP: ply returned null /sdcard/Oculus/NOMAD/CO2-CaO-rel/1-+0025.ply
02-27 15:25:48.411 32201 32201 W TreasureHuntCPP: ply returned null /sdcard/Oculus/NOMAD/CO2-CaO-rel/1-+0050.ply
02-27 15:25:48.411 32201 32201 W TreasureHuntCPP: ply returned null /sdcard/Oculus/NOMAD/CO2-CaO-rel/1-+0100.ply
02-27 15:25:48.411 32201 32201 W TreasureHuntCPP: ply returned null /sdcard/Oculus/NOMAD/CO2-CaO-rel/1-atom.ply
02-27 15:25:48.411 32201 32201 W TreasureHuntCPP: ply returned null /sdcard/Oculus/NOMAD/CO2-CaO-rel/1--0100.ply
02-27 15:25:48.411 32201 32201 W TreasureHuntCPP: ply returned null /sdcard/Oculus/NOMAD/CO2-CaO-rel/1--0050.ply
02-27 15:25:48.411 32201 32201 W TreasureHuntCPP: ply returned null /sdcard/Oculus/NOMAD/CO2-CaO-rel/1--0025.ply
02-27 15:25:48.411 32201 32201 W TreasureHuntCPP: ply returned null /sdcard/Oculus/NOMAD/CO2-CaO-rel/1--0010.ply
02-27 15:25:48.411 32201 32201 W TreasureHuntCPP: ply returned null /sdcard/Oculus/NOMAD/CO2-CaO-rel/1-+0010.ply
02-27 15:25:48.411 32201 32201 W TreasureHuntCPP: ply returned null /sdcard/Oculus/NOMAD/CO2-CaO-rel/1-+0025.ply
02-27 15:25:48.411 32201 32201 W TreasureHuntCPP: ply returned null /sdcard/Oculus/NOMAD/CO2-CaO-rel/1-+0050.ply
02-27 15:25:48.411 32201 32201 W TreasureHuntCPP: ply returned null /sdcard/Oculus/NOMAD/CO2-CaO-rel/1-+0100.ply
02-27 15:25:48.411 32201 32201 W TreasureHuntCPP: ply returned null /sdcard/Oculus/NOMAD/CO2-CaO-rel/1-atom.ply
02-27 15:25:48.411 32201 32201 W TreasureHuntCPP: ply returned null /sdcard/Oculus/NOMAD/CO2-CaO-rel/1--0100.ply
02-27 15:25:48.411 32201 32201 W TreasureHuntCPP: ply returned null /sdcard/Oculus/NOMAD/CO2-CaO-rel/1--0050.ply
02-27 15:25:48.411 32201 32201 W TreasureHuntCPP: ply returned null /sdcard/Oculus/NOMAD/CO2-CaO-rel/1--0025.ply
02-27 15:25:48.411 32201 32201 W TreasureHuntCPP: ply returned null /sdcard/Oculus/NOMAD/CO2-CaO-rel/1--0010.ply
02-27 15:25:48.411 32201 32201 W TreasureHuntCPP: ply returned null /sdcard/Oculus/NOMAD/CO2-CaO-rel/1-+0010.ply
02-27 15:25:48.411 32201 32201 W TreasureHuntCPP: ply returned null /sdcard/Oculus/NOMAD/CO2-CaO-rel/1-+0025.ply
02-27 15:25:48.411 32201 32201 W TreasureHuntCPP: ply returned null /sdcard/Oculus/NOMAD/CO2-CaO-rel/1-+0050.ply
02-27 15:25:48.411 32201 32201 W TreasureHuntCPP: ply returned null /sdcard/Oculus/NOMAD/CO2-CaO-rel/1-+0100.ply
02-27 15:25:48.411 32201 32201 W TreasureHuntCPP: ply returned null /sdcard/Oculus/NOMAD/CO2-CaO-rel/1-atom.ply
02-27 15:25:48.411 32201 32201 W TreasureHuntCPP: ply returned null /sdcard/Oculus/NOMAD/CO2-CaO-rel/1--0100.ply
02-27 15:25:48.411 32201 32201 W TreasureHuntCPP: ply returned null /sdcard/Oculus/NOMAD/CO2-CaO-rel/1--0050.ply
02-27 15:25:48.411 32201 32201 W TreasureHuntCPP: ply returned null /sdcard/Oculus/NOMAD/CO2-CaO-rel/1--0025.ply
02-27 15:25:48.411 32201 32201 W TreasureHuntCPP: ply returned null /sdcard/Oculus/NOMAD/CO2-CaO-rel/1--0010.ply
02-27 15:25:48.411 32201 32201 W TreasureHuntCPP: ply returned null /sdcard/Oculus/NOMAD/CO2-CaO-rel/1-+0010.ply
02-27 15:25:48.411 32201 32201 W TreasureHuntCPP: ply returned null /sdcard/Oculus/NOMAD/CO2-CaO-rel/1-+0025.ply
02-27 15:25:48.411 32201 32201 W TreasureHuntCPP: ply returned null /sdcard/Oculus/NOMAD/CO2-CaO-rel/1-+0050.ply
02-27 15:25:48.411 32201 32201 W TreasureHuntCPP: ply returned null /sdcard/Oculus/NOMAD/CO2-CaO-rel/1-+0100.ply
02-27 15:25:48.411 32201 32201 W TreasureHuntCPP: ply returned null /sdcard/Oculus/NOMAD/CO2-CaO-rel/1-atom.ply
02-27 15:25:48.411 32201 32201 W TreasureHuntCPP: ply returned null /sdcard/Oculus/NOMAD/CO2-CaO-rel/1--0100.ply
02-27 15:25:48.411 32201 32201 W TreasureHuntCPP: ply returned null /sdcard/Oculus/NOMAD/CO2-CaO-rel/1--0050.ply
02-27 15:25:48.411 32201 32201 W TreasureHuntCPP: ply returned null /sdcard/Oculus/NOMAD/CO2-CaO-rel/1--0025.ply
02-27 15:25:48.411 32201 32201 W TreasureHuntCPP: ply returned null /sdcard/Oculus/NOMAD/CO2-CaO-rel/1--0010.ply
02-27 15:25:48.411 32201 32201 W TreasureHuntCPP: ply returned null /sdcard/Oculus/NOMAD/CO2-CaO-rel/1-+0010.ply
02-27 15:25:48.411 32201 32201 W TreasureHuntCPP: ply returned null /sdcard/Oculus/NOMAD/CO2-CaO-rel/1-+0025.ply
02-27 15:25:48.411 32201 32201 W TreasureHuntCPP: ply returned null /sdcard/Oculus/NOMAD/CO2-CaO-rel/1-+0050.ply
02-27 15:25:48.411 32201 32201 W TreasureHuntCPP: ply returned null /sdcard/Oculus/NOMAD/CO2-CaO-rel/1-+0100.ply
02-27 15:25:48.411 32201 32201 W TreasureHuntCPP: ply returned null /sdcard/Oculus/NOMAD/CO2-CaO-rel/1-atom.ply
02-27 15:25:48.411 32201 32201 D TreasureHuntCPP: Viewer type: CARDBOARD
02-27 15:25:48.411 32201 32201 D Activity: performCreate Call Injection manager
02-27 15:25:48.411 32201 32201 I InjectionManager: dispatchOnViewCreated > Target : com.google.vr.ndk.samples.treasurehunt.MainActivity isFragment :false
02-27 15:25:48.411 32201 32201 D ViewRootImpl: #1 mView = com.android.internal.policy.PhoneWindow$DecorView{5be2843 I.E...... R.....ID 0,0-0,0}
02-27 15:25:48.421 32201  3029 D ConfigUtils: Parameters file not found for reading: java.io.FileNotFoundException: /storage/emulated/0/Cardboard/current_device_params: open failed: EACCES (Permission denied)
02-27 15:25:48.421  3509  4006 D ISSUE_DEBUG: InputChannelName : a5b337c com.google.vr.ndk.samples.treasurehunt/com.google.vr.ndk.samples.treasurehunt.MainActivity
02-27 15:25:48.421  3509  4104 D ActivityManager: post active user change for 0 fullscreen true isFloatingActivity() false isHomeActivity() false
02-27 15:25:48.421  3509  4104 D KnoxTimeoutHandler: postActiveUserChange [MsgParam] userId: 0 fullscreen is true showWhenlocked is false
02-27 15:25:48.421  3509  3509 D KnoxTimeoutHandler: handleActiveUserChange [MsgParam] userId: 0 fullscreen is true showWhenlocked is false
02-27 15:25:48.421  3509  3509 I KnoxTimeoutHandler: Shared devices show user statefalse
02-27 15:25:48.421  3036  3036 I SurfaceFlinger: id=234 createSurf (1x1),1 flag=4, NainActivit
02-27 15:25:48.421  3509  3589 D StatusBarManagerService: manageDisableList userId=0 what=0x0 pkg=Window{a5b337c u0 d0 com.google.vr.ndk.samples.treasurehunt/com.google.vr.ndk.samples.treasurehunt.MainActivity}
02-27 15:25:48.421  3509  3589 D RestrictionPolicy: isStatusBarExpansionAllowedAsUser : true, userId = 0
02-27 15:25:48.421  3509  4084 D InputDispatcher: Focus entered window: 32201
02-27 15:25:48.431  3509  3589 D RestrictionPolicy: isStatusBarExpansionAllowedAsUser : true, userId = 0
02-27 15:25:48.431  3509  3619 D PointerIcon: setMouseIconStyle1 pointerType: 1001 iconType:101 flag:0 pid:3509 uid:1000
02-27 15:25:48.431  3509  3619 D PointerIcon: setMouseCustomIcon IconType is same.101
02-27 15:25:48.431 32201 32262 D mali_winsys: new_window_surface returns 0x3000,  [2560x1440]-format:1
02-27 15:25:48.431  4212  4212 D libEGL  : eglTerminate EGLDisplay = 0x7fe270d978
02-27 15:25:48.431  4212  4212 D ImageWallpaper: onSurfaceRedrawNeeded: newRotation:2
02-27 15:25:48.431  4212  4212 D ImageWallpaper: drawFrame:false rotation:1 mLastRotation:1
02-27 15:25:48.431  4212  4212 D ImageWallpaper: drawFrame:[frame.width()]2560[frame.height()]2240
02-27 15:25:48.431  4212  4212 D ImageWallpaper: Suppressed drawFrame since redraw is not needed and offsets have not changed.
02-27 15:25:48.431  3036  3036 I SurfaceFlinger: id=235 createSurf (2560x1440),4 flag=404, TurfaceView
02-27 15:25:48.441  3509  4000 V WindowStateAnimator: Finishing drawing window Window{347b783 u0 d0 com.android.systemui.ImageWallpaper}: mDrawState=DRAW_PENDING
02-27 15:25:48.441  4212  4212 D ViewRootImpl: MSG_RESIZED_REPORT: ci=Rect(0, 0 - 0, 0) vi=Rect(0, 0 - 0, 0) or=2
02-27 15:25:48.441 32201  3029 D libEGL  : eglInitialize EGLDisplay = 0x7f7b97fe28
02-27 15:25:48.441 32201  3029 D         : ro.exynos.dss isEnabled: 0
02-27 15:25:48.441  4212  4212 D KeyguardCircleAffordanceView: setPreviewView: mRight=false,preview=android.widget.RelativeLayout{54253a8 I.E...... ......ID 0,0-1440,2560}
02-27 15:25:48.441  3036  3036 D libEGL  : eglInitialize EGLDisplay = 0x7fc50172d8
02-27 15:25:48.441  3066  3629 D AudioFlinger: mixer(0xee600000) throttle end: throttle time(4)
02-27 15:25:48.441  3036  3036 D libEGL  : eglTerminate EGLDisplay = 0x7fc5017368
02-27 15:25:48.441 32201  3029 D mali_winsys: new_window_surface returns 0x3000,  [2560x1440]-format:2
02-27 15:25:48.441  3509  4050 V WindowStateAnimator: Finishing drawing window Window{cb4cc5a u0 d0 SurfaceView}: mDrawState=DRAW_PENDING
02-27 15:25:48.451  3509  4069 V WindowStateAnimator: Finishing drawing window Window{cb4cc5a u0 d0 SurfaceView}: mDrawState=READY_TO_SHOW
02-27 15:25:48.461  4212  4212 D KeyguardCircleAffordanceView: setPreviewView: mRight=true,preview=android.widget.AbsoluteLayout{eaafec1 I.E...... ......ID 0,0-1440,2560}
02-27 15:25:48.481  4212  4212 D SecKeyguardClockView: onConfigurationChanged()
02-27 15:25:48.481  4212  4212 D SecKeyguardClockView: handleDelayedOnConfigurationChanged()
02-27 15:25:48.491  4212  4212 D KeyguardCarrierText: onConfigurationChanged: 
02-27 15:25:48.491  3509  3526 D SecContentProvider2: query(), uri = 15 selection = getLockScreenHiddenItems
02-27 15:25:48.501  4212  4212 D KeyguardCarrierText: updateCarrierText(): isMultiSIMState: false
02-27 15:25:48.501  4212  4212 D KeyguardCarrierText: updateDate slot by SubID
02-27 15:25:48.511  4212  4212 D KeyguardCarrierText: updateIntentData(): isMultiSIMState: falsesubId: 2147483643 phoneId:0plmn: Nur NotrufeSPN: 
02-27 15:25:48.511  4212  4212 D KeyguardCarrierText: mSimState[0]ABSENT
02-27 15:25:48.511  4212  4212 D KeyguardCarrierText: mSimState[1]ABSENT
02-27 15:25:48.511  4212  4212 D KeyguardCarrierText: Getting plmn/spn sticky brdcst  mPlmn:Nur Notrufe / mSpn:  phoneId:0 subId:2147483643 showPlmn: true showSpn:false
02-27 15:25:48.511  4212  4212 D KeyguardCarrierText: getStatusForIccState :  SIM state = ABSENT
02-27 15:25:48.511  4212  4212 D KeyguardCarrierText: makeCarrierStringOnEmergencyCapable :  mIsEmergencyCallCapable:  true
02-27 15:25:48.511  4212  4212 D KeyguardCarrierText: concatenate : plmn = Keine SIM-Karte, spn = Nur Notrufe
02-27 15:25:48.511  4212  4212 D KeyguardCarrierText: getCarrierTextForSimState :  SIM state = SimMissingcarrierText: Keine SIM-Karte | Nur Notrufe
02-27 15:25:48.511  4212  4212 D KeyguardCarrierText: Handling ABSENT , carrierTextForSimState = Keine SIM-Karte | Nur Notrufe
02-27 15:25:48.521  4212  4212 D KeyguardCarrierText: updateCarrierText insertedMultiSim = false
02-27 15:25:48.521  4212  4212 D KeyguardCarrierText: updateCarrierText State: Absent SIM Number = 0
02-27 15:25:48.521 32201  3030 W art     : Native thread exiting without having called DetachCurrentThread (maybe it's going to use a pthread_key_create destructor?): Thread[25,tid=3030,Native,Thread*=0x7f7e9fd200,peer=0x12d470a0,"Thread-2706"]
02-27 15:25:48.521  4212  4212 D KeyguardCarrierText: Getting plmn/spn sticky brdcst for Absent case Nur Notrufe/showPlmn: trueshowSpn: false phoneId:0 subId:2147483643
02-27 15:25:48.521  4212  4212 D KeyguardCarrierText: concatenate : plmn = Nur Notrufe
02-27 15:25:48.521  4212  4212 D KeyguardCarrierText: makeCarrierStringOnEmergencyCapable :  mIsEmergencyCallCapable:  true
02-27 15:25:48.521  4212  4212 D KeyguardCarrierText: concatenate : plmn = Keine SIM-Karte, spn = Nur Notrufe
02-27 15:25:48.521  4212  4212 D KeyguardCarrierText: setText :  displayText = Keine SIM-Karte | Nur Notrufe
02-27 15:25:48.531  4212  4212 D ImageWallpaper: onVisibilityChanged:false
02-27 15:25:48.531  4212  4212 D ImageWallpaper: drawFrame:false rotation:1 mLastRotation:1
02-27 15:25:48.531  4212  4212 D ImageWallpaper: drawFrame:[frame.width()]2560[frame.height()]2240
02-27 15:25:48.531  4212  4212 D ImageWallpaper: Suppressed drawFrame since redraw is not needed and offsets have not changed.
02-27 15:25:48.531  4212  4212 D WallpaperService: MSG_UPDATE_SURFACE
02-27 15:25:48.531  4212  4212 D WallpaperService: updateSurface:[forceRelayout]true[redrawNeeded]false
02-27 15:25:48.531  4212  4212 V WallpaperService: Changes: creating=false format=false size=false
02-27 15:25:48.531  4212  4212 V WallpaperService: currentWidth:2560 currentHeight:2240 requestedWidth:2560 requestedWidth:2240
02-27 15:25:48.531  4212  4212 V WallpaperService: relayout result: Surface(name=null)/@0x4afb8c, frame=Rect(0, 0 - 2560, 2240),relayoutResult:1, mConfiguration{0 1.0 themeSeq = 0 showBtnBg = -1 ?mcc?mnc de_DE ?layoutDir ?swdp ?wdp ?hdp ?density ?lsize ?long ?orien ?uimode ?night ?touch ?keyb/?/? ?nav/? mkbd/?}
02-27 15:25:48.541  4212  4212 V WallpaperService: Wallpaper size has changed: (2560, 2240
02-27 15:25:48.561  3036  4623 D libEGL  : eglTerminate EGLDisplay = 0x7f8c9fbe78
02-27 15:25:48.561  3036  4623 D libEGL  : eglTerminate EGLDisplay = 0x7f8c9fbe78
02-27 15:25:48.561  4212  4391 D mali_winsys: new_window_surface returns 0x3000,  [2560x96]-format:1
02-27 15:25:48.571  4212  4212 D KeyguardEffectViewController: onLayoutChange() v: com.android.keyguard.effect.EffectBehindView{93e3c02 I.E...... ......ID 0,0-2560,96 #7f0e0325 app:id/keyguard_effect_behind}, bottom : 96, oldBottom : 96
02-27 15:25:48.571  3509  4069 D BatteryService: !@BatteryListener : batteryPropertiesChanged!
02-27 15:25:48.571  3509  4069 D BatteryService: level:87, scale:100, status:2, health:2, present:true, voltage: 3977, temperature: 296, technology: Li-ion, AC powered:false, USB powered:true, POGO powered:false, Wireless powered:false, icon:17303414, invalid charger:0, maxChargingCurrent:0
02-27 15:25:48.571  3509  4069 D BatteryService: online:4, current avg:30, charge type:1, power sharing:false, high voltage charger:false, capacity:280000, batterySWSelfDischarging:false, current_now:-1287
02-27 15:25:48.571  3509  3509 D BatteryService: Sending ACTION_BATTERY_CHANGED.
02-27 15:25:48.571  4212  4212 W View    : requestLayout() improperly called by com.android.systemui.qs.QSContainer{17a325d V.E...... ......ID 0,464-2560,1196 #7f0e01b7 app:id/quick_settings_container} during layout: running second layout pass
02-27 15:25:48.571  4212  4212 I ViewRootImpl: requestLayout is already in process
02-27 15:25:48.571  3509  3509 I MotionRecognitionService: Plugged
02-27 15:25:48.571  3509  3509 E MotionRecognitionService: support TA ~
02-27 15:25:48.571  3509  3509 I MotionRecognitionService: isTAConnected | current backoffstate  = 33792
02-27 15:25:48.571  3509  3509 D MotionRecognitionService:  TA connected ,  33792
02-27 15:25:48.571  3509  3509 I MotionRecognitionService: skip setTransmitPower. 
02-27 15:25:48.571  3509  3509 D MotionRecognitionService:   cableConnection= 1
02-27 15:25:48.571  3509  3509 D MotionRecognitionService: setPowerConnected | current backoffstate  = 33792 , state =33792
02-27 15:25:48.571  3509  3509 D MotionRecognitionService: skip setTransmitPower. 
02-27 15:25:48.581  3509  4084 V WindowStateAnimator: Finishing drawing window Window{a5b337c u0 d0 com.google.vr.ndk.samples.treasurehunt/com.google.vr.ndk.samples.treasurehunt.MainActivity}: mDrawState=DRAW_PENDING
02-27 15:25:48.581  3036  3036 D libEGL  : eglInitialize EGLDisplay = 0x7fc50172d8
02-27 15:25:48.581  5647  5647 D CommonServiceConfiguration: getStringValueSetting
02-27 15:25:48.581 32201 32201 D ViewRootImpl: MSG_RESIZED_REPORT: ci=Rect(0, 0 - 0, 0) vi=Rect(0, 0 - 0, 0) or=2
02-27 15:25:48.581  3509  3619 D PowerManagerService: [api] acquire WakeLock flags=0x2000000a tag=WindowManager uid=1000 pid=3509
02-27 15:25:48.581  3509  3589 W ContextImpl: Calling a method in the system process without a qualified user: android.app.ContextImpl.sendBroadcast:830 com.android.server.policy.PhoneWindowManager.notifyToSSRM:8657 com.android.server.policy.PhoneWindowManager.access$1500:309 com.android.server.policy.PhoneWindowManager$PolicyHandler.handleMessage:1208 android.os.Handler.dispatchMessage:102 
02-27 15:25:48.601  3509  3619 D KnoxTimeoutHandler: notifyActivityDrawn [MsgParam] userId: 0 fullscreen is true showWhenlocked is false
02-27 15:25:48.601  5647  5647 D BatteryMonitor: new battery level: 87
02-27 15:25:48.601  3509  4055 D InputMethodManagerService: windowGainedFocus mCurrentFocusedUserId - 0 and mSecureKeypadEnabled-false
02-27 15:25:48.601  3509  3509 D KnoxTimeoutHandler: activityDrawn [MsgParam] userId: 0 fullscreen is true showWhenlocked is false
02-27 15:25:48.601  3509  3619 I ActivityManager: Displayed com.google.vr.ndk.samples.treasurehunt/.MainActivity: +452ms
02-27 15:25:48.601  3509  4091 D ConnectivityService: updateCapabilities: oldCap = [ Transports: WIFI Capabilities: INTERNET&NOT_RESTRICTED&TRUSTED&NOT_VPN&VALIDATED LinkUpBandwidth>=1048576Kbps LinkDnBandwidth>=1048576Kbps SignalStrength: -75], newCap = [ Transports: WIFI Capabilities: INTERNET&NOT_RESTRICTED&TRUSTED&NOT_VPN LinkUpBandwidth>=1048576Kbps LinkDnBandwidth>=1048576Kbps SignalStrength: -74]
02-27 15:25:48.601  3509  3619 I Timeline: Timeline: Activity_windows_visible id: ActivityRecord{6c44be4 u0 com.google.vr.ndk.samples.treasurehunt/.MainActivity t177} time:1289621
02-27 15:25:48.601  3509  4091 D ConnectivityService: rematching NetworkAgentInfo [WIFI () - 502]
02-27 15:25:48.601  3509  4091 D ConnectivityService:  network has: NetworkAgentInfo{ ni{[type: WIFI[] - WIFI, state: CONNECTED/CONNECTED, reason: (unspecified), extra: "eduroam", roaming: false, failover: false, isAvailable: true]}  network{502}  lp{{InterfaceName: wlan0 LinkAddresses: [2001:4ca0:0:f291:ea50:8bff:fed2:c10f/64,2001:4ca0:0:f291:3cc0:4afd:8aa:7a7e/64,10.183.10.254/20,]  Routes: [::/0 -> fe80::5:73ff:fea0:1 wlan0,2001:4ca0:0:f291::/64 -> :: wlan0,10.183.0.0/20 -> 0.0.0.0 wlan0,0.0.0.0/0 -> 10.183.15.254 wlan0,] DnsAddresses: [10.156.33.53,129.187.5.1,] Domains: eduroam.mwn.de MTU: 0 TcpBufferSizes: 524288,1048576,4525824,524288,1048576,4525824}}  nc{[ Transports: WIFI Capabilities: INTERNET&NOT_RESTRICTED&TRUSTED&NOT_VPN&VALIDATED LinkUpBandwidth>=1048576Kbps LinkDnBandwidth>=1048576Kbps SignalStrength: -74]}  Score{60}  everValidated{true}  lastValidated{true}  created{true} lingering{false} explicitlySelected{false} acceptUnvalidated{false} everCaptivePortalDetected{false} lastCaptivePortalDetected{false} }
02-27 15:25:48.601  3509  4091 D ConnectivityService:   checking if request is: NetworkRequest [ id=25, legacyType=-1, [ Capabilities: INTERNET&NOT_RESTRICTED&TRUSTED] ] satisfies: true nri.isRequest: false
02-27 15:25:48.601  3509  4091 D ConnectivityService: Network NetworkAgentInfo [WIFI () - 502] was already satisfying request 1. No change.
02-27 15:25:48.601  3509  4091 D ConnectivityService:   checking if request is: NetworkRequest [ id=8, legacyType=-1, [ Capabilities: INTERNET&NOT_RESTRICTED&TRUSTED] ] satisfies: true nri.isRequest: false
02-27 15:25:48.601  3509  4091 D ConnectivityService:   checking if request is: NetworkRequest [ id=9, legacyType=-1, [ Capabilities: INTERNET&NOT_RESTRICTED&TRUSTED&NOT_VPN] ] satisfies: true nri.isRequest: false
02-27 15:25:48.601  3509  4091 D ConnectivityService:   checking if request is: NetworkRequest [ id=5, legacyType=-1, [] ] satisfies: true nri.isRequest: false
02-27 15:25:48.601  3509  4091 D ConnectivityService:   checking if request is: NetworkRequest [ id=4, legacyType=-1, [ Transports: WIFI Capabilities: INTERNET&NOT_RESTRICTED&TRUSTED&NOT_VPN] ] satisfies: true nri.isRequest: false
02-27 15:25:48.601  3509  4091 D ConnectivityService:   checking if request is: NetworkRequest [ id=3, legacyType=-1, [ Transports: CELLULAR Capabilities: INTERNET&NOT_RESTRICTED&TRUSTED&NOT_VPN] ] satisfies: false nri.isRequest: false
02-27 15:25:48.601  3509  4091 D ConnectivityService:   checking if request is: NetworkRequest [ id=6, legacyType=-1, [ Capabilities: NOT_RESTRICTED&TRUSTED&NOT_VPN] ] satisfies: true nri.isRequest: false
02-27 15:25:48.601  3509  4091 D ConnectivityService: notifyType CAP_CHANGED for NetworkAgentInfo [WIFI () - 502]
02-27 15:25:48.601  3509  3619 D CustomFrequencyManagerService: releaseDVFSLockLocked : Getting Lock type frm List : DVFS_MIN_LIMIT  frequency : 1800000  uid : 1000  pid : 3509  tag : ACTIVITY_RESUME_BOOSTER@3
02-27 15:25:48.601  3509  4091 D ConnectivityService:  sending notification for NetworkRequest [ id=1, legacyType=-1, [ Capabilities: INTERNET&NOT_RESTRICTED&TRUSTED&NOT_VPN] ]
02-27 15:25:48.601  3509  4091 D ConnectivityService:  sending notification for NetworkRequest [ id=4, legacyType=-1, [ Transports: WIFI Capabilities: INTERNET&NOT_RESTRICTED&TRUSTED&NOT_VPN] ]
02-27 15:25:48.601  3509  3619 D CustomFrequencyManagerService: FrequencyrequestList.getNextCStateDisableRequest, index: 0
02-27 15:25:48.601  3509  4091 D ConnectivityService: sending notification CAP_CHANGED for NetworkRequest [ id=4, legacyType=-1, [ Transports: WIFI Capabilities: INTERNET&NOT_RESTRICTED&TRUSTED&NOT_VPN] ]
02-27 15:25:48.601  3509  4091 D ConnectivityService:  sending notification for NetworkRequest [ id=5, legacyType=-1, [] ]
02-27 15:25:48.601  3509  3619 D ActivityManager: mDVFSHelper.release()
02-27 15:25:48.601  3509  4091 D ConnectivityService: sending notification CAP_CHANGED for NetworkRequest [ id=5, legacyType=-1, [] ]
02-27 15:25:48.601  3509  3588 D CustomFrequencyManagerService: acquireDVFSLockLocked : type : DVFS_MIN_LIMIT  frequency : 1800000  uid : 1000  pid : 3509  pkgName : ACTIVITY_RESUME_BOOSTER@9
02-27 15:25:48.601  3509  4091 D ConnectivityService:  sending notification for NetworkRequest [ id=6, legacyType=-1, [ Capabilities: NOT_RESTRICTED&TRUSTED&NOT_VPN] ]
02-27 15:25:48.601  3509  4091 D ConnectivityService: sending notification CAP_CHANGED for NetworkRequest [ id=6, legacyType=-1, [ Capabilities: NOT_RESTRICTED&TRUSTED&NOT_VPN] ]
02-27 15:25:48.601  3509  4064 V WindowStateAnimator: Finishing drawing window Window{719e7a6 u0 d0 StatusBar}: mDrawState=DRAW_PENDING
02-27 15:25:48.601  4212  4212 D vol.SecVolumeDialog: updateWindowWidth lp.width=1624
02-27 15:25:48.601  4212  4212 D Clock   : received broadcast android.intent.action.CONFIGURATION_CHANGED
02-27 15:25:48.601  6848  6848 D SamsungIME: IMPL finishInput
02-27 15:25:48.601  6848  6848 D SamsungIME: SwiftKeyWrapper writeDBdataToFileOnFinishInput
02-27 15:25:48.601  6848  6848 D SamsungIME: saveAndClear +
02-27 15:25:48.601  6848  6848 D SamsungIME: saveAndClear -
02-27 15:25:48.601  3509  3509 I KnoxTimeoutHandler: SD activityfalse
02-27 15:25:48.601  3509  4091 D ConnectivityService:  sending notification for NetworkRequest [ id=8, legacyType=-1, [ Capabilities: INTERNET&NOT_RESTRICTED&TRUSTED] ]
02-27 15:25:48.601  3509  4091 D ConnectivityService: sending notification CAP_CHANGED for NetworkRequest [ id=8, legacyType=-1, [ Capabilities: INTERNET&NOT_RESTRICTED&TRUSTED] ]
02-27 15:25:48.601  3509  3619 I WindowManager: Screen frozen for +457ms due to Window{719e7a6 u0 d0 StatusBar}
02-27 15:25:48.601  3036  3036 I SurfaceFlinger: id=236 createSurf (2880x2560),-1 flag=20004, ClackSurfac
02-27 15:25:48.601  6848  6848 D SamsungIME: onStartInput: No inputType, No imeOption, isInputViewShown = false, isExtractViewShown = false, isShowInputRequested = false, isConfigChanged = true
02-27 15:25:48.601  3509  4091 D ConnectivityService:  sending notification for NetworkRequest [ id=9, legacyType=-1, [ Capabilities: INTERNET&NOT_RESTRICTED&TRUSTED&NOT_VPN] ]
02-27 15:25:48.601  3509  4091 D ConnectivityService: sending notification CAP_CHANGED for NetworkRequest [ id=9, legacyType=-1, [ Capabilities: INTERNET&NOT_RESTRICTED&TRUSTED&NOT_VPN] ]
02-27 15:25:48.611  3036  3036 I SurfaceFlinger: id=237 createSurf (1440x5120),-1 flag=20004, ClackSurfac
02-27 15:25:48.611  3036  3036 I SurfaceFlinger: id=238 createSurf (2880x2560),-1 flag=20004, ClackSurfac
02-27 15:25:48.611  3036  3036 D libEGL  : eglInitialize EGLDisplay = 0x7fc50172d8
02-27 15:25:48.611  3036  3036 D libEGL  : eglInitialize EGLDisplay = 0x7fc50172d8
02-27 15:25:48.611  3509  4091 D ConnectivityService:  sending notification for NetworkRequest [ id=25, legacyType=-1, [ Capabilities: INTERNET&NOT_RESTRICTED&TRUSTED] ]
02-27 15:25:48.611  3509  4091 D ConnectivityService: sending notification CAP_CHANGED for NetworkRequest [ id=25, legacyType=-1, [ Capabilities: INTERNET&NOT_RESTRICTED&TRUSTED] ]
02-27 15:25:48.611  3036  3036 D libEGL  : eglInitialize EGLDisplay = 0x7fc50172d8
02-27 15:25:48.611  3036  3036 D libEGL  : eglTerminate EGLDisplay = 0x7fc5017368
02-27 15:25:48.611  3036  3036 I SurfaceFlinger: id=239 createSurf (1440x5120),-1 flag=20004, ClackSurfac
02-27 15:25:48.611  3509  3619 D InputDispatcher: setInputDispatchMode: enabled=1, frozen=0
02-27 15:25:48.621  4212  4424 D NetworkController: onReceive: intent=Intent { act=android.net.wifi.RSSI_CHANGED flg=0x4000010 bqHint=4 (has extras) }
02-27 15:25:48.631  3509  3996 V WindowStateAnimator: Finishing drawing window Window{a5b337c u0 d0 com.google.vr.ndk.samples.treasurehunt/com.google.vr.ndk.samples.treasurehunt.MainActivity}: mDrawState=HAS_DRAWN
02-27 15:25:48.631 32201 32201 I Timeline: Timeline: Activity_idle id: android.os.BinderProxy@fef42a8 time:1289653
02-27 15:25:48.631  6848  6848 E SamsungIME: resetNeedToLoadHwrLibrary : 0
02-27 15:25:48.631  4527  4527 D Launcher.HomeView: onStop
02-27 15:25:48.641  4527  4527 D capture : ----destroy
02-27 15:25:48.641  6848  6848 I SamsungIME: putCacheDrawable inputModule=0 key =ICON_SETTING
02-27 15:25:48.641  4527  4527 V ActivityThread: updateVisibility : ActivityRecord{d0b9a06 token=android.os.BinderProxy@698edfe {com.sec.android.app.launcher/com.sec.android.app.launcher.activities.LauncherActivity}} show : false
02-27 15:25:48.641  4212  4212 D WallpaperService: MSG_WINDOW_RESIZED
02-27 15:25:48.641  4212  4212 D WallpaperService: updateSurface:[forceRelayout]true[redrawNeeded]true
02-27 15:25:48.641  4212  4212 V WallpaperService: Changes: creating=false format=false size=false
02-27 15:25:48.641  4212  4212 V WallpaperService: currentWidth:2560 currentHeight:2240 requestedWidth:2560 requestedWidth:2240
02-27 15:25:48.651  4212  4212 V WallpaperService: relayout result: Surface(name=null)/@0x4afb8c, frame=Rect(0, 0 - 2560, 2240),relayoutResult:1, mConfiguration{0 1.0 themeSeq = 0 showBtnBg = -1 ?mcc?mnc de_DE ?layoutDir ?swdp ?wdp ?hdp ?density ?lsize ?long ?orien ?uimode ?night ?touch ?keyb/?/? ?nav/? mkbd/?}
02-27 15:25:48.651  4212  4212 V WallpaperService: Wallpaper size has changed: (2560, 2240
02-27 15:25:48.651  4212  4212 D ImageWallpaper: onSurfaceRedrawNeeded: newRotation:2
02-27 15:25:48.651  4212  4212 D ImageWallpaper: drawFrame:false rotation:1 mLastRotation:1
02-27 15:25:48.651  4212  4212 D ImageWallpaper: drawFrame:[frame.width()]2560[frame.height()]2240
02-27 15:25:48.651  4212  4212 D ImageWallpaper: Suppressed drawFrame since redraw is not needed and offsets have not changed.
02-27 15:25:48.651  3509  3996 V WindowStateAnimator: Finishing drawing window Window{347b783 u0 d0 com.android.systemui.ImageWallpaper}: mDrawState=READY_TO_SHOW
02-27 15:25:48.661  4527  4527 D Launcher: onTrimMemory. Level: 20
02-27 15:25:48.661  4212  4212 D PhoneStatusBar: setSystemUiVisibility vis=9706 mask=ffffffff oldVal=8600 newVal=9706 diff=1106
02-27 15:25:48.661  3036  3036 D libEGL  : eglInitialize EGLDisplay = 0x7fc50172d8
02-27 15:25:48.671  4212  4212 D SecKeyguardClockView: HomeTimezone(): 1
02-27 15:25:48.671  4212  4212 D SecKeyguardClockView: isDualClockSetting, isHomeTimeZoneExist, isEasyUxOn, mIsNetworkRoaming: true, false, false, false
02-27 15:25:48.671  4212  4212 D SecKeyguardClockView: handleUpdateClock() >> START >> Text Single Clock will be inflated.
02-27 15:25:48.671  4212  4212 V KeyguardUpdateMonitor: *** unregister callback for com.android.keyguard.status.KeyguardDateView$3@f7fa73a
02-27 15:25:48.671  4212  4212 V KeyguardUpdateMonitor: *** unregister callback for com.android.keyguard.status.SecKeyguardClockSingleView$2@83ae5cf
02-27 15:25:48.681  4212  4212 D Minikin : FontFamily bestFont == NULL, so return vacant FakedFont
02-27 15:25:48.681  4212  4212 D Minikin : FontFamily bestFont == NULL, so return vacant FakedFont
02-27 15:25:48.681  4212  4212 D Minikin : FontFamily bestFont == NULL, so return vacant FakedFont
02-27 15:25:48.681  4212  4212 D SecKeyguardClockSingleView: font effect info: null
02-27 15:25:48.681  4212  4212 V KeyguardUpdateMonitor: *** register callback for com.android.keyguard.status.SecKeyguardClockSingleView$2@9d40120
02-27 15:25:48.681  4212  4212 V KeyguardUpdateMonitor: *** unregister callback for null
02-27 15:25:48.681  4212  4212 V KeyguardUpdateMonitor: *** register callback for com.android.keyguard.status.KeyguardDateView$3@75c737f
02-27 15:25:48.681  4212  4212 V KeyguardUpdateMonitor: *** unregister callback for null
02-27 15:25:48.681  4212  4212 D SecKeyguardClockView: handleUpdateClock() << END << Clock is inflated.
02-27 15:25:48.691  4212  4212 D KeyguardUpdateMonitor: received broadcast android.intent.action.BATTERY_CHANGED
02-27 15:25:48.691  4212  4212 D PowerUI : priorPlugType = 2 mPlugType =  2
02-27 15:25:48.691  3036  3036 D libEGL  : eglInitialize EGLDisplay = 0x7fc50172d8
02-27 15:25:48.691  3036  3036 D libEGL  : eglInitialize EGLDisplay = 0x7fc50172d8
02-27 15:25:48.691  4212  4212 D PowerUI.Notification: showChargingNotice oldChargingType : 1 currentChargingType : 1 oldChargingTime : 2690000 mChargingTime : 2690000
02-27 15:25:48.701  4212  4212 D PowerUI.Notification: There is no change about charging status, so return!
02-27 15:25:48.701  4212  4212 D BatteryMeterView: ACTION_BATTERY_CHANGED : level:87 status:2 health:2
02-27 15:25:48.701  4212  4212 D BatteryMeterView: ACTION_BATTERY_CHANGED : level:87 status:2 health:2
02-27 15:25:48.701  4212  4212 D PanelView: updateQsState
02-27 15:25:48.701  4212  4212 D KeyguardCircleAffordanceView: setPreviewView: mRight=false,preview=null
02-27 15:25:48.701  4212  4212 D KeyguardCircleAffordanceView: setPreviewView: mRight=true,preview=null
02-27 15:25:48.701  4212  4212 D KeyguardSwipeHelper: reset()
02-27 15:25:48.701  4212  4212 D KeyguardUnlockEventHandler: reset()
02-27 15:25:48.701  4212  4212 D KeyguardSwipeHelper: resetChildViewVI()
02-27 15:25:48.701  4212  4212 D KeyguardUpdateMonitor: handleBatteryUpdate
02-27 15:25:48.721  4212  4212 D QSTileView: handleLabelStateChanged() label = WLAN cellWidth 272
02-27 15:25:48.731  3036  3036 D libEGL  : eglInitialize EGLDisplay = 0x7fc50172d8
02-27 15:25:48.741  4609  2857 D MediaProvider: bulkInsert finished
02-27 15:25:48.741  4609  2857 E MtpServerJNI: server is null in send_object_added
02-27 15:25:48.741  4609  2857 E MtpServerJNI: server is null in send_object_added
02-27 15:25:48.741  4609  2857 E MtpServerJNI: server is null in send_object_added
02-27 15:25:48.741  4609  2857 E MtpServerJNI: server is null in send_object_added
02-27 15:25:48.741  4609  2857 E MtpServerJNI: server is null in send_object_added
02-27 15:25:48.741  4609  2857 E MtpServerJNI: server is null in send_object_added
02-27 15:25:48.741  4609  2857 E MtpServerJNI: server is null in send_object_added
02-27 15:25:48.741  4609  2857 E MtpServerJNI: server is null in send_object_added
02-27 15:25:48.741  4609  2857 E MtpServerJNI: server is null in send_object_added
02-27 15:25:48.741  4609  2857 E MtpServerJNI: server is null in send_object_added
02-27 15:25:48.741  4609  2857 E MtpServerJNI: server is null in send_object_added
02-27 15:25:48.741  4609  2857 E MtpServerJNI: server is null in send_object_added
02-27 15:25:48.741  4609  2857 E MtpServerJNI: server is null in send_object_added
02-27 15:25:48.741  4609  2857 E MtpServerJNI: server is null in send_object_added
02-27 15:25:48.741  4609  2857 E MtpServerJNI: server is null in send_object_added
02-27 15:25:48.741  4609  2857 E MtpServerJNI: server is null in send_object_added
02-27 15:25:48.741  4609  2857 E MtpServerJNI: server is null in send_object_added
02-27 15:25:48.741  4609  2857 E MtpServerJNI: server is null in send_object_added
02-27 15:25:48.741  4609  2857 E MtpServerJNI: server is null in send_object_added
02-27 15:25:48.741  4609  2857 E MtpServerJNI: server is null in send_object_added
02-27 15:25:48.741  4609  2857 E MtpServerJNI: server is null in send_object_added
02-27 15:25:48.741  4609  2857 E MtpServerJNI: server is null in send_object_added
02-27 15:25:48.741  4609  2857 E MtpServerJNI: server is null in send_object_added
02-27 15:25:48.741  4609  2857 E MtpServerJNI: server is null in send_object_added
02-27 15:25:48.741  4609  2857 E MtpServerJNI: server is null in send_object_added
02-27 15:25:48.741  4609  2857 E MtpServerJNI: server is null in send_object_added
02-27 15:25:48.741  4609  2857 E MtpServerJNI: server is null in send_object_added
02-27 15:25:48.741  4609  2857 E MtpServerJNI: server is null in send_object_added
02-27 15:25:48.741  4609  2857 E MtpServerJNI: server is null in send_object_added
02-27 15:25:48.741  4609  2857 E MtpServerJNI: server is null in send_object_added
02-27 15:25:48.741  4609  2857 E MtpServerJNI: server is null in send_object_added
02-27 15:25:48.741  4609  2857 E MtpServerJNI: server is null in send_object_added
02-27 15:25:48.741  4609  2857 E MtpServerJNI: server is null in send_object_added
02-27 15:25:48.741  4609  2857 E MtpServerJNI: server is null in send_object_added
02-27 15:25:48.741  4609  2857 E MtpServerJNI: server is null in send_object_added
02-27 15:25:48.741  4609  2857 E MtpServerJNI: server is null in send_object_added
02-27 15:25:48.741  4609  2857 E MtpServerJNI: server is null in send_object_added
02-27 15:25:48.741  4609  2857 E MtpServerJNI: server is null in send_object_added
02-27 15:25:48.741  4609  2857 E MtpServerJNI: server is null in send_object_added
02-27 15:25:48.741  4609  2857 E MtpServerJNI: server is null in send_object_added
02-27 15:25:48.741  4609  2857 E MtpServerJNI: server is null in send_object_added
02-27 15:25:48.741  4609  2857 E MtpServerJNI: server is null in send_object_added
02-27 15:25:48.741  4609  2857 E MtpServerJNI: server is null in send_object_added
02-27 15:25:48.741  4609  2857 E MtpServerJNI: server is null in send_object_added
02-27 15:25:48.741  4609  2857 E MtpServerJNI: server is null in send_object_added
02-27 15:25:48.751  4609  2857 E MtpServerJNI: server is null in send_object_added
02-27 15:25:48.751  4609  2857 E MtpServerJNI: server is null in send_object_added
02-27 15:25:48.751  4609  2857 E MtpServerJNI: server is null in send_object_added
02-27 15:25:48.751  4609  2857 E MtpServerJNI: server is null in send_object_added
02-27 15:25:48.751  4609  2857 E MtpServerJNI: server is null in send_object_added
02-27 15:25:48.751  4609  2857 E MtpServerJNI: server is null in send_object_added
02-27 15:25:48.751  4609  2857 E MtpServerJNI: server is null in send_object_added
02-27 15:25:48.751  4609  2857 E MtpServerJNI: server is null in send_object_added
02-27 15:25:48.751  4609  2857 E MtpServerJNI: server is null in send_object_added
02-27 15:25:48.751  4609  2857 E MtpServerJNI: server is null in send_object_added
02-27 15:25:48.751  4609  2857 E MtpServerJNI: server is null in send_object_added
02-27 15:25:48.751  4609  2857 E MtpServerJNI: server is null in send_object_added
02-27 15:25:48.751  4609  2857 E MtpServerJNI: server is null in send_object_added
02-27 15:25:48.751  4609  2857 E MtpServerJNI: server is null in send_object_added
02-27 15:25:48.751  4609  2857 E MtpServerJNI: server is null in send_object_added
02-27 15:25:48.751  4609  2857 E MtpServerJNI: server is null in send_object_added
02-27 15:25:48.751  4609  2857 E MtpServerJNI: server is null in send_object_added
02-27 15:25:48.751  4609  2857 E MtpServerJNI: server is null in send_object_added
02-27 15:25:48.751  4609  2857 E MtpServerJNI: server is null in send_object_added
02-27 15:25:48.751  4609  2857 E MtpServerJNI: server is null in send_object_added
02-27 15:25:48.751  4609  2857 E MtpServerJNI: server is null in send_object_added
02-27 15:25:48.751  4609  2857 E MtpServerJNI: server is null in send_object_added
02-27 15:25:48.751  4609  2857 E MtpServerJNI: server is null in send_object_added
02-27 15:25:48.751  4609  2857 E MtpServerJNI: server is null in send_object_added
02-27 15:25:48.751  4609  2857 E MtpServerJNI: server is null in send_object_added
02-27 15:25:48.751  4609  2857 E MtpServerJNI: server is null in send_object_added
02-27 15:25:48.751  4609  2857 E MtpServerJNI: server is null in send_object_added
02-27 15:25:48.751  4609  2857 E MtpServerJNI: server is null in send_object_added
02-27 15:25:48.751  4609  2857 E MtpServerJNI: server is null in send_object_added
02-27 15:25:48.751  4609  2857 E MtpServerJNI: server is null in send_object_added
02-27 15:25:48.751  4609  2857 E MtpServerJNI: server is null in send_object_added
02-27 15:25:48.751  4609  2857 E MtpServerJNI: server is null in send_object_added
02-27 15:25:48.751  4609  2857 E MtpServerJNI: server is null in send_object_added
02-27 15:25:48.751  4609  2857 E MtpServerJNI: server is null in send_object_added
02-27 15:25:48.751  4609  2857 E MtpServerJNI: server is null in send_object_added
02-27 15:25:48.751  4609  2857 E MtpServerJNI: server is null in send_object_added
02-27 15:25:48.751  4609  2857 E MtpServerJNI: server is null in send_object_added
02-27 15:25:48.751  4609  2857 E MtpServerJNI: server is null in send_object_added
02-27 15:25:48.751  4609  2857 E MtpServerJNI: server is null in send_object_added
02-27 15:25:48.751  4609  2857 E MtpServerJNI: server is null in send_object_added
02-27 15:25:48.751  4609  2857 E MtpServerJNI: server is null in send_object_added
02-27 15:25:48.751  4609  2857 E MtpServerJNI: server is null in send_object_added
02-27 15:25:48.751  4609  2857 E MtpServerJNI: server is null in send_object_added
02-27 15:25:48.751  4609  2857 E MtpServerJNI: server is null in send_object_added
02-27 15:25:48.751  4609  2857 E MtpServerJNI: server is null in send_object_added
02-27 15:25:48.751  4609  2857 E MtpServerJNI: server is null in send_object_added
02-27 15:25:48.751  4609  2857 E MtpServerJNI: server is null in send_object_added
02-27 15:25:48.751  4609  2857 E MtpServerJNI: server is null in send_object_added
02-27 15:25:48.751  4609  2857 E MtpServerJNI: server is null in send_object_added
02-27 15:25:48.751  4609  2857 E MtpServerJNI: server is null in send_object_added
02-27 15:25:48.751  4609  2857 E MtpServerJNI: server is null in send_object_added
02-27 15:25:48.751  4609  2857 E MtpServerJNI: server is null in send_object_added
02-27 15:25:48.751  4609  2857 E MtpServerJNI: server is null in send_object_added
02-27 15:25:48.751  4609  2857 E MtpServerJNI: server is null in send_object_added
02-27 15:25:48.751  4609  2857 E MtpServerJNI: server is null in send_object_added
02-27 15:25:48.881  4609  2857 D MediaProvider: bulkInsert started
02-27 15:25:48.901  3509  3509 D CustomFrequencyManagerService: releaseDVFSLockLocked : Getting Lock type frm List : DVFS_MIN_LIMIT  frequency : 1800000  uid : 1000  pid : 3509  tag : ACTIVITY_RESUME_BOOSTER@9
02-27 15:25:48.901  3509  3509 D CustomFrequencyManagerService: FrequencyrequestList.getNextCStateDisableRequest, index: 0
02-27 15:25:49.041  4609  2857 D MediaProvider: bulkInsert finished
02-27 15:25:49.041  4609  2857 E MtpServerJNI: server is null in send_object_added
02-27 15:25:49.041  4609  2857 E MtpServerJNI: server is null in send_object_added
02-27 15:25:49.041  4609  2857 E MtpServerJNI: server is null in send_object_added
02-27 15:25:49.041  4609  2857 E MtpServerJNI: server is null in send_object_added
02-27 15:25:49.041  4609  2857 E MtpServerJNI: server is null in send_object_added
02-27 15:25:49.041  4609  2857 E MtpServerJNI: server is null in send_object_added
02-27 15:25:49.041  4609  2857 E MtpServerJNI: server is null in send_object_added
02-27 15:25:49.041  4609  2857 E MtpServerJNI: server is null in send_object_added
02-27 15:25:49.041  4609  2857 E MtpServerJNI: server is null in send_object_added
02-27 15:25:49.041  4609  2857 E MtpServerJNI: server is null in send_object_added
02-27 15:25:49.041  4609  2857 E MtpServerJNI: server is null in send_object_added
02-27 15:25:49.041  4609  2857 E MtpServerJNI: server is null in send_object_added
02-27 15:25:49.041  4609  2857 E MtpServerJNI: server is null in send_object_added
02-27 15:25:49.041  4609  2857 E MtpServerJNI: server is null in send_object_added
02-27 15:25:49.041  4609  2857 E MtpServerJNI: server is null in send_object_added
02-27 15:25:49.041  4609  2857 E MtpServerJNI: server is null in send_object_added
02-27 15:25:49.041  4609  2857 E MtpServerJNI: server is null in send_object_added
02-27 15:25:49.041  4609  2857 E MtpServerJNI: server is null in send_object_added
02-27 15:25:49.041  4609  2857 E MtpServerJNI: server is null in send_object_added
02-27 15:25:49.041  4609  2857 E MtpServerJNI: server is null in send_object_added
02-27 15:25:49.041  4609  2857 E MtpServerJNI: server is null in send_object_added
02-27 15:25:49.041  4609  2857 E MtpServerJNI: server is null in send_object_added
