02-27 15:25:51.911  4609  2857 E MtpServerJNI: server is null in send_object_added
02-27 15:25:51.911  4609  2857 E MtpServerJNI: server is null in send_object_added
02-27 15:25:51.911  4609  2857 E MtpServerJNI: server is null in send_object_added
02-27 15:25:51.911  4609  2857 E MtpServerJNI: server is null in send_object_added
02-27 15:25:51.911  4609  2857 E MtpServerJNI: server is null in send_object_added
02-27 15:25:51.911  4609  2857 E MtpServerJNI: server is null in send_object_added
02-27 15:25:51.911  4609  2857 E MtpServerJNI: server is null in send_object_added
02-27 15:25:51.911  4609  2857 E MtpServerJNI: server is null in send_object_added
02-27 15:25:51.911  4609  2857 E MtpServerJNI: server is null in send_object_added
02-27 15:25:51.911  4609  2857 E MtpServerJNI: server is null in send_object_added
02-27 15:25:51.911  4609  2857 E MtpServerJNI: server is null in send_object_added
02-27 15:25:51.911  4609  2857 E MtpServerJNI: server is null in send_object_added
02-27 15:25:51.911  4609  2857 E MtpServerJNI: server is null in send_object_added
02-27 15:25:51.911  3036  3036 D libEGL  : eglInitialize EGLDisplay = 0x7fc50172d8
02-27 15:25:51.911  3036  3036 D libEGL  : eglTerminate EGLDisplay = 0x7fc5017368
02-27 15:25:51.921  3509  3619 D PointerIcon: setMouseIconStyle1 pointerType: 1001 iconType:101 flag:0 pid:3509 uid:1000
02-27 15:25:51.921  3509  3619 D PointerIcon: setMouseCustomIcon IconType is same.101
02-27 15:25:51.921  4212  4212 D libEGL  : eglTerminate EGLDisplay = 0x7fe270d978
02-27 15:25:51.921  4212  4212 D ImageWallpaper: onSurfaceRedrawNeeded: newRotation:1
02-27 15:25:51.921  3509  3526 V WindowStateAnimator: Finishing drawing window Window{cb4cc5a u0 d0 SurfaceView}: mDrawState=DRAW_PENDING
02-27 15:25:51.921  4212  4212 D ImageWallpaper: drawFrame:false rotation:0 mLastRotation:0
02-27 15:25:51.921  4212  4212 D ImageWallpaper: drawFrame:[frame.width()]2240[frame.height()]2560
02-27 15:25:51.921  4212  4212 D ImageWallpaper: Suppressed drawFrame since redraw is not needed and offsets have not changed.
02-27 15:25:51.921  4212  4212 D ImageWallpaper: onVisibilityChanged:false
02-27 15:25:51.921  3509  4104 V WindowStateAnimator: Finishing drawing window Window{347b783 u0 d0 com.android.systemui.ImageWallpaper}: mDrawState=DRAW_PENDING
02-27 15:25:51.921  4212  4212 D ViewRootImpl: MSG_RESIZED_REPORT: ci=Rect(0, 0 - 0, 0) vi=Rect(0, 0 - 0, 0) or=1
02-27 15:25:51.921  4212  4212 D KeyguardCircleAffordanceView: setPreviewView: mRight=false,preview=android.widget.RelativeLayout{54253a8 I.E...... ......I. 0,0-1440,2560}
02-27 15:25:51.931  3509  4000 V WindowStateAnimator: Finishing drawing window Window{cb4cc5a u0 d0 SurfaceView}: mDrawState=READY_TO_SHOW
02-27 15:25:51.931  4527  4527 D QuickViewWorkspace: onMeasure()
02-27 15:25:51.931  4527  4527 D QuickViewWorkspace: onLayout()7
02-27 15:25:51.931  4527  4527 D ViewRootImpl: MSG_RESIZED_REPORT: ci=Rect(0, 0 - 0, 0) vi=Rect(0, 0 - 0, 0) or=1
02-27 15:25:51.931  4527  4527 D QuickViewWorkspace: onMeasure()
02-27 15:25:51.941  4527  4527 D QuickViewWorkspace: onLayout()7
02-27 15:25:51.951  4212  4212 D KeyguardCircleAffordanceView: setPreviewView: mRight=true,preview=android.widget.AbsoluteLayout{eaafec1 I.E...... ......I. 0,0-1440,2560}
02-27 15:25:52.001  3509  3996 V WindowStateAnimator: Finishing drawing window Window{a5b337c u0 d0 com.google.vr.ndk.samples.treasurehunt/com.google.vr.ndk.samples.treasurehunt.MainActivity}: mDrawState=DRAW_PENDING
02-27 15:25:52.001  4212  4212 D SecKeyguardClockView: onConfigurationChanged()
02-27 15:25:52.001  4212  4212 D SecKeyguardClockView: handleDelayedOnConfigurationChanged()
02-27 15:25:52.011  3509  3619 D KnoxTimeoutHandler: notifyActivityDrawn [MsgParam] userId: 0 fullscreen is true showWhenlocked is false
02-27 15:25:52.011  3509  3509 D KnoxTimeoutHandler: activityDrawn [MsgParam] userId: 0 fullscreen is true showWhenlocked is false
02-27 15:25:52.011  3509  3509 I KnoxTimeoutHandler: SD activityfalse
02-27 15:25:52.011  3036  3036 D libEGL  : eglInitialize EGLDisplay = 0x7fc50172d8
02-27 15:25:52.011  3036  3036 D libEGL  : eglTerminate EGLDisplay = 0x7fc5017368
02-27 15:25:52.021  4212  4212 D KeyguardCarrierText: onConfigurationChanged: 
02-27 15:25:52.021  3509  4064 V WindowStateAnimator: Finishing drawing window Window{2b30707 u0 d0 com.sec.android.app.launcher/com.sec.android.app.launcher.activities.LauncherActivity}: mDrawState=DRAW_PENDING
02-27 15:25:52.031  3509  4104 D SecContentProvider2: query(), uri = 15 selection = getLockScreenHiddenItems
02-27 15:25:52.031  3509  4000 D InputMethodManagerService: windowGainedFocus mCurrentFocusedUserId - 0 and mSecureKeypadEnabled-false
02-27 15:25:52.031  4212  4212 D KeyguardCarrierText: updateCarrierText(): isMultiSIMState: false
02-27 15:25:52.031  4212  4212 D KeyguardCarrierText: updateDate slot by SubID
02-27 15:25:52.031  4212  4212 D KeyguardCarrierText: updateIntentData(): isMultiSIMState: falsesubId: 2147483643 phoneId:0plmn: Nur NotrufeSPN: 
02-27 15:25:52.031  4212  4212 D KeyguardCarrierText: mSimState[0]ABSENT
02-27 15:25:52.031  4212  4212 D KeyguardCarrierText: mSimState[1]ABSENT
02-27 15:25:52.031  4212  4212 D KeyguardCarrierText: Getting plmn/spn sticky brdcst  mPlmn:Nur Notrufe / mSpn:  phoneId:0 subId:2147483643 showPlmn: true showSpn:false
02-27 15:25:52.031  4212  4212 D KeyguardCarrierText: getStatusForIccState :  SIM state = ABSENT
02-27 15:25:52.031  4212  4212 D KeyguardCarrierText: makeCarrierStringOnEmergencyCapable :  mIsEmergencyCallCapable:  true
02-27 15:25:52.031  4212  4212 D KeyguardCarrierText: concatenate : plmn = Keine SIM-Karte, spn = Nur Notrufe
02-27 15:25:52.031  4212  4212 D KeyguardCarrierText: getCarrierTextForSimState :  SIM state = SimMissingcarrierText: Keine SIM-Karte | Nur Notrufe
02-27 15:25:52.031  4212  4212 D KeyguardCarrierText: Handling ABSENT , carrierTextForSimState = Keine SIM-Karte | Nur Notrufe
02-27 15:25:52.031  3036  3036 D libEGL  : eglInitialize EGLDisplay = 0x7fc50172d8
02-27 15:25:52.031  3036  3036 D libEGL  : eglInitialize EGLDisplay = 0x7fc50172d8
02-27 15:25:52.031  4212  4212 D KeyguardCarrierText: updateCarrierText insertedMultiSim = false
02-27 15:25:52.031  4212  4212 D KeyguardCarrierText: updateCarrierText State: Absent SIM Number = 0
02-27 15:25:52.031  4212  4212 D KeyguardCarrierText: Getting plmn/spn sticky brdcst for Absent case Nur Notrufe/showPlmn: trueshowSpn: false phoneId:0 subId:2147483643
02-27 15:25:52.031  4212  4212 D KeyguardCarrierText: concatenate : plmn = Nur Notrufe
02-27 15:25:52.031  4212  4212 D KeyguardCarrierText: makeCarrierStringOnEmergencyCapable :  mIsEmergencyCallCapable:  true
02-27 15:25:52.031  4212  4212 D KeyguardCarrierText: concatenate : plmn = Keine SIM-Karte, spn = Nur Notrufe
02-27 15:25:52.041  4212  4212 D KeyguardCarrierText: setText :  displayText = Keine SIM-Karte | Nur Notrufe
02-27 15:25:52.041  3509  3619 D PowerManagerService: [api] [s] userActivity : event: 0 flags: 0 (uid: 1000 pid: 3509) eventTime = 1293065
02-27 15:25:52.041  3509  3619 D PowerManagerService: [api] release WakeLock flags=0x2000000a tag=WindowManager uid=1000 pid=3509 (0x0)
02-27 15:25:52.041  3509  3619 D PowerManagerService: [api] applyWakeLockFlagsOnReleaseLocked : userActivityNoUpdateLocked is called : SCREEN_BRIGHT_WAKE_LOCK        'WindowManager' ON_AFTER_RELEASE (uid=1000, pid=3509, ws=WorkSource{10261}) (elapsedTime=3459)
02-27 15:25:52.041  3509  3619 D KnoxTimeoutHandler: notifyActivityDrawn [MsgParam] userId: 0 fullscreen is true showWhenlocked is false
02-27 15:25:52.041  3509  3509 D KnoxTimeoutHandler: activityDrawn [MsgParam] userId: 0 fullscreen is true showWhenlocked is false
02-27 15:25:52.041  3509  3509 I KnoxTimeoutHandler: SD activityfalse
02-27 15:25:52.041  3509  3619 D CustomFrequencyManagerService: releaseDVFSLockLocked : Getting Lock type frm List : DVFS_MIN_LIMIT  frequency : 1800000  uid : 1000  pid : 3509  tag : ACTIVITY_RESUME_BOOSTER@3
02-27 15:25:52.041  3509  3619 I Timeline: Timeline: Activity_windows_visible id: ActivityRecord{d2cbf2 u0 com.sec.android.app.launcher/.activities.LauncherActivity t159} time:1293069
02-27 15:25:52.041  3509  3619 D ActivityManager: mDVFSHelper.release()
02-27 15:25:52.041  3509  3588 D CustomFrequencyManagerService: acquireDVFSLockLocked : type : DVFS_MIN_LIMIT  frequency : 1800000  uid : 1000  pid : 3509  pkgName : ACTIVITY_RESUME_BOOSTER@9
02-27 15:25:52.051  3036  3036 D libEGL  : eglInitialize EGLDisplay = 0x7fc50172d8
02-27 15:25:52.051  3509  3619 I WindowManager: Screen frozen for +355ms due to Window{2b30707 u0 d0 com.sec.android.app.launcher/com.sec.android.app.launcher.activities.LauncherActivity}
02-27 15:25:52.051  6848  6848 D SamsungIME: IMPL finishInput
02-27 15:25:52.051  6848  6848 D SamsungIME: SwiftKeyWrapper writeDBdataToFileOnFinishInput
02-27 15:25:52.051  6848  6848 D SamsungIME: saveAndClear +
02-27 15:25:52.051  6848  6848 D SamsungIME: saveAndClear -
02-27 15:25:52.051  4212  4212 D WallpaperService: MSG_UPDATE_SURFACE
02-27 15:25:52.051  4212  4212 D WallpaperService: updateSurface:[forceRelayout]true[redrawNeeded]false
02-27 15:25:52.051  4212  4212 V WallpaperService: Changes: creating=false format=false size=false
02-27 15:25:52.051  4212  4212 V WallpaperService: currentWidth:2240 currentHeight:2560 requestedWidth:2240 requestedWidth:2560
02-27 15:25:52.051  4527  4527 I Timeline: Timeline: Activity_idle id: android.os.BinderProxy@698edfe time:1293074
02-27 15:25:52.051  6848  6848 D SamsungIME: onStartInput: No inputType, No imeOption, isInputViewShown = false, isExtractViewShown = false, isShowInputRequested = false, isConfigChanged = false
02-27 15:25:52.061  4609  2857 D MediaProvider: bulkInsert started
02-27 15:25:52.061  3036  3036 I SurfaceFlinger: id=242 createSurf (5120x1440),-1 flag=20004, ClackSurfac
02-27 15:25:52.061  3036  3036 I SurfaceFlinger: id=243 createSurf (2560x2880),-1 flag=20004, ClackSurfac
02-27 15:25:52.061  3036  3036 I SurfaceFlinger: id=244 createSurf (5120x1440),-1 flag=20004, ClackSurfac
02-27 15:25:52.061  3036  3036 I SurfaceFlinger: id=245 createSurf (2560x2880),-1 flag=20004, ClackSurfac
02-27 15:25:52.061  3509  3619 D InputDispatcher: setInputDispatchMode: enabled=1, frozen=0
02-27 15:25:52.061  3036  3648 I SurfaceFlinger: id=235 Removed TurfaceView (2/14)
02-27 15:25:52.061  3036  4623 I SurfaceFlinger: id=235 Removed TurfaceView (-2/14)
02-27 15:25:52.061  3036  3036 D libEGL  : eglTerminate EGLDisplay = 0x7fc5017408
02-27 15:25:52.061  3036  3036 D libEGL  : eglInitialize EGLDisplay = 0x7fc50172d8
02-27 15:25:52.071  4212  4212 V WallpaperService: relayout result: Surface(name=null)/@0x4afb8c, frame=Rect(0, 0 - 2240, 2560),relayoutResult:1, mConfiguration{0 1.0 themeSeq = 0 showBtnBg = -1 ?mcc?mnc de_DE ?layoutDir ?swdp ?wdp ?hdp ?density ?lsize ?long ?orien ?uimode ?night ?touch ?keyb/?/? ?nav/? mkbd/?}
02-27 15:25:52.071  4212  4212 V WallpaperService: Wallpaper size has changed: (2240, 2560
02-27 15:25:52.081  3036  3207 D libEGL  : eglTerminate EGLDisplay = 0x7f9283ee78
02-27 15:25:52.081  3036  3207 D libEGL  : eglTerminate EGLDisplay = 0x7f9283ee78
02-27 15:25:52.081 32201 32262 D OpenGLRenderer: endAllActiveAnimators on 0x7f94dab800 (RippleDrawable) with handle 0x7f7e37ddc0
02-27 15:25:52.081  3036  3205 I SurfaceFlinger: id=234 Removed NainActivit (4/13)
02-27 15:25:52.081  3036  4623 I SurfaceFlinger: id=234 Removed NainActivit (-2/13)
02-27 15:25:52.081  3036  3036 D libEGL  : eglTerminate EGLDisplay = 0x7fc5017408
02-27 15:25:52.081  3036  3036 W SurfaceFlinger: couldn't log to binary event log: overflow.
02-27 15:25:52.081  3036  4623 D libEGL  : eglTerminate EGLDisplay = 0x7f8c9fbe78
02-27 15:25:52.081  3036  4623 D libEGL  : eglTerminate EGLDisplay = 0x7f8c9fbe78
02-27 15:25:52.081  4212  4391 D mali_winsys: new_window_surface returns 0x3000,  [1440x96]-format:1
02-27 15:25:52.081  4212  4212 D KeyguardEffectViewController: onLayoutChange() v: com.android.keyguard.effect.EffectBehindView{93e3c02 I.E...... ......ID 0,0-1440,96 #7f0e0325 app:id/keyguard_effect_behind}, bottom : 96, oldBottom : 96
02-27 15:25:52.081 32201  3029 D libEGL  : eglTerminate EGLDisplay = 0x7f7b97fe28
02-27 15:25:52.091  4212  4212 W View    : requestLayout() improperly called by com.android.systemui.qs.QSContainer{17a325d V.E...... ......ID 0,464-1440,1212 #7f0e01b7 app:id/quick_settings_container} during layout: running second layout pass
02-27 15:25:52.091  4212  4212 I ViewRootImpl: requestLayout is already in process
02-27 15:25:52.091 32201 32201 D ViewRootImpl: #3 mView = null
02-27 15:25:52.101  3509  4076 V WindowStateAnimator: Finishing drawing window Window{719e7a6 u0 d0 StatusBar}: mDrawState=DRAW_PENDING
02-27 15:25:52.101  4212  4212 D vol.SecVolumeDialog: updateWindowWidth lp.width=1400
02-27 15:25:52.101  4212  4212 D Clock   : received broadcast android.intent.action.CONFIGURATION_CHANGED
02-27 15:25:52.101  3036  3036 D libEGL  : eglInitialize EGLDisplay = 0x7fc50172d8
02-27 15:25:52.101  3036  3036 D libEGL  : eglTerminate EGLDisplay = 0x7fc5017368
02-27 15:25:52.101  4212  4212 D WallpaperService: MSG_WINDOW_RESIZED
02-27 15:25:52.101  4212  4212 D WallpaperService: updateSurface:[forceRelayout]true[redrawNeeded]true
02-27 15:25:52.101  4212  4212 V WallpaperService: Changes: creating=false format=false size=false
02-27 15:25:52.101  4212  4212 V WallpaperService: currentWidth:2240 currentHeight:2560 requestedWidth:2240 requestedWidth:2560
02-27 15:25:52.101  4212  4212 V WallpaperService: relayout result: Surface(name=null)/@0x4afb8c, frame=Rect(0, 0 - 2240, 2560),relayoutResult:1, mConfiguration{0 1.0 themeSeq = 0 showBtnBg = -1 ?mcc?mnc de_DE ?layoutDir ?swdp ?wdp ?hdp ?density ?lsize ?long ?orien ?uimode ?night ?touch ?keyb/?/? ?nav/? mkbd/?}
02-27 15:25:52.101  4212  4212 V WallpaperService: Wallpaper size has changed: (2240, 2560
02-27 15:25:52.101  4212  4212 D ImageWallpaper: onSurfaceRedrawNeeded: newRotation:1
02-27 15:25:52.101  4212  4212 D ImageWallpaper: drawFrame:false rotation:0 mLastRotation:0
02-27 15:25:52.101  4212  4212 D ImageWallpaper: drawFrame:[frame.width()]2240[frame.height()]2560
02-27 15:25:52.101  4212  4212 D ImageWallpaper: Suppressed drawFrame since redraw is not needed and offsets have not changed.
02-27 15:25:52.101  3509  4006 V WindowStateAnimator: Finishing drawing window Window{347b783 u0 d0 com.android.systemui.ImageWallpaper}: mDrawState=HAS_DRAWN
02-27 15:25:52.101  4212  4212 D PhoneStatusBar: setSystemUiVisibility vis=8600 mask=ffffffff oldVal=9706 newVal=8600 diff=1106
02-27 15:25:52.111  4212  4212 D SecKeyguardClockView: HomeTimezone(): 1
02-27 15:25:52.111  4212  4212 D SecKeyguardClockView: isDualClockSetting, isHomeTimeZoneExist, isEasyUxOn, mIsNetworkRoaming: true, false, false, false
02-27 15:25:52.111  4212  4212 D SecKeyguardClockView: handleUpdateClock() >> START >> Text Single Clock will be inflated.
02-27 15:25:52.111  4212  4212 V KeyguardUpdateMonitor: *** unregister callback for com.android.keyguard.status.KeyguardDateView$3@75c737f
02-27 15:25:52.111  4212  4212 V KeyguardUpdateMonitor: *** unregister callback for com.android.keyguard.status.SecKeyguardClockSingleView$2@9d40120
02-27 15:25:52.111  4212  4212 D Minikin : FontFamily bestFont == NULL, so return vacant FakedFont
02-27 15:25:52.111  4212  4212 D Minikin : FontFamily bestFont == NULL, so return vacant FakedFont
02-27 15:25:52.111  4212  4212 D Minikin : FontFamily bestFont == NULL, so return vacant FakedFont
02-27 15:25:52.111  4212  4212 D SecKeyguardClockSingleView: font effect info: null
02-27 15:25:52.111  4212  4212 V KeyguardUpdateMonitor: *** register callback for com.android.keyguard.status.SecKeyguardClockSingleView$2@ac4994e
02-27 15:25:52.111  4212  4212 V KeyguardUpdateMonitor: *** unregister callback for null
02-27 15:25:52.111  4212  4212 V KeyguardUpdateMonitor: *** register callback for com.android.keyguard.status.KeyguardDateView$3@fafd405
02-27 15:25:52.111  4212  4212 V KeyguardUpdateMonitor: *** unregister callback for null
02-27 15:25:52.111  4212  4212 D SecKeyguardClockView: handleUpdateClock() << END << Clock is inflated.
02-27 15:25:52.121  4212  4212 D WallpaperService: updateSurface:[forceRelayout]false[redrawNeeded]false
02-27 15:25:52.121  4212  4212 D ImageWallpaper: onVisibilityChanged:true
02-27 15:25:52.121  4212  4212 D ImageWallpaper: drawFrame:false rotation:0 mLastRotation:0
02-27 15:25:52.121  4212  4212 D ImageWallpaper: drawFrame:[frame.width()]2240[frame.height()]2560
02-27 15:25:52.121  4212  4212 D ImageWallpaper: Suppressed drawFrame since redraw is not needed and offsets have not changed.
02-27 15:25:52.131  3036  3036 D libEGL  : eglInitialize EGLDisplay = 0x7fc50172d8
02-27 15:25:52.211  4609  2857 D MediaProvider: bulkInsert finished
02-27 15:25:52.211  4609  2857 E MtpServerJNI: server is null in send_object_added
02-27 15:25:52.211  4609  2857 E MtpServerJNI: server is null in send_object_added
02-27 15:25:52.211  4609  2857 E MtpServerJNI: server is null in send_object_added
02-27 15:25:52.211  4609  2857 E MtpServerJNI: server is null in send_object_added
02-27 15:25:52.211  4609  2857 E MtpServerJNI: server is null in send_object_added
02-27 15:25:52.211  4609  2857 E MtpServerJNI: server is null in send_object_added
02-27 15:25:52.211  4609  2857 E MtpServerJNI: server is null in send_object_added
02-27 15:25:52.211  4609  2857 E MtpServerJNI: server is null in send_object_added
02-27 15:25:52.211  4609  2857 E MtpServerJNI: server is null in send_object_added
02-27 15:25:52.211  4609  2857 E MtpServerJNI: server is null in send_object_added
02-27 15:25:52.211  4609  2857 E MtpServerJNI: server is null in send_object_added
02-27 15:25:52.211  4609  2857 E MtpServerJNI: server is null in send_object_added
02-27 15:25:52.211  4609  2857 E MtpServerJNI: server is null in send_object_added
02-27 15:25:52.211  4609  2857 E MtpServerJNI: server is null in send_object_added
02-27 15:25:52.211  4609  2857 E MtpServerJNI: server is null in send_object_added
02-27 15:25:52.211  4609  2857 E MtpServerJNI: server is null in send_object_added
02-27 15:25:52.211  4609  2857 E MtpServerJNI: server is null in send_object_added
02-27 15:25:52.211  4609  2857 E MtpServerJNI: server is null in send_object_added
02-27 15:25:52.211  4609  2857 E MtpServerJNI: server is null in send_object_added
02-27 15:25:52.211  4609  2857 E MtpServerJNI: server is null in send_object_added
02-27 15:25:52.211  4609  2857 E MtpServerJNI: server is null in send_object_added
02-27 15:25:52.211  4609  2857 E MtpServerJNI: server is null in send_object_added
02-27 15:25:52.211  4609  2857 E MtpServerJNI: server is null in send_object_added
02-27 15:25:52.211  4609  2857 E MtpServerJNI: server is null in send_object_added
02-27 15:25:52.211  4609  2857 E MtpServerJNI: server is null in send_object_added
02-27 15:25:52.211  4609  2857 E MtpServerJNI: server is null in send_object_added
02-27 15:25:52.211  4609  2857 E MtpServerJNI: server is null in send_object_added
02-27 15:25:52.211  4609  2857 E MtpServerJNI: server is null in send_object_added
02-27 15:25:52.211  4609  2857 E MtpServerJNI: server is null in send_object_added
02-27 15:25:52.211  4609  2857 E MtpServerJNI: server is null in send_object_added
02-27 15:25:52.211  4609  2857 E MtpServerJNI: server is null in send_object_added
02-27 15:25:52.211  4609  2857 E MtpServerJNI: server is null in send_object_added
02-27 15:25:52.211  4609  2857 E MtpServerJNI: server is null in send_object_added
02-27 15:25:52.211  4609  2857 E MtpServerJNI: server is null in send_object_added
02-27 15:25:52.211  4609  2857 E MtpServerJNI: server is null in send_object_added
02-27 15:25:52.211  4609  2857 E MtpServerJNI: server is null in send_object_added
02-27 15:25:52.211  4609  2857 E MtpServerJNI: server is null in send_object_added
02-27 15:25:52.211  4609  2857 E MtpServerJNI: server is null in send_object_added
02-27 15:25:52.211  4609  2857 E MtpServerJNI: server is null in send_object_added
02-27 15:25:52.211  4609  2857 E MtpServerJNI: server is null in send_object_added
02-27 15:25:52.211  4609  2857 E MtpServerJNI: server is null in send_object_added
02-27 15:25:52.211  4609  2857 E MtpServerJNI: server is null in send_object_added
02-27 15:25:52.211  4609  2857 E MtpServerJNI: server is null in send_object_added
02-27 15:25:52.211  4609  2857 E MtpServerJNI: server is null in send_object_added
02-27 15:25:52.211  4609  2857 E MtpServerJNI: server is null in send_object_added
02-27 15:25:52.211  4609  2857 E MtpServerJNI: server is null in send_object_added
02-27 15:25:52.211  4609  2857 E MtpServerJNI: server is null in send_object_added
02-27 15:25:52.211  4609  2857 E MtpServerJNI: server is null in send_object_added
02-27 15:25:52.211  4609  2857 E MtpServerJNI: server is null in send_object_added
02-27 15:25:52.211  4609  2857 E MtpServerJNI: server is null in send_object_added
02-27 15:25:52.211  4609  2857 E MtpServerJNI: server is null in send_object_added
02-27 15:25:52.211  4609  2857 E MtpServerJNI: server is null in send_object_added
02-27 15:25:52.211  4609  2857 E MtpServerJNI: server is null in send_object_added
02-27 15:25:52.211  4609  2857 E MtpServerJNI: server is null in send_object_added
02-27 15:25:52.211  4609  2857 E MtpServerJNI: server is null in send_object_added
02-27 15:25:52.211  4609  2857 E MtpServerJNI: server is null in send_object_added
02-27 15:25:52.211  4609  2857 E MtpServerJNI: server is null in send_object_added
02-27 15:25:52.211  4609  2857 E MtpServerJNI: server is null in send_object_added
02-27 15:25:52.211  4609  2857 E MtpServerJNI: server is null in send_object_added
02-27 15:25:52.211  4609  2857 E MtpServerJNI: server is null in send_object_added
02-27 15:25:52.211  4609  2857 E MtpServerJNI: server is null in send_object_added
02-27 15:25:52.211  4609  2857 E MtpServerJNI: server is null in send_object_added
02-27 15:25:52.211  4609  2857 E MtpServerJNI: server is null in send_object_added
02-27 15:25:52.211  4609  2857 E MtpServerJNI: server is null in send_object_added
02-27 15:25:52.211  4609  2857 E MtpServerJNI: server is null in send_object_added
02-27 15:25:52.211  4609  2857 E MtpServerJNI: server is null in send_object_added
02-27 15:25:52.211  4609  2857 E MtpServerJNI: server is null in send_object_added
02-27 15:25:52.211  4609  2857 E MtpServerJNI: server is null in send_object_added
02-27 15:25:52.211  4609  2857 E MtpServerJNI: server is null in send_object_added
02-27 15:25:52.211  4609  2857 E MtpServerJNI: server is null in send_object_added
02-27 15:25:52.211  4609  2857 E MtpServerJNI: server is null in send_object_added
02-27 15:25:52.211  4609  2857 E MtpServerJNI: server is null in send_object_added
02-27 15:25:52.211  4609  2857 E MtpServerJNI: server is null in send_object_added
02-27 15:25:52.211  4609  2857 E MtpServerJNI: server is null in send_object_added
02-27 15:25:52.211  4609  2857 E MtpServerJNI: server is null in send_object_added
02-27 15:25:52.211  4609  2857 E MtpServerJNI: server is null in send_object_added
02-27 15:25:52.211  4609  2857 E MtpServerJNI: server is null in send_object_added
02-27 15:25:52.211  4609  2857 E MtpServerJNI: server is null in send_object_added
02-27 15:25:52.211  4609  2857 E MtpServerJNI: server is null in send_object_added
02-27 15:25:52.211  4609  2857 E MtpServerJNI: server is null in send_object_added
02-27 15:25:52.211  4609  2857 E MtpServerJNI: server is null in send_object_added
02-27 15:25:52.211  4609  2857 E MtpServerJNI: server is null in send_object_added
02-27 15:25:52.211  4609  2857 E MtpServerJNI: server is null in send_object_added
02-27 15:25:52.211  4609  2857 E MtpServerJNI: server is null in send_object_added
02-27 15:25:52.211  4609  2857 E MtpServerJNI: server is null in send_object_added
02-27 15:25:52.211  4609  2857 E MtpServerJNI: server is null in send_object_added
02-27 15:25:52.211  4609  2857 E MtpServerJNI: server is null in send_object_added
02-27 15:25:52.211  4609  2857 E MtpServerJNI: server is null in send_object_added
02-27 15:25:52.211  4609  2857 E MtpServerJNI: server is null in send_object_added
02-27 15:25:52.211  4609  2857 E MtpServerJNI: server is null in send_object_added
02-27 15:25:52.211  4609  2857 E MtpServerJNI: server is null in send_object_added
02-27 15:25:52.211  4609  2857 E MtpServerJNI: server is null in send_object_added
02-27 15:25:52.211  4609  2857 E MtpServerJNI: server is null in send_object_added
02-27 15:25:52.211  4609  2857 E MtpServerJNI: server is null in send_object_added
02-27 15:25:52.211  4609  2857 E MtpServerJNI: server is null in send_object_added
02-27 15:25:52.211  4609  2857 E MtpServerJNI: server is null in send_object_added
02-27 15:25:52.211  4609  2857 E MtpServerJNI: server is null in send_object_added
02-27 15:25:52.211  4609  2857 E MtpServerJNI: server is null in send_object_added
02-27 15:25:52.211  4609  2857 E MtpServerJNI: server is null in send_object_added
02-27 15:25:52.211  4609  2857 E MtpServerJNI: server is null in send_object_added
02-27 15:25:52.251  4609  2857 D MediaProvider: bulkInsert started
02-27 15:25:52.351  3509  3509 D CustomFrequencyManagerService: releaseDVFSLockLocked : Getting Lock type frm List : DVFS_MIN_LIMIT  frequency : 1800000  uid : 1000  pid : 3509  tag : ACTIVITY_RESUME_BOOSTER@9
02-27 15:25:52.361  4609  2857 D MediaProvider: bulkInsert finished
02-27 15:25:52.361  4609  2857 E MtpServerJNI: server is null in send_object_added
02-27 15:25:52.361  4609  2857 E MtpServerJNI: server is null in send_object_added
02-27 15:25:52.361  4609  2857 E MtpServerJNI: server is null in send_object_added
02-27 15:25:52.361  4609  2857 E MtpServerJNI: server is null in send_object_added
02-27 15:25:52.361  4609  2857 E MtpServerJNI: server is null in send_object_added
02-27 15:25:52.361  4609  2857 E MtpServerJNI: server is null in send_object_added
02-27 15:25:52.361  4609  2857 E MtpServerJNI: server is null in send_object_added
02-27 15:25:52.361  4609  2857 E MtpServerJNI: server is null in send_object_added
02-27 15:25:52.361  4609  2857 E MtpServerJNI: server is null in send_object_added
02-27 15:25:52.361  4609  2857 E MtpServerJNI: server is null in send_object_added
02-27 15:25:52.361  4609  2857 E MtpServerJNI: server is null in send_object_added
02-27 15:25:52.361  4609  2857 E MtpServerJNI: server is null in send_object_added
02-27 15:25:52.361  4609  2857 E MtpServerJNI: server is null in send_object_added
02-27 15:25:52.361  4609  2857 E MtpServerJNI: server is null in send_object_added
02-27 15:25:52.361  4609  2857 E MtpServerJNI: server is null in send_object_added
02-27 15:25:52.361  4609  2857 E MtpServerJNI: server is null in send_object_added
02-27 15:25:52.361  4609  2857 E MtpServerJNI: server is null in send_object_added
02-27 15:25:52.361  4609  2857 E MtpServerJNI: server is null in send_object_added
02-27 15:25:52.361  4609  2857 E MtpServerJNI: server is null in send_object_added
02-27 15:25:52.361  4609  2857 E MtpServerJNI: server is null in send_object_added
02-27 15:25:52.361  4609  2857 E MtpServerJNI: server is null in send_object_added
02-27 15:25:52.361  4609  2857 E MtpServerJNI: server is null in send_object_added
02-27 15:25:52.361  4609  2857 E MtpServerJNI: server is null in send_object_added
02-27 15:25:52.361  4609  2857 E MtpServerJNI: server is null in send_object_added
02-27 15:25:52.361  4609  2857 E MtpServerJNI: server is null in send_object_added
02-27 15:25:52.361  4609  2857 E MtpServerJNI: server is null in send_object_added
02-27 15:25:52.361  4609  2857 E MtpServerJNI: server is null in send_object_added
02-27 15:25:52.361  4609  2857 E MtpServerJNI: server is null in send_object_added
02-27 15:25:52.361  4609  2857 E MtpServerJNI: server is null in send_object_added
02-27 15:25:52.361  4609  2857 E MtpServerJNI: server is null in send_object_added
02-27 15:25:52.361  4609  2857 E MtpServerJNI: server is null in send_object_added
02-27 15:25:52.361  4609  2857 E MtpServerJNI: server is null in send_object_added
02-27 15:25:52.361  4609  2857 E MtpServerJNI: server is null in send_object_added
02-27 15:25:52.361  4609  2857 E MtpServerJNI: server is null in send_object_added
02-27 15:25:52.361  4609  2857 E MtpServerJNI: server is null in send_object_added
02-27 15:25:52.361  4609  2857 E MtpServerJNI: server is null in send_object_added
02-27 15:25:52.361  4609  2857 E MtpServerJNI: server is null in send_object_added
02-27 15:25:52.361  4609  2857 E MtpServerJNI: server is null in send_object_added
02-27 15:25:52.361  4609  2857 E MtpServerJNI: server is null in send_object_added
02-27 15:25:52.361  4609  2857 E MtpServerJNI: server is null in send_object_added
02-27 15:25:52.361  4609  2857 E MtpServerJNI: server is null in send_object_added
02-27 15:25:52.361  4609  2857 E MtpServerJNI: server is null in send_object_added
02-27 15:25:52.361  4609  2857 E MtpServerJNI: server is null in send_object_added
02-27 15:25:52.361  4609  2857 E MtpServerJNI: server is null in send_object_added
02-27 15:25:52.361  4609  2857 E MtpServerJNI: server is null in send_object_added
02-27 15:25:52.361  4609  2857 E MtpServerJNI: server is null in send_object_added
02-27 15:25:52.361  4609  2857 E MtpServerJNI: server is null in send_object_added
02-27 15:25:52.361  4609  2857 E MtpServerJNI: server is null in send_object_added
02-27 15:25:52.361  4609  2857 E MtpServerJNI: server is null in send_object_added
02-27 15:25:52.361  4609  2857 E MtpServerJNI: server is null in send_object_added
02-27 15:25:52.361  4609  2857 E MtpServerJNI: server is null in send_object_added
02-27 15:25:52.361  4609  2857 E MtpServerJNI: server is null in send_object_added
02-27 15:25:52.361  4609  2857 E MtpServerJNI: server is null in send_object_added
02-27 15:25:52.361  4609  2857 E MtpServerJNI: server is null in send_object_added
02-27 15:25:52.361  4609  2857 E MtpServerJNI: server is null in send_object_added
02-27 15:25:52.361  4609  2857 E MtpServerJNI: server is null in send_object_added
02-27 15:25:52.361  4609  2857 E MtpServerJNI: server is null in send_object_added
02-27 15:25:52.361  4609  2857 E MtpServerJNI: server is null in send_object_added
02-27 15:25:52.361  4609  2857 E MtpServerJNI: server is null in send_object_added
02-27 15:25:52.361  4609  2857 E MtpServerJNI: server is null in send_object_added
02-27 15:25:52.361  4609  2857 E MtpServerJNI: server is null in send_object_added
02-27 15:25:52.361  4609  2857 E MtpServerJNI: server is null in send_object_added
02-27 15:25:52.361  4609  2857 E MtpServerJNI: server is null in send_object_added
02-27 15:25:52.361  4609  2857 E MtpServerJNI: server is null in send_object_added
02-27 15:25:52.361  4609  2857 E MtpServerJNI: server is null in send_object_added
02-27 15:25:52.361  4609  2857 E MtpServerJNI: server is null in send_object_added
02-27 15:25:52.361  4609  2857 E MtpServerJNI: server is null in send_object_added
02-27 15:25:52.361  4609  2857 E MtpServerJNI: server is null in send_object_added
02-27 15:25:52.361  4609  2857 E MtpServerJNI: server is null in send_object_added
02-27 15:25:52.361  4609  2857 E MtpServerJNI: server is null in send_object_added
02-27 15:25:52.361  4609  2857 E MtpServerJNI: server is null in send_object_added
02-27 15:25:52.361  4609  2857 E MtpServerJNI: server is null in send_object_added
02-27 15:25:52.361  4609  2857 E MtpServerJNI: server is null in send_object_added
02-27 15:25:52.361  4609  2857 E MtpServerJNI: server is null in send_object_added
02-27 15:25:52.361  4609  2857 E MtpServerJNI: server is null in send_object_added
02-27 15:25:52.361  4609  2857 E MtpServerJNI: server is null in send_object_added
02-27 15:25:52.361  4609  2857 E MtpServerJNI: server is null in send_object_added
02-27 15:25:52.361  4609  2857 E MtpServerJNI: server is null in send_object_added
02-27 15:25:52.361  4609  2857 E MtpServerJNI: server is null in send_object_added
02-27 15:25:52.361  4609  2857 E MtpServerJNI: server is null in send_object_added
02-27 15:25:52.361  4609  2857 E MtpServerJNI: server is null in send_object_added
02-27 15:25:52.361  4609  2857 E MtpServerJNI: server is null in send_object_added
02-27 15:25:52.361  4609  2857 E MtpServerJNI: server is null in send_object_added
02-27 15:25:52.361  4609  2857 E MtpServerJNI: server is null in send_object_added
02-27 15:25:52.361  4609  2857 E MtpServerJNI: server is null in send_object_added
02-27 15:25:52.361  4609  2857 E MtpServerJNI: server is null in send_object_added
02-27 15:25:52.361  4609  2857 E MtpServerJNI: server is null in send_object_added
02-27 15:25:52.361  4609  2857 E MtpServerJNI: server is null in send_object_added
02-27 15:25:52.361  4609  2857 E MtpServerJNI: server is null in send_object_added
02-27 15:25:52.361  4609  2857 E MtpServerJNI: server is null in send_object_added
02-27 15:25:52.361  4609  2857 E MtpServerJNI: server is null in send_object_added
02-27 15:25:52.361  4609  2857 E MtpServerJNI: server is null in send_object_added
02-27 15:25:52.361  4609  2857 E MtpServerJNI: server is null in send_object_added
02-27 15:25:52.361  4609  2857 E MtpServerJNI: server is null in send_object_added
02-27 15:25:52.361  4609  2857 E MtpServerJNI: server is null in send_object_added
02-27 15:25:52.361  4609  2857 E MtpServerJNI: server is null in send_object_added
02-27 15:25:52.361  4609  2857 E MtpServerJNI: server is null in send_object_added
02-27 15:25:52.361  4609  2857 E MtpServerJNI: server is null in send_object_added
02-27 15:25:52.361  4609  2857 E MtpServerJNI: server is null in send_object_added
02-27 15:25:52.361  4609  2857 E MtpServerJNI: server is null in send_object_added
02-27 15:25:52.401  4609  2857 D MediaProvider: bulkInsert started
02-27 15:25:52.491  3036  3207 I SurfaceFlinger: id=240 Removed TcreenshotS (8/12)
02-27 15:25:52.491  3036  3205 I SurfaceFlinger: id=242 Removed ClackSurfac (8/11)
02-27 15:25:52.491  3036  3648 I SurfaceFlinger: id=240 Removed TcreenshotS (-2/11)
02-27 15:25:52.491  3036  4721 I SurfaceFlinger: id=242 Removed ClackSurfac (-2/11)
02-27 15:25:52.491  3036  3207 I SurfaceFlinger: id=243 Removed ClackSurfac (8/10)
02-27 15:25:52.491  3036  3648 I SurfaceFlinger: id=243 Removed ClackSurfac (-2/10)
02-27 15:25:52.491  3036  3648 I SurfaceFlinger: id=244 Removed ClackSurfac (8/9)
02-27 15:25:52.491  3036  4721 I SurfaceFlinger: id=244 Removed ClackSurfac (-2/9)
02-27 15:25:52.491  3036  4721 I SurfaceFlinger: id=245 Removed ClackSurfac (8/8)
02-27 15:25:52.491  3036  3036 D libEGL  : eglTerminate EGLDisplay = 0x7fc50173d8
02-27 15:25:52.491  3036  3648 I SurfaceFlinger: id=245 Removed ClackSurfac (-2/8)
02-27 15:25:52.491  3509  3619 V WindowOrientationListener: OrientationSensorJudge.getProposedRotation, Rotation: -1
02-27 15:25:52.491  3509  3619 V WindowManager: rotationForOrientationLw(orient=1, last=0); user=1  sensorRotation=-1 mLidState=-1 mDockMode=0 mHdmiPlugged=false mMobileKeyboardEnabled=false displayId=0
02-27 15:25:52.491  3509  3619 V WindowOrientationListener: OrientationSensorJudge.getProposedRotation, Rotation: -1
02-27 15:25:52.511  4609  2857 D MediaProvider: bulkInsert finished
02-27 15:25:52.511  4609  2857 E MtpServerJNI: server is null in send_object_added
02-27 15:25:52.511  4609  2857 E MtpServerJNI: server is null in send_object_added
02-27 15:25:52.511  4609  2857 E MtpServerJNI: server is null in send_object_added
02-27 15:25:52.511  4609  2857 E MtpServerJNI: server is null in send_object_added
02-27 15:25:52.511  4609  2857 E MtpServerJNI: server is null in send_object_added
02-27 15:25:52.511  4609  2857 E MtpServerJNI: server is null in send_object_added
02-27 15:25:52.511  4609  2857 E MtpServerJNI: server is null in send_object_added
02-27 15:25:52.511  4609  2857 E MtpServerJNI: server is null in send_object_added
02-27 15:25:52.511  4609  2857 E MtpServerJNI: server is null in send_object_added
02-27 15:25:52.511  4609  2857 E MtpServerJNI: server is null in send_object_added
02-27 15:25:52.511  4609  2857 E MtpServerJNI: server is null in send_object_added
02-27 15:25:52.511  4609  2857 E MtpServerJNI: server is null in send_object_added
02-27 15:25:52.511  4609  2857 E MtpServerJNI: server is null in send_object_added
02-27 15:25:52.511  4609  2857 E MtpServerJNI: server is null in send_object_added
02-27 15:25:52.511  4609  2857 E MtpServerJNI: server is null in send_object_added
02-27 15:25:52.511  4609  2857 E MtpServerJNI: server is null in send_object_added
02-27 15:25:52.511  4609  2857 E MtpServerJNI: server is null in send_object_added
02-27 15:25:52.511  4609  2857 E MtpServerJNI: server is null in send_object_added
02-27 15:25:52.511  4609  2857 E MtpServerJNI: server is null in send_object_added
02-27 15:25:52.511  4609  2857 E MtpServerJNI: server is null in send_object_added
02-27 15:25:52.511  4609  2857 E MtpServerJNI: server is null in send_object_added
02-27 15:25:52.511  4609  2857 E MtpServerJNI: server is null in send_object_added
02-27 15:25:52.511  4609  2857 E MtpServerJNI: server is null in send_object_added
02-27 15:25:52.511  4609  2857 E MtpServerJNI: server is null in send_object_added
02-27 15:25:52.511  4609  2857 E MtpServerJNI: server is null in send_object_added
02-27 15:25:52.511  4609  2857 E MtpServerJNI: server is null in send_object_added
02-27 15:25:52.511  4609  2857 E MtpServerJNI: server is null in send_object_added
02-27 15:25:52.511  4609  2857 E MtpServerJNI: server is null in send_object_added
02-27 15:25:52.511  4609  2857 E MtpServerJNI: server is null in send_object_added
02-27 15:25:52.511  4609  2857 E MtpServerJNI: server is null in send_object_added
02-27 15:25:52.511  4609  2857 E MtpServerJNI: server is null in send_object_added
02-27 15:25:52.511  4609  2857 E MtpServerJNI: server is null in send_object_added
02-27 15:25:52.511  4609  2857 E MtpServerJNI: server is null in send_object_added
02-27 15:25:52.511  4609  2857 E MtpServerJNI: server is null in send_object_added
02-27 15:25:52.511  4609  2857 E MtpServerJNI: server is null in send_object_added
02-27 15:25:52.511  4609  2857 E MtpServerJNI: server is null in send_object_added
02-27 15:25:52.511  4609  2857 E MtpServerJNI: server is null in send_object_added
02-27 15:25:52.511  4609  2857 E MtpServerJNI: server is null in send_object_added
02-27 15:25:52.511  4609  2857 E MtpServerJNI: server is null in send_object_added
02-27 15:25:52.511  4609  2857 E MtpServerJNI: server is null in send_object_added
02-27 15:25:52.511  4609  2857 E MtpServerJNI: server is null in send_object_added
02-27 15:25:52.511  4609  2857 E MtpServerJNI: server is null in send_object_added
02-27 15:25:52.511  4609  2857 E MtpServerJNI: server is null in send_object_added
02-27 15:25:52.511  4609  2857 E MtpServerJNI: server is null in send_object_added
02-27 15:25:52.511  4609  2857 E MtpServerJNI: server is null in send_object_added
02-27 15:25:52.511  4609  2857 E MtpServerJNI: server is null in send_object_added
02-27 15:25:52.511  4609  2857 E MtpServerJNI: server is null in send_object_added
02-27 15:25:52.511  4609  2857 E MtpServerJNI: server is null in send_object_added
02-27 15:25:52.511  4609  2857 E MtpServerJNI: server is null in send_object_added
02-27 15:25:52.511  4609  2857 E MtpServerJNI: server is null in send_object_added
02-27 15:25:52.511  4609  2857 E MtpServerJNI: server is null in send_object_added
02-27 15:25:52.511  4609  2857 E MtpServerJNI: server is null in send_object_added
02-27 15:25:52.511  4609  2857 E MtpServerJNI: server is null in send_object_added
02-27 15:25:52.521  4609  2857 E MtpServerJNI: server is null in send_object_added
02-27 15:25:52.521  4609  2857 E MtpServerJNI: server is null in send_object_added
02-27 15:25:52.521  4609  2857 E MtpServerJNI: server is null in send_object_added
02-27 15:25:52.521  4609  2857 E MtpServerJNI: server is null in send_object_added
02-27 15:25:52.521  4609  2857 E MtpServerJNI: server is null in send_object_added
02-27 15:25:52.521  4609  2857 E MtpServerJNI: server is null in send_object_added
02-27 15:25:52.521  4609  2857 E MtpServerJNI: server is null in send_object_added
02-27 15:25:52.521  4609  2857 E MtpServerJNI: server is null in send_object_added
02-27 15:25:52.521  4609  2857 E MtpServerJNI: server is null in send_object_added
02-27 15:25:52.521  4609  2857 E MtpServerJNI: server is null in send_object_added
02-27 15:25:52.521  4609  2857 E MtpServerJNI: server is null in send_object_added
02-27 15:25:52.521  4609  2857 E MtpServerJNI: server is null in send_object_added
02-27 15:25:52.521  4609  2857 E MtpServerJNI: server is null in send_object_added
02-27 15:25:52.521  4609  2857 E MtpServerJNI: server is null in send_object_added
02-27 15:25:52.521  4609  2857 E MtpServerJNI: server is null in send_object_added
02-27 15:25:52.521  4609  2857 E MtpServerJNI: server is null in send_object_added
02-27 15:25:52.521  4609  2857 E MtpServerJNI: server is null in send_object_added
02-27 15:25:52.521  4609  2857 E MtpServerJNI: server is null in send_object_added
02-27 15:25:52.521  4609  2857 E MtpServerJNI: server is null in send_object_added
02-27 15:25:52.521  4609  2857 E MtpServerJNI: server is null in send_object_added
02-27 15:25:52.521  4609  2857 E MtpServerJNI: server is null in send_object_added
02-27 15:25:52.521  4609  2857 E MtpServerJNI: server is null in send_object_added
02-27 15:25:52.521  4609  2857 E MtpServerJNI: server is null in send_object_added
02-27 15:25:52.521  4609  2857 E MtpServerJNI: server is null in send_object_added
02-27 15:25:52.521  4609  2857 E MtpServerJNI: server is null in send_object_added
02-27 15:25:52.521  4609  2857 E MtpServerJNI: server is null in send_object_added
02-27 15:25:52.521  4609  2857 E MtpServerJNI: server is null in send_object_added
02-27 15:25:52.521  4609  2857 E MtpServerJNI: server is null in send_object_added
02-27 15:25:52.521  4609  2857 E MtpServerJNI: server is null in send_object_added
02-27 15:25:52.521  4609  2857 E MtpServerJNI: server is null in send_object_added
02-27 15:25:52.521  4609  2857 E MtpServerJNI: server is null in send_object_added
02-27 15:25:52.521  4609  2857 E MtpServerJNI: server is null in send_object_added
02-27 15:25:52.521  4609  2857 E MtpServerJNI: server is null in send_object_added
02-27 15:25:52.521  4609  2857 E MtpServerJNI: server is null in send_object_added
02-27 15:25:52.521  4609  2857 E MtpServerJNI: server is null in send_object_added
02-27 15:25:52.521  4609  2857 E MtpServerJNI: server is null in send_object_added
02-27 15:25:52.521  4609  2857 E MtpServerJNI: server is null in send_object_added
02-27 15:25:52.521  4609  2857 E MtpServerJNI: server is null in send_object_added
02-27 15:25:52.521  4609  2857 E MtpServerJNI: server is null in send_object_added
02-27 15:25:52.521  4609  2857 E MtpServerJNI: server is null in send_object_added
02-27 15:25:52.521  4609  2857 E MtpServerJNI: server is null in send_object_added
02-27 15:25:52.521  4609  2857 E MtpServerJNI: server is null in send_object_added
02-27 15:25:52.521  4609  2857 E MtpServerJNI: server is null in send_object_added
02-27 15:25:52.521  4609  2857 E MtpServerJNI: server is null in send_object_added
02-27 15:25:52.521  4609  2857 E MtpServerJNI: server is null in send_object_added
02-27 15:25:52.521  4609  2857 E MtpServerJNI: server is null in send_object_added
02-27 15:25:52.521  4609  2857 E MtpServerJNI: server is null in send_object_added
02-27 15:25:52.551  4609  2857 D MediaProvider: bulkInsert started
02-27 15:25:52.651  4609  2857 D MediaProvider: bulkInsert finished
02-27 15:25:52.651  4609  2857 E MtpServerJNI: server is null in send_object_added
02-27 15:25:52.651  4609  2857 E MtpServerJNI: server is null in send_object_added
02-27 15:25:52.651  4609  2857 E MtpServerJNI: server is null in send_object_added
02-27 15:25:52.651  4609  2857 E MtpServerJNI: server is null in send_object_added
02-27 15:25:52.651  4609  2857 E MtpServerJNI: server is null in send_object_added
02-27 15:25:52.651  4609  2857 E MtpServerJNI: server is null in send_object_added
02-27 15:25:52.651  4609  2857 E MtpServerJNI: server is null in send_object_added
02-27 15:25:52.651  4609  2857 E MtpServerJNI: server is null in send_object_added
02-27 15:25:52.651  4609  2857 E MtpServerJNI: server is null in send_object_added
02-27 15:25:52.651  4609  2857 E MtpServerJNI: server is null in send_object_added
02-27 15:25:52.651  4609  2857 E MtpServerJNI: server is null in send_object_added
02-27 15:25:52.651  4609  2857 E MtpServerJNI: server is null in send_object_added
02-27 15:25:52.651  4609  2857 E MtpServerJNI: server is null in send_object_added
02-27 15:25:52.651  4609  2857 E MtpServerJNI: server is null in send_object_added
02-27 15:25:52.651  4609  2857 E MtpServerJNI: server is null in send_object_added
02-27 15:25:52.651  4609  2857 E MtpServerJNI: server is null in send_object_added
02-27 15:25:52.651  4609  2857 E MtpServerJNI: server is null in send_object_added
02-27 15:25:52.651  4609  2857 E MtpServerJNI: server is null in send_object_added
02-27 15:25:52.651  4609  2857 E MtpServerJNI: server is null in send_object_added
02-27 15:25:52.651  4609  2857 E MtpServerJNI: server is null in send_object_added
02-27 15:25:52.651  4609  2857 E MtpServerJNI: server is null in send_object_added
02-27 15:25:52.651  4609  2857 E MtpServerJNI: server is null in send_object_added
02-27 15:25:52.651  4609  2857 E MtpServerJNI: server is null in send_object_added
02-27 15:25:52.651  4609  2857 E MtpServerJNI: server is null in send_object_added
02-27 15:25:52.651  4609  2857 E MtpServerJNI: server is null in send_object_added
02-27 15:25:52.651  4609  2857 E MtpServerJNI: server is null in send_object_added
02-27 15:25:52.651  4609  2857 E MtpServerJNI: server is null in send_object_added
02-27 15:25:52.651  4609  2857 E MtpServerJNI: server is null in send_object_added
02-27 15:25:52.651  4609  2857 E MtpServerJNI: server is null in send_object_added
02-27 15:25:52.651  4609  2857 E MtpServerJNI: server is null in send_object_added
02-27 15:25:52.651  4609  2857 E MtpServerJNI: server is null in send_object_added
02-27 15:25:52.651  4609  2857 E MtpServerJNI: server is null in send_object_added
02-27 15:25:52.651  4609  2857 E MtpServerJNI: server is null in send_object_added
02-27 15:25:52.651  4609  2857 E MtpServerJNI: server is null in send_object_added
02-27 15:25:52.651  4609  2857 E MtpServerJNI: server is null in send_object_added
02-27 15:25:52.651  4609  2857 E MtpServerJNI: server is null in send_object_added
02-27 15:25:52.651  4609  2857 E MtpServerJNI: server is null in send_object_added
02-27 15:25:52.651  4609  2857 E MtpServerJNI: server is null in send_object_added
02-27 15:25:52.651  4609  2857 E MtpServerJNI: server is null in send_object_added
02-27 15:25:52.651  4609  2857 E MtpServerJNI: server is null in send_object_added
02-27 15:25:52.651  4609  2857 E MtpServerJNI: server is null in send_object_added
02-27 15:25:52.651  4609  2857 E MtpServerJNI: server is null in send_object_added
02-27 15:25:52.651  4609  2857 E MtpServerJNI: server is null in send_object_added
02-27 15:25:52.651  4609  2857 E MtpServerJNI: server is null in send_object_added
02-27 15:25:52.651  4609  2857 E MtpServerJNI: server is null in send_object_added
02-27 15:25:52.651  4609  2857 E MtpServerJNI: server is null in send_object_added
02-27 15:25:52.651  4609  2857 E MtpServerJNI: server is null in send_object_added
02-27 15:25:52.651  4609  2857 E MtpServerJNI: server is null in send_object_added
02-27 15:25:52.651  4609  2857 E MtpServerJNI: server is null in send_object_added
02-27 15:25:52.651  4609  2857 E MtpServerJNI: server is null in send_object_added
02-27 15:25:52.651  4609  2857 E MtpServerJNI: server is null in send_object_added
02-27 15:25:52.651  4609  2857 E MtpServerJNI: server is null in send_object_added
02-27 15:25:52.651  4609  2857 E MtpServerJNI: server is null in send_object_added
02-27 15:25:52.651  4609  2857 E MtpServerJNI: server is null in send_object_added
02-27 15:25:52.651  4609  2857 E MtpServerJNI: server is null in send_object_added
02-27 15:25:52.651  4609  2857 E MtpServerJNI: server is null in send_object_added
02-27 15:25:52.651  4609  2857 E MtpServerJNI: server is null in send_object_added
02-27 15:25:52.651  4609  2857 E MtpServerJNI: server is null in send_object_added
02-27 15:25:52.651  4609  2857 E MtpServerJNI: server is null in send_object_added
02-27 15:25:52.651  4609  2857 E MtpServerJNI: server is null in send_object_added
02-27 15:25:52.651  4609  2857 E MtpServerJNI: server is null in send_object_added
02-27 15:25:52.651  4609  2857 E MtpServerJNI: server is null in send_object_added
02-27 15:25:52.651  4609  2857 E MtpServerJNI: server is null in send_object_added
02-27 15:25:52.651  4609  2857 E MtpServerJNI: server is null in send_object_added
02-27 15:25:52.651  4609  2857 E MtpServerJNI: server is null in send_object_added
02-27 15:25:52.651  4609  2857 E MtpServerJNI: server is null in send_object_added
02-27 15:25:52.651  4609  2857 E MtpServerJNI: server is null in send_object_added
02-27 15:25:52.651  4609  2857 E MtpServerJNI: server is null in send_object_added
02-27 15:25:52.651  4609  2857 E MtpServerJNI: server is null in send_object_added
02-27 15:25:52.651  4609  2857 E MtpServerJNI: server is null in send_object_added
02-27 15:25:52.651  4609  2857 E MtpServerJNI: server is null in send_object_added
02-27 15:25:52.651  4609  2857 E MtpServerJNI: server is null in send_object_added
02-27 15:25:52.651  4609  2857 E MtpServerJNI: server is null in send_object_added
02-27 15:25:52.651  4609  2857 E MtpServerJNI: server is null in send_object_added
02-27 15:25:52.651  4609  2857 E MtpServerJNI: server is null in send_object_added
